Running 30 households, 10 workers -> /Users/summerscholl/Documents/Andraz/Energy_Community/Results/Horizon_Comparison
  [6] day_block         108.51 EUR  (   366 solves,    23.7 s)
  [5] day_block        -370.31 EUR  (   366 solves,    23.7 s)
  [3] day_block        -457.65 EUR  (   366 solves,    23.8 s)
  [2] day_block        -369.77 EUR  (   366 solves,    23.9 s)
  [4] day_block        -226.78 EUR  (   366 solves,    23.9 s)
  [8] day_block         -75.36 EUR  (   366 solves,    23.9 s)
  [10] day_block        -285.95 EUR  (   366 solves,    24.0 s)
  [7] day_block        -357.07 EUR  (   366 solves,    23.9 s)
  [9] day_block        -315.78 EUR  (   366 solves,    24.0 s)
  [1] day_block        -235.49 EUR  (   366 solves,    24.0 s)
  [6] day_receding       24.50 EUR  ( 35135 solves,  1983.4 s)
  [4] day_receding     -292.69 EUR  ( 35135 solves,  1999.3 s)
  [6] week_block         28.52 EUR  (    53 solves,    19.4 s)
  [5] day_receding     -446.08 EUR  ( 35135 solves,  2006.0 s)
  [2] day_receding     -440.05 EUR  ( 35135 solves,  2009.9 s)
  [1] day_receding     -307.32 EUR  ( 35135 solves,  2012.9 s)
  [7] day_receding     -423.22 EUR  ( 35135 solves,  2013.7 s)
  [3] day_receding     -521.35 EUR  ( 35135 solves,  2014.1 s)
  [9] day_receding     -386.33 EUR  ( 35135 solves,  2014.0 s)
  [10] day_receding     -357.91 EUR  ( 35135 solves,  2014.3 s)
  [8] day_receding     -142.71 EUR  ( 35135 solves,  2017.0 s)
  [4] week_block       -313.63 EUR  (    53 solves,    19.2 s)
  [5] week_block       -456.75 EUR  (    53 solves,    19.1 s)
  [2] week_block       -457.42 EUR  (    53 solves,    19.1 s)
  [1] week_block       -317.51 EUR  (    53 solves,    19.0 s)
  [3] week_block       -544.32 EUR  (    53 solves,    18.7 s)
  [7] week_block       -444.43 EUR  (    53 solves,    19.2 s)
  [9] week_block       -401.19 EUR  (    53 solves,    19.0 s)
  [10] week_block       -369.42 EUR  (    53 solves,    19.2 s)
  [8] week_block       -156.40 EUR  (    53 solves,    19.4 s)
  [2] week_receding    -462.43 EUR  ( 35135 solves, 10886.2 s)
  [2] month_block      -483.49 EUR  (    12 solves,    25.9 s)
  [3] week_receding    -549.15 EUR  ( 35135 solves, 10947.6 s)
  [4] week_receding    -319.02 EUR  ( 35135 solves, 10975.3 s)
  [3] month_block      -575.49 EUR  (    12 solves,    26.9 s)
  [4] month_block      -347.25 EUR  (    12 solves,    38.8 s)
  [7] week_receding    -448.94 EUR  ( 35135 solves, 11005.8 s)
  [2] full_period      -498.68 EUR  (     1 solves,   103.9 s)
done -> /Users/summerscholl/Documents/Andraz/Energy_Community/Results/Horizon_Comparison/user_002.csv (6 strategies)
  [1] week_receding    -322.12 EUR  ( 35135 solves, 11025.8 s)
  [7] month_block      -474.42 EUR  (    12 solves,    28.4 s)
  [11] day_block        -254.66 EUR  (   366 solves,    23.0 s)
  [6] week_receding      20.35 EUR  ( 35135 solves, 11067.6 s)
  [5] week_receding    -463.05 EUR  ( 35135 solves, 11053.6 s)
  [1] month_block      -333.63 EUR  (    12 solves,    29.0 s)
  [6] month_block        22.49 EUR  (    12 solves,    29.1 s)
  [5] month_block      -474.60 EUR  (    12 solves,    28.0 s)
  [4] full_period      -364.78 EUR  (     1 solves,    78.7 s)
done -> /Users/summerscholl/Documents/Andraz/Energy_Community/Results/Horizon_Comparison/user_004.csv (6 strategies)
  [3] full_period      -591.52 EUR  (     1 solves,   104.3 s)
done -> /Users/summerscholl/Documents/Andraz/Energy_Community/Results/Horizon_Comparison/user_003.csv (6 strategies)
  [12] day_block        -417.85 EUR  (   366 solves,    23.2 s)
  [13] day_block        -216.60 EUR  (   366 solves,    23.3 s)
  [7] full_period      -490.69 EUR  (     1 solves,   103.5 s)
done -> /Users/summerscholl/Documents/Andraz/Energy_Community/Results/Horizon_Comparison/user_007.csv (6 strategies)
  [1] full_period      -348.03 EUR  (     1 solves,    99.3 s)
done -> /Users/summerscholl/Documents/Andraz/Energy_Community/Results/Horizon_Comparison/user_001.csv (6 strategies)
  [14] day_block         -34.94 EUR  (   366 solves,    22.9 s)
  [10] week_receding    -375.18 EUR  ( 35135 solves, 11164.3 s)
  [6] full_period        16.46 EUR  (     1 solves,   111.2 s)
done -> /Users/summerscholl/Documents/Andraz/Energy_Community/Results/Horizon_Comparison/user_006.csv (6 strategies)
  [15] day_block        -254.64 EUR  (   366 solves,    22.7 s)
  [5] full_period      -489.56 EUR  (     1 solves,   106.7 s)
done -> /Users/summerscholl/Documents/Andraz/Energy_Community/Results/Horizon_Comparison/user_005.csv (6 strategies)
  [9] week_receding    -407.18 EUR  ( 35135 solves, 11186.2 s)
  [10] month_block      -392.77 EUR  (    12 solves,    27.4 s)
  [16] day_block         -33.68 EUR  (   366 solves,    22.5 s)
  [17] day_block        -450.97 EUR  (   366 solves,    22.3 s)
  [9] month_block      -428.55 EUR  (    12 solves,    27.1 s)
  [10] full_period      -407.97 EUR  (     1 solves,   103.3 s)
done -> /Users/summerscholl/Documents/Andraz/Energy_Community/Results/Horizon_Comparison/user_010.csv (6 strategies)
  [9] full_period      -443.54 EUR  (     1 solves,    98.6 s)
done -> /Users/summerscholl/Documents/Andraz/Energy_Community/Results/Horizon_Comparison/user_009.csv (6 strategies)
  [18] day_block        -366.37 EUR  (   366 solves,    22.3 s)
  [19] day_block        -337.28 EUR  (   366 solves,    22.2 s)
  [8] week_receding    -162.56 EUR  ( 35135 solves, 11332.6 s)
  [8] month_block      -185.71 EUR  (    12 solves,    27.4 s)
  [8] full_period      -202.07 EUR  (     1 solves,    76.5 s)
done -> /Users/summerscholl/Documents/Andraz/Energy_Community/Results/Horizon_Comparison/user_008.csv (6 strategies)
  [20] day_block        -255.99 EUR  (   366 solves,    22.5 s)
  [11] day_receding     -321.20 EUR  ( 35135 solves,  1999.7 s)
  [11] week_block       -341.85 EUR  (    53 solves,    19.3 s)
  [12] day_receding     -487.77 EUR  ( 35135 solves,  2009.5 s)
  [13] day_receding     -283.85 EUR  ( 35135 solves,  2014.7 s)
  [12] week_block       -503.70 EUR  (    53 solves,    19.2 s)
  [13] week_block       -298.14 EUR  (    53 solves,    19.5 s)
  [14] day_receding      -96.23 EUR  ( 35135 solves,  2024.6 s)
  [15] day_receding     -323.64 EUR  ( 35135 solves,  2022.4 s)
  [14] week_block       -123.36 EUR  (    53 solves,    19.7 s)
  [17] day_receding     -521.10 EUR  ( 35135 solves,  2014.0 s)
  [15] week_block       -337.66 EUR  (    53 solves,    19.4 s)
  [16] day_receding     -100.32 EUR  ( 35135 solves,  2022.2 s)
  [17] week_block       -538.49 EUR  (    53 solves,    18.2 s)
  [16] week_block       -119.24 EUR  (    53 solves,    19.6 s)
  [18] day_receding     -432.98 EUR  ( 35135 solves,  2011.9 s)
  [19] day_receding     -405.32 EUR  ( 35135 solves,  2001.6 s)
  [18] week_block       -451.73 EUR  (    53 solves,    18.2 s)
  [19] week_block       -423.44 EUR  (    53 solves,    19.2 s)
  [20] day_receding     -323.21 EUR  ( 35135 solves,  2003.1 s)
  [20] week_block       -343.43 EUR  (    53 solves,    19.0 s)
  [17] week_receding    -542.93 EUR  ( 35135 solves, 10653.3 s)
  [17] month_block      -560.30 EUR  (    12 solves,    26.9 s)
  [17] full_period      -574.50 EUR  (     1 solves,   102.2 s)
done -> /Users/summerscholl/Documents/Andraz/Energy_Community/Results/Horizon_Comparison/user_017.csv (6 strategies)
  [21] day_block        -404.50 EUR  (   366 solves,    22.2 s)
  [11] week_receding    -348.19 EUR  ( 35135 solves, 10992.5 s)
  [11] month_block      -375.05 EUR  (    12 solves,    29.1 s)
  [11] full_period      -393.83 EUR  (     1 solves,    81.1 s)
done -> /Users/summerscholl/Documents/Andraz/Energy_Community/Results/Horizon_Comparison/user_011.csv (6 strategies)
  [18] week_receding    -456.92 EUR  ( 35135 solves, 10827.6 s)
  [22] day_block        -277.21 EUR  (   366 solves,    22.2 s)
  [18] month_block      -481.04 EUR  (    12 solves,    26.7 s)
  [18] full_period      -497.78 EUR  (     1 solves,    95.3 s)
done -> /Users/summerscholl/Documents/Andraz/Energy_Community/Results/Horizon_Comparison/user_018.csv (6 strategies)
  [23] day_block        -150.15 EUR  (   366 solves,    22.4 s)
  [12] week_receding    -509.03 EUR  ( 35135 solves, 11199.8 s)
  [19] week_receding    -429.39 EUR  ( 35135 solves, 10996.8 s)
  [12] month_block      -528.47 EUR  (    12 solves,    26.7 s)
  [19] month_block      -454.64 EUR  (    12 solves,    35.6 s)
  [13] week_receding    -303.43 EUR  ( 35135 solves, 11254.7 s)
  [13] month_block      -323.45 EUR  (    12 solves,    27.3 s)
  [14] week_receding    -125.99 EUR  ( 35135 solves, 11220.1 s)
  [15] week_receding    -343.51 EUR  ( 35135 solves, 11233.0 s)
  [12] full_period      -543.93 EUR  (     1 solves,   107.0 s)
done -> /Users/summerscholl/Documents/Andraz/Energy_Community/Results/Horizon_Comparison/user_012.csv (6 strategies)
  [19] full_period      -471.83 EUR  (     1 solves,    80.1 s)
done -> /Users/summerscholl/Documents/Andraz/Energy_Community/Results/Horizon_Comparison/user_019.csv (6 strategies)
  [14] month_block      -159.69 EUR  (    12 solves,    49.7 s)
  [15] month_block      -364.14 EUR  (    12 solves,    27.7 s)
  [24] day_block        -223.45 EUR  (   366 solves,    22.9 s)
  [25] day_block        -307.82 EUR  (   366 solves,    22.9 s)
  [13] full_period      -338.21 EUR  (     1 solves,    93.6 s)
done -> /Users/summerscholl/Documents/Andraz/Energy_Community/Results/Horizon_Comparison/user_013.csv (6 strategies)
  [14] full_period      -178.78 EUR  (     1 solves,    60.1 s)
done -> /Users/summerscholl/Documents/Andraz/Energy_Community/Results/Horizon_Comparison/user_014.csv (6 strategies)
  [26] day_block        -291.54 EUR  (   366 solves,    22.6 s)
  [16] week_receding    -122.72 EUR  ( 35135 solves, 11307.1 s)
  [27] day_block        -209.26 EUR  (   366 solves,    22.9 s)
  [15] full_period      -379.65 EUR  (     1 solves,    95.9 s)
done -> /Users/summerscholl/Documents/Andraz/Energy_Community/Results/Horizon_Comparison/user_015.csv (6 strategies)
  [16] month_block      -144.44 EUR  (    12 solves,    25.9 s)
  [28] day_block        -291.57 EUR  (   366 solves,    22.8 s)
  [20] week_receding    -349.66 EUR  ( 35135 solves, 11153.4 s)
  [20] month_block      -376.92 EUR  (    12 solves,    33.2 s)
  [16] full_period      -161.64 EUR  (     1 solves,    97.0 s)
done -> /Users/summerscholl/Documents/Andraz/Energy_Community/Results/Horizon_Comparison/user_016.csv (6 strategies)
  [29] day_block        -114.27 EUR  (   366 solves,    23.1 s)
  [20] full_period      -395.13 EUR  (     1 solves,    81.5 s)
done -> /Users/summerscholl/Documents/Andraz/Energy_Community/Results/Horizon_Comparison/user_020.csv (6 strategies)
  [30] day_block         -24.18 EUR  (   366 solves,    22.7 s)
  [21] day_receding     -469.95 EUR  ( 35135 solves,  2002.6 s)
  [21] week_block       -492.02 EUR  (    53 solves,    19.4 s)
  [22] day_receding     -351.33 EUR  ( 35135 solves,  2006.2 s)
  [22] week_block       -364.74 EUR  (    53 solves,    19.2 s)
  [23] day_receding     -224.70 EUR  ( 35135 solves,  2031.7 s)
  [23] week_block       -232.26 EUR  (    53 solves,    19.9 s)
  [25] day_receding     -382.04 EUR  ( 35135 solves,  2028.9 s)
  [24] day_receding     -293.34 EUR  ( 35135 solves,  2038.6 s)
  [26] day_receding     -378.42 EUR  ( 35135 solves,  1999.7 s)
  [25] week_block       -391.89 EUR  (    53 solves,    19.2 s)
  [24] week_block       -309.87 EUR  (    53 solves,    19.3 s)
  [26] week_block       -378.79 EUR  (    53 solves,    18.8 s)
  [27] day_receding     -279.10 EUR  ( 35135 solves,  2037.2 s)
  [27] week_block       -294.37 EUR  (    53 solves,    19.3 s)
  [28] day_receding     -364.36 EUR  ( 35135 solves,  2030.1 s)
  [28] week_block       -375.05 EUR  (    53 solves,    19.2 s)
  [29] day_receding     -191.28 EUR  ( 35135 solves,  2032.9 s)
  [29] week_block       -197.68 EUR  (    53 solves,    19.8 s)
  [30] day_receding     -100.43 EUR  ( 35135 solves,  2025.3 s)
  [30] week_block       -105.72 EUR  (    53 solves,    19.8 s)
  [21] week_receding    -498.37 EUR  ( 35135 solves, 10940.6 s)
  [21] month_block      -526.30 EUR  (    12 solves,    29.8 s)
  [21] full_period      -543.67 EUR  (     1 solves,   101.9 s)
done -> /Users/summerscholl/Documents/Andraz/Energy_Community/Results/Horizon_Comparison/user_021.csv (6 strategies)
  [26] week_receding    -386.36 EUR  ( 35135 solves, 10835.5 s)
  [26] month_block      -384.24 EUR  (    12 solves,    25.2 s)
  [22] week_receding    -371.04 EUR  ( 35135 solves, 11287.0 s)
  [22] month_block      -386.07 EUR  (    12 solves,    27.1 s)
  [26] full_period      -391.81 EUR  (     1 solves,   110.0 s)
done -> /Users/summerscholl/Documents/Andraz/Energy_Community/Results/Horizon_Comparison/user_026.csv (6 strategies)
  [22] full_period      -401.63 EUR  (     1 solves,    92.4 s)
done -> /Users/summerscholl/Documents/Andraz/Energy_Community/Results/Horizon_Comparison/user_022.csv (6 strategies)
  [25] week_receding    -395.98 EUR  ( 35135 solves, 11225.8 s)
  [28] week_receding    -380.64 EUR  ( 35135 solves, 11133.6 s)
  [25] month_block      -408.80 EUR  (    12 solves,    26.9 s)
  [28] month_block      -394.90 EUR  (    12 solves,    26.7 s)
  [23] week_receding    -237.93 EUR  ( 35135 solves, 11447.7 s)
  [23] month_block      -251.62 EUR  (    12 solves,    27.4 s)
  [27] week_receding    -299.98 EUR  ( 35135 solves, 11245.5 s)
  [27] month_block      -320.67 EUR  (    12 solves,    34.8 s)
  [25] full_period      -422.90 EUR  (     1 solves,   107.9 s)
done -> /Users/summerscholl/Documents/Andraz/Energy_Community/Results/Horizon_Comparison/user_025.csv (6 strategies)
  [24] week_receding    -316.53 EUR  ( 35135 solves, 11356.5 s)
  [28] full_period      -409.27 EUR  (     1 solves,    98.7 s)
done -> /Users/summerscholl/Documents/Andraz/Energy_Community/Results/Horizon_Comparison/user_028.csv (6 strategies)
  [24] month_block      -338.93 EUR  (    12 solves,    30.2 s)
  [23] full_period      -265.75 EUR  (     1 solves,    90.8 s)
done -> /Users/summerscholl/Documents/Andraz/Energy_Community/Results/Horizon_Comparison/user_023.csv (6 strategies)
  [27] full_period      -336.95 EUR  (     1 solves,    94.3 s)
done -> /Users/summerscholl/Documents/Andraz/Energy_Community/Results/Horizon_Comparison/user_027.csv (6 strategies)
  [24] full_period      -356.64 EUR  (     1 solves,   105.2 s)
done -> /Users/summerscholl/Documents/Andraz/Energy_Community/Results/Horizon_Comparison/user_024.csv (6 strategies)
  [30] week_receding    -111.98 EUR  ( 35135 solves, 11460.3 s)
  [30] month_block      -125.05 EUR  (    12 solves,    25.3 s)
  [30] full_period      -139.21 EUR  (     1 solves,    79.9 s)
done -> /Users/summerscholl/Documents/Andraz/Energy_Community/Results/Horizon_Comparison/user_030.csv (6 strategies)
  [29] week_receding    -204.82 EUR  ( 35135 solves, 11677.5 s)
  [29] month_block      -218.31 EUR  (    12 solves,    26.8 s)
  [29] full_period      -234.51 EUR  (     1 solves,    68.6 s)
done -> /Users/summerscholl/Documents/Andraz/Energy_Community/Results/Horizon_Comparison/user_029.csv (6 strategies)
Batch finished in 11.27 h
