
======================================================================
=== Dataset: Ausgrid 21 ===
======================================================================
Native granularity (30 min): 52608 steps
Training: 35040 steps (730 days)
Simulation: 17520 steps (365 days)
Tariff: AU | import rate -0.0106..0.6508 EUR/kWh
  [checkpoint] already complete under this configuration; skipping

======================================================================
=== Dataset: Ausgrid 21 ===
======================================================================
Native granularity (30 min): 52608 steps
Training: 35040 steps (730 days)
Simulation: 17520 steps (365 days)
Tariff: AU | import rate -0.0106..0.6508 EUR/kWh
  [checkpoint] already complete under this configuration; skipping

======================================================================
=== Dataset: Ausgrid 21 ===
======================================================================
Native granularity (30 min): 52608 steps
Training: 35040 steps (730 days)
Simulation: 17520 steps (365 days)
Tariff: SI | import rate 0.0002..0.2806 EUR/kWh
  [checkpoint] already complete under this configuration; skipping

======================================================================
=== Dataset: Ausgrid 21 ===
======================================================================
Native granularity (30 min): 52608 steps
Training: 35040 steps (730 days)
Simulation: 17520 steps (365 days)
Tariff: SI | import rate 0.0002..0.2806 EUR/kWh
  [checkpoint] already complete under this configuration; skipping

======================================================================
=== Dataset: Ausgrid 21 ===
======================================================================
Native granularity (30 min): 52608 steps
Training: 35040 steps (730 days)
Simulation: 17520 steps (365 days)
Tariff: AU | import rate -0.0106..0.6508 EUR/kWh
  [checkpoint] already complete under this configuration; skipping

======================================================================
=== Dataset: Ausgrid 21 ===
======================================================================
Native granularity (30 min): 52608 steps
Training: 35040 steps (730 days)
Simulation: 17520 steps (365 days)
Tariff: AU | import rate -0.0106..0.6508 EUR/kWh
  [checkpoint] already complete under this configuration; skipping

======================================================================
=== Dataset: Ausgrid 21 ===
======================================================================
Native granularity (30 min): 52608 steps
Training: 35040 steps (730 days)
Simulation: 17520 steps (365 days)
Tariff: SI | import rate 0.0002..0.2806 EUR/kWh
  [checkpoint] already complete under this configuration; skipping

======================================================================
=== Dataset: Ausgrid 21 ===
======================================================================
Native granularity (30 min): 52608 steps
Training: 35040 steps (730 days)
Simulation: 17520 steps (365 days)
Tariff: AU | import rate -0.0106..0.6508 EUR/kWh
  [checkpoint] already complete under this configuration; skipping

======================================================================
=== Dataset: Ausgrid 21 ===
======================================================================
Native granularity (30 min): 52608 steps
Training: 35040 steps (730 days)
Simulation: 17520 steps (365 days)
Tariff: SI | import rate 0.0002..0.2806 EUR/kWh
  [checkpoint] already complete under this configuration; skipping

======================================================================
=== Dataset: Ausgrid 21 ===
======================================================================
Native granularity (30 min): 52608 steps
Training: 35040 steps (730 days)
Simulation: 17520 steps (365 days)
Tariff: AU | import rate -0.0106..0.6508 EUR/kWh
  [checkpoint] already complete under this configuration; skipping

======================================================================
=== Dataset: Ausgrid 21 ===
======================================================================
Native granularity (30 min): 52608 steps
Training: 35040 steps (730 days)
Simulation: 17520 steps (365 days)
Tariff: SI | import rate 0.0002..0.2806 EUR/kWh
  [checkpoint] already complete under this configuration; skipping

======================================================================
=== Dataset: Ausgrid 21 ===
======================================================================
Native granularity (30 min): 52608 steps
Training: 35040 steps (730 days)
Simulation: 17520 steps (365 days)
Tariff: AU | import rate -0.0106..0.6508 EUR/kWh
  [checkpoint] already complete under this configuration; skipping

======================================================================
=== Dataset: Ausgrid 21 ===
======================================================================
Native granularity (30 min): 52608 steps
Training: 35040 steps (730 days)
Simulation: 17520 steps (365 days)
Tariff: SI | import rate 0.0002..0.2806 EUR/kWh
  [checkpoint] already complete under this configuration; skipping

======================================================================
=== Dataset: Ausgrid 21 ===
======================================================================
Native granularity (30 min): 52608 steps
Training: 35040 steps (730 days)
Simulation: 17520 steps (365 days)
Tariff: AU | import rate -0.0106..0.6508 EUR/kWh
  [checkpoint] already complete under this configuration; skipping

======================================================================
=== Dataset: Ausgrid 21 ===
======================================================================
Native granularity (30 min): 52608 steps
Training: 35040 steps (730 days)
Simulation: 17520 steps (365 days)
Tariff: SI | import rate 0.0002..0.2806 EUR/kWh
  [checkpoint] already complete under this configuration; skipping

======================================================================
=== Dataset: Ausgrid 21 ===
======================================================================
Native granularity (30 min): 52608 steps
Training: 35040 steps (730 days)
Simulation: 17520 steps (365 days)
Tariff: AU | import rate -0.0106..0.6508 EUR/kWh
  [checkpoint] already complete under this configuration; skipping

======================================================================
=== Dataset: Ausgrid 21 ===
======================================================================
Native granularity (30 min): 52608 steps
Training: 35040 steps (730 days)
Simulation: 17520 steps (365 days)
Tariff: SI | import rate 0.0002..0.2806 EUR/kWh
  [checkpoint] already complete under this configuration; skipping

======================================================================
=== Dataset: Ausgrid 21 ===
======================================================================
Native granularity (30 min): 52608 steps
Training: 35040 steps (730 days)
Simulation: 17520 steps (365 days)
Tariff: AU | import rate -0.0106..0.6508 EUR/kWh
  [checkpoint] already complete under this configuration; skipping

======================================================================
=== Dataset: Ausgrid 21 ===
======================================================================
Native granularity (30 min): 52608 steps
Training: 35040 steps (730 days)
Simulation: 17520 steps (365 days)
Tariff: SI | import rate 0.0002..0.2806 EUR/kWh
  [checkpoint] already complete under this configuration; skipping

======================================================================
=== Dataset: Ausgrid 21 ===
======================================================================
Native granularity (30 min): 52608 steps
Training: 35040 steps (730 days)
Simulation: 17520 steps (365 days)
Tariff: AU | import rate -0.0106..0.6508 EUR/kWh
  [checkpoint] already complete under this configuration; skipping

======================================================================
=== Dataset: Ausgrid 21 ===
======================================================================
Native granularity (30 min): 52608 steps
Training: 35040 steps (730 days)
Simulation: 17520 steps (365 days)
Tariff: SI | import rate 0.0002..0.2806 EUR/kWh
  [checkpoint] already complete under this configuration; skipping

======================================================================
=== Dataset: Ausgrid 21 ===
======================================================================
Native granularity (30 min): 52608 steps
Training: 35040 steps (730 days)
Simulation: 17520 steps (365 days)
Tariff: AU | import rate -0.0106..0.6508 EUR/kWh
  [checkpoint] already complete under this configuration; skipping

======================================================================
=== Dataset: Ausgrid 21 ===
======================================================================
Native granularity (30 min): 52608 steps
Training: 35040 steps (730 days)
Simulation: 17520 steps (365 days)
Tariff: SI | import rate 0.0002..0.2806 EUR/kWh
  [checkpoint] already complete under this configuration; skipping

======================================================================
=== Dataset: Ausgrid 21 ===
======================================================================
Native granularity (30 min): 52608 steps
Training: 35040 steps (730 days)
Simulation: 17520 steps (365 days)
Tariff: AU | import rate -0.0106..0.6508 EUR/kWh
  [Forecaster] hbd: 17568 rows, fit on 35040 training steps
  [Forecaster] cached 17568 rows -> Ausgrid 21__d62d9491392f.csv.gz

--- Reactive mode (consumption + generation via Prophet) ---
Simulated steps: 17520 | Reopt.: 17520

--- Oracle mode (all real data) + rule-based controllers (AU) ---
  [oracle] cache hit Ausgrid 21__3c15463be5d5 (17520 steps, 8 rules, whole-period solve included) -- nothing re-solved
  no_battery                       1636.31 EUR   EFC    0.0   peak  8.45 kW
  self_consumption                 1572.72 EUR   EFC   29.4   peak  8.07 kW
  fixed_schedule                   1353.68 EUR   EFC  167.7   peak  7.67 kW
  delayed_pv_charge                1572.72 EUR   EFC   29.4   peak  8.07 kW
  price_threshold                  1324.66 EUR   EFC  240.3   peak  7.67 kW
  price_rank_daily                 1321.64 EUR   EFC  243.0   peak  7.64 kW
  tariff_arbitrage                 1365.19 EUR   EFC  266.9   peak  7.36 kW
  price_oracle                     1325.73 EUR   EFC  237.5   peak  7.90 kW
vs no battery 1636.31 vs MPC oracle 1344.74 vs whole-period optimum 1343.63 EUR
Forecast day-ahead nMAE: gen 0.482 | con 0.566 | skill vs seasonal-naive: gen +0.055 con +0.110
                                                   No battery  Perfect foresight Forecast (Prophet)
KPI                                                                                                
Total cost                                            1636.31  1343.94 (-17.9 %)  1420.05 (-13.2 %)
Regret vs perfect foresight (% of no-battery cost)          —      0.00 (+0.0 %)     76.11 (+4.7 %)
Energy bought (kWh)                                    8193.7    8030.3 (-2.0 %)    8665.4 (+5.8 %)
Energy sold (kWh)                                       321.3      9.8 (-97.0 %)    615.8 (+91.7 %)

Results saved to: /Users/summerscholl/Documents/ERK-2026/Yoann/results_local/AU_H24_hbd/Ausgrid 21/

======================================================================
=== Dataset: Ausgrid 21 ===
======================================================================
Native granularity (30 min): 52608 steps
Training: 35040 steps (730 days)
Simulation: 17520 steps (365 days)
Tariff: SI | import rate 0.0002..0.2806 EUR/kWh
  [Forecaster] cache hit Ausgrid 21__d62d9491392f.csv.gz (17568 rows) -- Prophet not fitted

--- Reactive mode (consumption + generation via Prophet) ---
Simulated steps: 17520 | Reopt.: 17520

--- Oracle mode (all real data) + rule-based controllers (SI) ---
  [oracle] cache hit Ausgrid 21__b8db35ffce46 (17520 steps, 10 rules, whole-period solve included) -- nothing re-solved
  no_battery                        693.38 EUR   EFC    0.0   peak  8.45 kW
  self_consumption                  676.43 EUR   EFC   29.4   peak  8.07 kW
  fixed_schedule                    683.17 EUR   EFC  126.3   peak  7.41 kW
  delayed_pv_charge                 676.43 EUR   EFC   29.4   peak  8.07 kW
  price_threshold                   678.82 EUR   EFC   60.1   peak  8.07 kW
  price_rank_daily                  677.65 EUR   EFC   51.1   peak  8.07 kW
  peak_shaving                      677.97 EUR   EFC   29.7   peak  6.95 kW
  self_consumption_peak_shaving     666.20 EUR   EFC   39.8   peak  6.95 kW
  tariff_arbitrage                  673.29 EUR   EFC  230.3   peak  7.54 kW
  price_oracle                      676.84 EUR   EFC   55.1   peak  8.07 kW
vs no battery 693.38 vs MPC oracle 671.02 vs whole-period optimum 666.46 EUR
Forecast day-ahead nMAE: gen 0.482 | con 0.566 | skill vs seasonal-naive: gen +0.055 con +0.110
                                                   No battery Perfect foresight Forecast (Prophet)
KPI                                                                                               
Total cost                                             666.55   643.53 (-3.5 %)    661.86 (-0.7 %)
Regret vs perfect foresight (% of no-battery cost)          —     0.00 (+0.0 %)     18.33 (+2.8 %)
Energy bought (kWh)                                    8193.7   7917.5 (-3.4 %)    8204.1 (+0.1 %)
Energy sold (kWh)                                       321.3    13.7 (-95.7 %)     320.4 (-0.3 %)

Results saved to: /Users/summerscholl/Documents/ERK-2026/Yoann/results_local/SI_H24_hbd/Ausgrid 21/

======================================================================
=== Dataset: Ausgrid 21 ===
======================================================================
Native granularity (30 min): 52608 steps
Training: 35040 steps (730 days)
Simulation: 17520 steps (365 days)
Tariff: AU | import rate -0.0106..0.6508 EUR/kWh
  [Forecaster] hbd_baseline: 17568 rows, fit on 35040 training steps
  [Forecaster] cached 17568 rows -> Ausgrid 21__7c390820d686.csv.gz

--- Reactive mode (consumption + generation via Prophet) ---
Simulated steps: 17520 | Reopt.: 17520

--- Oracle mode (all real data) + rule-based controllers (AU) ---
  [oracle] cache hit Ausgrid 21__3c15463be5d5 (17520 steps, 8 rules, whole-period solve included) -- nothing re-solved
  no_battery                       1636.31 EUR   EFC    0.0   peak  8.45 kW
  self_consumption                 1572.72 EUR   EFC   29.4   peak  8.07 kW
  fixed_schedule                   1353.68 EUR   EFC  167.7   peak  7.67 kW
  delayed_pv_charge                1572.72 EUR   EFC   29.4   peak  8.07 kW
  price_threshold                  1324.66 EUR   EFC  240.3   peak  7.67 kW
  price_rank_daily                 1321.64 EUR   EFC  243.0   peak  7.64 kW
  tariff_arbitrage                 1365.19 EUR   EFC  266.9   peak  7.36 kW
  price_oracle                     1325.73 EUR   EFC  237.5   peak  7.90 kW
vs no battery 1636.31 vs MPC oracle 1344.74 vs whole-period optimum 1343.63 EUR
Forecast day-ahead nMAE: gen 0.567 | con 0.628 | skill vs seasonal-naive: gen -0.112 con +0.013
                                                   No battery  Perfect foresight Forecast (Prophet)
KPI                                                                                                
Total cost                                            1636.31  1343.94 (-17.9 %)  1419.92 (-13.2 %)
Regret vs perfect foresight (% of no-battery cost)          —      0.00 (+0.0 %)     75.98 (+4.6 %)
Energy bought (kWh)                                    8193.7    8030.3 (-2.0 %)    8735.2 (+6.6 %)
Energy sold (kWh)                                       321.3      9.8 (-97.0 %)   678.3 (+111.1 %)

Results saved to: /Users/summerscholl/Documents/ERK-2026/Yoann/results_local/AU_H24_hbd_baseline/Ausgrid 21/

======================================================================
=== Dataset: Ausgrid 21 ===
======================================================================
Native granularity (30 min): 52608 steps
Training: 35040 steps (730 days)
Simulation: 17520 steps (365 days)
Tariff: SI | import rate 0.0002..0.2806 EUR/kWh
  [Forecaster] cache hit Ausgrid 21__7c390820d686.csv.gz (17568 rows) -- Prophet not fitted

--- Reactive mode (consumption + generation via Prophet) ---
Simulated steps: 17520 | Reopt.: 17520

--- Oracle mode (all real data) + rule-based controllers (SI) ---
  [oracle] cache hit Ausgrid 21__b8db35ffce46 (17520 steps, 10 rules, whole-period solve included) -- nothing re-solved
  no_battery                        693.38 EUR   EFC    0.0   peak  8.45 kW
  self_consumption                  676.43 EUR   EFC   29.4   peak  8.07 kW
  fixed_schedule                    683.17 EUR   EFC  126.3   peak  7.41 kW
  delayed_pv_charge                 676.43 EUR   EFC   29.4   peak  8.07 kW
  price_threshold                   678.82 EUR   EFC   60.1   peak  8.07 kW
  price_rank_daily                  677.65 EUR   EFC   51.1   peak  8.07 kW
  peak_shaving                      677.97 EUR   EFC   29.7   peak  6.95 kW
  self_consumption_peak_shaving     666.20 EUR   EFC   39.8   peak  6.95 kW
  tariff_arbitrage                  673.29 EUR   EFC  230.3   peak  7.54 kW
  price_oracle                      676.84 EUR   EFC   55.1   peak  8.07 kW
vs no battery 693.38 vs MPC oracle 671.02 vs whole-period optimum 666.46 EUR
Forecast day-ahead nMAE: gen 0.567 | con 0.628 | skill vs seasonal-naive: gen -0.112 con +0.013
                                                   No battery Perfect foresight Forecast (Prophet)
KPI                                                                                               
Total cost                                             666.55   643.53 (-3.5 %)    662.66 (-0.6 %)
Regret vs perfect foresight (% of no-battery cost)          —     0.00 (+0.0 %)     19.13 (+2.9 %)
Energy bought (kWh)                                    8193.7   7917.5 (-3.4 %)    8215.6 (+0.3 %)
Energy sold (kWh)                                       321.3    13.7 (-95.7 %)     336.9 (+4.9 %)

Results saved to: /Users/summerscholl/Documents/ERK-2026/Yoann/results_local/SI_H24_hbd_baseline/Ausgrid 21/

======================================================================
=== Dataset: Ausgrid 21 ===
======================================================================
Native granularity (30 min): 52608 steps
Training: 35040 steps (730 days)
Simulation: 17520 steps (365 days)
Tariff: AU | import rate -0.0106..0.6508 EUR/kWh
  [Forecaster] hbd_median14: 17568 rows, fit on 35040 training steps
  [Forecaster] cached 17568 rows -> Ausgrid 21__fd41e8dbb4ad.csv.gz

--- Reactive mode (consumption + generation via Prophet) ---
Simulated steps: 17520 | Reopt.: 17520

--- Oracle mode (all real data) + rule-based controllers (AU) ---
  [oracle] cache hit Ausgrid 21__3c15463be5d5 (17520 steps, 8 rules, whole-period solve included) -- nothing re-solved
  no_battery                       1636.31 EUR   EFC    0.0   peak  8.45 kW
  self_consumption                 1572.72 EUR   EFC   29.4   peak  8.07 kW
  fixed_schedule                   1353.68 EUR   EFC  167.7   peak  7.67 kW
  delayed_pv_charge                1572.72 EUR   EFC   29.4   peak  8.07 kW
  price_threshold                  1324.66 EUR   EFC  240.3   peak  7.67 kW
  price_rank_daily                 1321.64 EUR   EFC  243.0   peak  7.64 kW
  tariff_arbitrage                 1365.19 EUR   EFC  266.9   peak  7.36 kW
  price_oracle                     1325.73 EUR   EFC  237.5   peak  7.90 kW
vs no battery 1636.31 vs MPC oracle 1344.74 vs whole-period optimum 1343.63 EUR
Forecast day-ahead nMAE: gen 0.452 | con 0.486 | skill vs seasonal-naive: gen +0.114 con +0.236
                                                   No battery  Perfect foresight Forecast (Prophet)
KPI                                                                                                
Total cost                                            1636.31  1343.94 (-17.9 %)  1421.34 (-13.1 %)
Regret vs perfect foresight (% of no-battery cost)          —      0.00 (+0.0 %)     77.40 (+4.7 %)
Energy bought (kWh)                                    8193.7    8030.3 (-2.0 %)    8424.5 (+2.8 %)
Energy sold (kWh)                                       321.3      9.8 (-97.0 %)    400.8 (+24.8 %)

Results saved to: /Users/summerscholl/Documents/ERK-2026/Yoann/results_local/AU_H24_hbd_median14/Ausgrid 21/

======================================================================
=== Dataset: Ausgrid 21 ===
======================================================================
Native granularity (30 min): 52608 steps
Training: 35040 steps (730 days)
Simulation: 17520 steps (365 days)
Tariff: SI | import rate 0.0002..0.2806 EUR/kWh
  [Forecaster] cache hit Ausgrid 21__fd41e8dbb4ad.csv.gz (17568 rows) -- Prophet not fitted

--- Reactive mode (consumption + generation via Prophet) ---
Simulated steps: 17520 | Reopt.: 17520

--- Oracle mode (all real data) + rule-based controllers (SI) ---
  [oracle] cache hit Ausgrid 21__b8db35ffce46 (17520 steps, 10 rules, whole-period solve included) -- nothing re-solved
  no_battery                        693.38 EUR   EFC    0.0   peak  8.45 kW
  self_consumption                  676.43 EUR   EFC   29.4   peak  8.07 kW
  fixed_schedule                    683.17 EUR   EFC  126.3   peak  7.41 kW
  delayed_pv_charge                 676.43 EUR   EFC   29.4   peak  8.07 kW
  price_threshold                   678.82 EUR   EFC   60.1   peak  8.07 kW
  price_rank_daily                  677.65 EUR   EFC   51.1   peak  8.07 kW
  peak_shaving                      677.97 EUR   EFC   29.7   peak  6.95 kW
  self_consumption_peak_shaving     666.20 EUR   EFC   39.8   peak  6.95 kW
  tariff_arbitrage                  673.29 EUR   EFC  230.3   peak  7.54 kW
  price_oracle                      676.84 EUR   EFC   55.1   peak  8.07 kW
vs no battery 693.38 vs MPC oracle 671.02 vs whole-period optimum 666.46 EUR
Forecast day-ahead nMAE: gen 0.452 | con 0.486 | skill vs seasonal-naive: gen +0.114 con +0.236
                                                   No battery Perfect foresight Forecast (Prophet)
KPI                                                                                               
Total cost                                             666.55   643.53 (-3.5 %)    658.13 (-1.3 %)
Regret vs perfect foresight (% of no-battery cost)          —     0.00 (+0.0 %)     14.60 (+2.2 %)
Energy bought (kWh)                                    8193.7   7917.5 (-3.4 %)    8159.4 (-0.4 %)
Energy sold (kWh)                                       321.3    13.7 (-95.7 %)    262.7 (-18.2 %)

Results saved to: /Users/summerscholl/Documents/ERK-2026/Yoann/results_local/SI_H24_hbd_median14/Ausgrid 21/

======================================================================
=== Dataset: Ausgrid 21 ===
======================================================================
Native granularity (30 min): 52608 steps
Training: 35040 steps (730 days)
Simulation: 17520 steps (365 days)
Tariff: AU | import rate -0.0106..0.6508 EUR/kWh
  [Forecaster] hbd_median14: 17568 rows, fit on 35040 training steps
  [Forecaster] truth: 17568 rows, nothing fitted
  [Forecaster] hbd_median14_pvtruth: consumption from hbd_median14, generation from truth
  [Forecaster] cached 17568 rows -> Ausgrid 21__b92cf8493ce8.csv.gz

--- Reactive mode (consumption + generation via Prophet) ---
Simulated steps: 17520 | Reopt.: 17520

--- Oracle mode (all real data) + rule-based controllers (AU) ---
  [oracle] cache hit Ausgrid 21__3c15463be5d5 (17520 steps, 8 rules, whole-period solve included) -- nothing re-solved
  no_battery                       1636.31 EUR   EFC    0.0   peak  8.45 kW
  self_consumption                 1572.72 EUR   EFC   29.4   peak  8.07 kW
  fixed_schedule                   1353.68 EUR   EFC  167.7   peak  7.67 kW
  delayed_pv_charge                1572.72 EUR   EFC   29.4   peak  8.07 kW
  price_threshold                  1324.66 EUR   EFC  240.3   peak  7.67 kW
  price_rank_daily                 1321.64 EUR   EFC  243.0   peak  7.64 kW
  tariff_arbitrage                 1365.19 EUR   EFC  266.9   peak  7.36 kW
  price_oracle                     1325.73 EUR   EFC  237.5   peak  7.90 kW
vs no battery 1636.31 vs MPC oracle 1344.74 vs whole-period optimum 1343.63 EUR
Forecast day-ahead nMAE: gen 0.000 | con 0.486 | skill vs seasonal-naive: gen +1.000 con +0.236
                                                   No battery  Perfect foresight Forecast (Prophet)
KPI                                                                                                
Total cost                                            1636.31  1343.94 (-17.9 %)  1411.12 (-13.8 %)
Regret vs perfect foresight (% of no-battery cost)          —      0.00 (+0.0 %)     67.18 (+4.1 %)
Energy bought (kWh)                                    8193.7    8030.3 (-2.0 %)    8380.7 (+2.3 %)
Energy sold (kWh)                                       321.3      9.8 (-97.0 %)    354.4 (+10.3 %)

Results saved to: /Users/summerscholl/Documents/ERK-2026/Yoann/results_local/AU_H24_hbd_median14_pvtruth/Ausgrid 21/

======================================================================
=== Dataset: Ausgrid 21 ===
======================================================================
Native granularity (30 min): 52608 steps
Training: 35040 steps (730 days)
Simulation: 17520 steps (365 days)
Tariff: SI | import rate 0.0002..0.2806 EUR/kWh
  [Forecaster] cache hit Ausgrid 21__b92cf8493ce8.csv.gz (17568 rows) -- Prophet not fitted

--- Reactive mode (consumption + generation via Prophet) ---
Simulated steps: 17520 | Reopt.: 17520

--- Oracle mode (all real data) + rule-based controllers (SI) ---
  [oracle] cache hit Ausgrid 21__b8db35ffce46 (17520 steps, 10 rules, whole-period solve included) -- nothing re-solved
  no_battery                        693.38 EUR   EFC    0.0   peak  8.45 kW
  self_consumption                  676.43 EUR   EFC   29.4   peak  8.07 kW
  fixed_schedule                    683.17 EUR   EFC  126.3   peak  7.41 kW
  delayed_pv_charge                 676.43 EUR   EFC   29.4   peak  8.07 kW
  price_threshold                   678.82 EUR   EFC   60.1   peak  8.07 kW
  price_rank_daily                  677.65 EUR   EFC   51.1   peak  8.07 kW
  peak_shaving                      677.97 EUR   EFC   29.7   peak  6.95 kW
  self_consumption_peak_shaving     666.20 EUR   EFC   39.8   peak  6.95 kW
  tariff_arbitrage                  673.29 EUR   EFC  230.3   peak  7.54 kW
  price_oracle                      676.84 EUR   EFC   55.1   peak  8.07 kW
vs no battery 693.38 vs MPC oracle 671.02 vs whole-period optimum 666.46 EUR
Forecast day-ahead nMAE: gen 0.000 | con 0.486 | skill vs seasonal-naive: gen +1.000 con +0.236
                                                   No battery Perfect foresight Forecast (Prophet)
KPI                                                                                               
Total cost                                             666.55   643.53 (-3.5 %)    654.40 (-1.8 %)
Regret vs perfect foresight (% of no-battery cost)          —     0.00 (+0.0 %)     10.87 (+1.6 %)
Energy bought (kWh)                                    8193.7   7917.5 (-3.4 %)    8099.6 (-1.1 %)
Energy sold (kWh)                                       321.3    13.7 (-95.7 %)    197.7 (-38.5 %)

Results saved to: /Users/summerscholl/Documents/ERK-2026/Yoann/results_local/SI_H24_hbd_median14_pvtruth/Ausgrid 21/
