
======================================================================
=== Dataset: Ausgrid 104 ===
======================================================================
Native granularity (30 min): 52608 steps
Training: 35040 steps (730 days)
Simulation: 17520 steps (365 days)
Tariff: AU | import rate -0.0106..0.6508 EUR/kWh
  [checkpoint] already complete under this configuration; skipping

======================================================================
=== Dataset: Ausgrid 104 ===
======================================================================
Native granularity (30 min): 52608 steps
Training: 35040 steps (730 days)
Simulation: 17520 steps (365 days)
Tariff: AU | import rate -0.0106..0.6508 EUR/kWh
  [checkpoint] already complete under this configuration; skipping

======================================================================
=== Dataset: Ausgrid 104 ===
======================================================================
Native granularity (30 min): 52608 steps
Training: 35040 steps (730 days)
Simulation: 17520 steps (365 days)
Tariff: SI | import rate 0.0002..0.2806 EUR/kWh
  [checkpoint] already complete under this configuration; skipping

======================================================================
=== Dataset: Ausgrid 104 ===
======================================================================
Native granularity (30 min): 52608 steps
Training: 35040 steps (730 days)
Simulation: 17520 steps (365 days)
Tariff: SI | import rate 0.0002..0.2806 EUR/kWh
  [checkpoint] already complete under this configuration; skipping

======================================================================
=== Dataset: Ausgrid 104 ===
======================================================================
Native granularity (30 min): 52608 steps
Training: 35040 steps (730 days)
Simulation: 17520 steps (365 days)
Tariff: AU | import rate -0.0106..0.6508 EUR/kWh
  [checkpoint] already complete under this configuration; skipping

======================================================================
=== Dataset: Ausgrid 104 ===
======================================================================
Native granularity (30 min): 52608 steps
Training: 35040 steps (730 days)
Simulation: 17520 steps (365 days)
Tariff: AU | import rate -0.0106..0.6508 EUR/kWh
  [checkpoint] already complete under this configuration; skipping

======================================================================
=== Dataset: Ausgrid 104 ===
======================================================================
Native granularity (30 min): 52608 steps
Training: 35040 steps (730 days)
Simulation: 17520 steps (365 days)
Tariff: SI | import rate 0.0002..0.2806 EUR/kWh
  [checkpoint] already complete under this configuration; skipping

======================================================================
=== Dataset: Ausgrid 104 ===
======================================================================
Native granularity (30 min): 52608 steps
Training: 35040 steps (730 days)
Simulation: 17520 steps (365 days)
Tariff: AU | import rate -0.0106..0.6508 EUR/kWh
  [checkpoint] already complete under this configuration; skipping

======================================================================
=== Dataset: Ausgrid 104 ===
======================================================================
Native granularity (30 min): 52608 steps
Training: 35040 steps (730 days)
Simulation: 17520 steps (365 days)
Tariff: SI | import rate 0.0002..0.2806 EUR/kWh
  [checkpoint] already complete under this configuration; skipping

======================================================================
=== Dataset: Ausgrid 104 ===
======================================================================
Native granularity (30 min): 52608 steps
Training: 35040 steps (730 days)
Simulation: 17520 steps (365 days)
Tariff: AU | import rate -0.0106..0.6508 EUR/kWh
  [checkpoint] already complete under this configuration; skipping

======================================================================
=== Dataset: Ausgrid 104 ===
======================================================================
Native granularity (30 min): 52608 steps
Training: 35040 steps (730 days)
Simulation: 17520 steps (365 days)
Tariff: SI | import rate 0.0002..0.2806 EUR/kWh
  [checkpoint] already complete under this configuration; skipping

======================================================================
=== Dataset: Ausgrid 104 ===
======================================================================
Native granularity (30 min): 52608 steps
Training: 35040 steps (730 days)
Simulation: 17520 steps (365 days)
Tariff: AU | import rate -0.0106..0.6508 EUR/kWh
  [checkpoint] already complete under this configuration; skipping

======================================================================
=== Dataset: Ausgrid 104 ===
======================================================================
Native granularity (30 min): 52608 steps
Training: 35040 steps (730 days)
Simulation: 17520 steps (365 days)
Tariff: SI | import rate 0.0002..0.2806 EUR/kWh
  [checkpoint] already complete under this configuration; skipping

======================================================================
=== Dataset: Ausgrid 104 ===
======================================================================
Native granularity (30 min): 52608 steps
Training: 35040 steps (730 days)
Simulation: 17520 steps (365 days)
Tariff: AU | import rate -0.0106..0.6508 EUR/kWh
  [checkpoint] already complete under this configuration; skipping

======================================================================
=== Dataset: Ausgrid 104 ===
======================================================================
Native granularity (30 min): 52608 steps
Training: 35040 steps (730 days)
Simulation: 17520 steps (365 days)
Tariff: SI | import rate 0.0002..0.2806 EUR/kWh
  [checkpoint] already complete under this configuration; skipping

======================================================================
=== Dataset: Ausgrid 104 ===
======================================================================
Native granularity (30 min): 52608 steps
Training: 35040 steps (730 days)
Simulation: 17520 steps (365 days)
Tariff: AU | import rate -0.0106..0.6508 EUR/kWh
  [checkpoint] already complete under this configuration; skipping

======================================================================
=== Dataset: Ausgrid 104 ===
======================================================================
Native granularity (30 min): 52608 steps
Training: 35040 steps (730 days)
Simulation: 17520 steps (365 days)
Tariff: SI | import rate 0.0002..0.2806 EUR/kWh
  [checkpoint] already complete under this configuration; skipping

======================================================================
=== Dataset: Ausgrid 104 ===
======================================================================
Native granularity (30 min): 52608 steps
Training: 35040 steps (730 days)
Simulation: 17520 steps (365 days)
Tariff: AU | import rate -0.0106..0.6508 EUR/kWh
  [checkpoint] already complete under this configuration; skipping

======================================================================
=== Dataset: Ausgrid 104 ===
======================================================================
Native granularity (30 min): 52608 steps
Training: 35040 steps (730 days)
Simulation: 17520 steps (365 days)
Tariff: SI | import rate 0.0002..0.2806 EUR/kWh
  [checkpoint] already complete under this configuration; skipping

======================================================================
=== Dataset: Ausgrid 104 ===
======================================================================
Native granularity (30 min): 52608 steps
Training: 35040 steps (730 days)
Simulation: 17520 steps (365 days)
Tariff: AU | import rate -0.0106..0.6508 EUR/kWh
  [checkpoint] already complete under this configuration; skipping

======================================================================
=== Dataset: Ausgrid 104 ===
======================================================================
Native granularity (30 min): 52608 steps
Training: 35040 steps (730 days)
Simulation: 17520 steps (365 days)
Tariff: SI | import rate 0.0002..0.2806 EUR/kWh
  [checkpoint] already complete under this configuration; skipping

======================================================================
=== Dataset: Ausgrid 104 ===
======================================================================
Native granularity (30 min): 52608 steps
Training: 35040 steps (730 days)
Simulation: 17520 steps (365 days)
Tariff: AU | import rate -0.0106..0.6508 EUR/kWh
  [checkpoint] already complete under this configuration; skipping

======================================================================
=== Dataset: Ausgrid 104 ===
======================================================================
Native granularity (30 min): 52608 steps
Training: 35040 steps (730 days)
Simulation: 17520 steps (365 days)
Tariff: SI | import rate 0.0002..0.2806 EUR/kWh
  [checkpoint] already complete under this configuration; skipping

======================================================================
=== Dataset: Ausgrid 104 ===
======================================================================
Native granularity (30 min): 52608 steps
Training: 35040 steps (730 days)
Simulation: 17520 steps (365 days)
Tariff: AU | import rate -0.0106..0.6508 EUR/kWh
  [Forecaster] hbd: 17568 rows, fit on 35040 training steps
  [Forecaster] cached 17568 rows -> Ausgrid 104__8d755b62c8da.csv.gz

--- Reactive mode (consumption + generation via Prophet) ---
Simulated steps: 17520 | Reopt.: 17520

--- Oracle mode (all real data) + rule-based controllers (AU) ---
  [oracle] cache hit Ausgrid 104__bdab4420c498 (17520 steps, 8 rules, whole-period solve included) -- nothing re-solved
  no_battery                       2374.06 EUR   EFC    0.0   peak 11.74 kW
  self_consumption                 2284.49 EUR   EFC   34.9   peak 11.74 kW
  fixed_schedule                   2065.40 EUR   EFC  181.7   peak 11.74 kW
  delayed_pv_charge                2284.49 EUR   EFC   34.9   peak 11.74 kW
  price_threshold                  2040.24 EUR   EFC  241.0   peak 11.74 kW
  price_rank_daily                 2036.84 EUR   EFC  243.5   peak 12.20 kW
  tariff_arbitrage                 2085.35 EUR   EFC  261.4   peak 12.43 kW
  price_oracle                     2040.61 EUR   EFC  238.6   peak 11.74 kW
vs no battery 2374.06 vs MPC oracle 2058.61 vs whole-period optimum 2057.44 EUR
Forecast day-ahead nMAE: gen 0.358 | con 0.558 | skill vs seasonal-naive: gen +0.069 con +0.041
                                                   No battery  Perfect foresight Forecast (Prophet)
KPI                                                                                                
Total cost                                            2374.06  2057.80 (-13.3 %)   2141.40 (-9.8 %)
Regret vs perfect foresight (% of no-battery cost)          —      0.00 (+0.0 %)     83.60 (+3.5 %)
Energy bought (kWh)                                   12190.6   11971.8 (-1.8 %)   12457.3 (+2.2 %)
Energy sold (kWh)                                       382.5      6.9 (-98.2 %)    485.5 (+26.9 %)

Results saved to: /Users/summerscholl/Documents/ERK-2026/Yoann/results_local/AU_H24_hbd/Ausgrid 104/

======================================================================
=== Dataset: Ausgrid 104 ===
======================================================================
Native granularity (30 min): 52608 steps
Training: 35040 steps (730 days)
Simulation: 17520 steps (365 days)
Tariff: SI | import rate 0.0002..0.2806 EUR/kWh
  [Forecaster] cache hit Ausgrid 104__8d755b62c8da.csv.gz (17568 rows) -- Prophet not fitted

--- Reactive mode (consumption + generation via Prophet) ---
Simulated steps: 17520 | Reopt.: 17520

--- Oracle mode (all real data) + rule-based controllers (SI) ---
  [oracle] cache hit Ausgrid 104__0a4d1bd4dd39 (17520 steps, 10 rules, whole-period solve included) -- nothing re-solved
  no_battery                       1020.52 EUR   EFC    0.0   peak 11.74 kW
  self_consumption                  999.45 EUR   EFC   34.9   peak 11.74 kW
  fixed_schedule                   1007.88 EUR   EFC  135.4   peak 11.74 kW
  delayed_pv_charge                 999.45 EUR   EFC   34.9   peak 11.74 kW
  price_threshold                  1000.92 EUR   EFC   64.2   peak 11.74 kW
  price_rank_daily                 1000.64 EUR   EFC   56.3   peak 11.74 kW
  peak_shaving                     1002.91 EUR   EFC   46.5   peak 11.08 kW
  self_consumption_peak_shaving     993.03 EUR   EFC   71.7   peak 11.08 kW
  tariff_arbitrage                 1004.30 EUR   EFC  225.8   peak 11.74 kW
  price_oracle                      999.74 EUR   EFC   59.9   peak 11.74 kW
vs no battery 1020.52 vs MPC oracle 994.14 vs whole-period optimum 989.56 EUR
Forecast day-ahead nMAE: gen 0.358 | con 0.558 | skill vs seasonal-naive: gen +0.069 con +0.041
                                                   No battery Perfect foresight Forecast (Prophet)
KPI                                                                                               
Total cost                                             977.35   950.68 (-2.7 %)    970.32 (-0.7 %)
Regret vs perfect foresight (% of no-battery cost)          —     0.00 (+0.0 %)     19.64 (+2.0 %)
Energy bought (kWh)                                   12190.6  11858.9 (-2.7 %)   12173.5 (-0.1 %)
Energy sold (kWh)                                       382.5    13.3 (-96.5 %)    342.6 (-10.5 %)

Results saved to: /Users/summerscholl/Documents/ERK-2026/Yoann/results_local/SI_H24_hbd/Ausgrid 104/

======================================================================
=== Dataset: Ausgrid 104 ===
======================================================================
Native granularity (30 min): 52608 steps
Training: 35040 steps (730 days)
Simulation: 17520 steps (365 days)
Tariff: AU | import rate -0.0106..0.6508 EUR/kWh
  [Forecaster] hbd_baseline: 17568 rows, fit on 35040 training steps
  [Forecaster] cached 17568 rows -> Ausgrid 104__79b4b19cbfba.csv.gz

--- Reactive mode (consumption + generation via Prophet) ---
Simulated steps: 17520 | Reopt.: 17520

--- Oracle mode (all real data) + rule-based controllers (AU) ---
  [oracle] cache hit Ausgrid 104__bdab4420c498 (17520 steps, 8 rules, whole-period solve included) -- nothing re-solved
  no_battery                       2374.06 EUR   EFC    0.0   peak 11.74 kW
  self_consumption                 2284.49 EUR   EFC   34.9   peak 11.74 kW
  fixed_schedule                   2065.40 EUR   EFC  181.7   peak 11.74 kW
  delayed_pv_charge                2284.49 EUR   EFC   34.9   peak 11.74 kW
  price_threshold                  2040.24 EUR   EFC  241.0   peak 11.74 kW
  price_rank_daily                 2036.84 EUR   EFC  243.5   peak 12.20 kW
  tariff_arbitrage                 2085.35 EUR   EFC  261.4   peak 12.43 kW
  price_oracle                     2040.61 EUR   EFC  238.6   peak 11.74 kW
vs no battery 2374.06 vs MPC oracle 2058.61 vs whole-period optimum 2057.44 EUR
Forecast day-ahead nMAE: gen 0.444 | con 0.639 | skill vs seasonal-naive: gen -0.156 con -0.097
                                                   No battery  Perfect foresight Forecast (Prophet)
KPI                                                                                                
Total cost                                            2374.06  2057.80 (-13.3 %)  2136.74 (-10.0 %)
Regret vs perfect foresight (% of no-battery cost)          —      0.00 (+0.0 %)     78.94 (+3.3 %)
Energy bought (kWh)                                   12190.6   11971.8 (-1.8 %)   12508.8 (+2.6 %)
Energy sold (kWh)                                       382.5      6.9 (-98.2 %)    531.3 (+38.9 %)

Results saved to: /Users/summerscholl/Documents/ERK-2026/Yoann/results_local/AU_H24_hbd_baseline/Ausgrid 104/

======================================================================
=== Dataset: Ausgrid 104 ===
======================================================================
Native granularity (30 min): 52608 steps
Training: 35040 steps (730 days)
Simulation: 17520 steps (365 days)
Tariff: SI | import rate 0.0002..0.2806 EUR/kWh
  [Forecaster] cache hit Ausgrid 104__79b4b19cbfba.csv.gz (17568 rows) -- Prophet not fitted

--- Reactive mode (consumption + generation via Prophet) ---
Simulated steps: 17520 | Reopt.: 17520

--- Oracle mode (all real data) + rule-based controllers (SI) ---
  [oracle] cache hit Ausgrid 104__0a4d1bd4dd39 (17520 steps, 10 rules, whole-period solve included) -- nothing re-solved
  no_battery                       1020.52 EUR   EFC    0.0   peak 11.74 kW
  self_consumption                  999.45 EUR   EFC   34.9   peak 11.74 kW
  fixed_schedule                   1007.88 EUR   EFC  135.4   peak 11.74 kW
  delayed_pv_charge                 999.45 EUR   EFC   34.9   peak 11.74 kW
  price_threshold                  1000.92 EUR   EFC   64.2   peak 11.74 kW
  price_rank_daily                 1000.64 EUR   EFC   56.3   peak 11.74 kW
  peak_shaving                     1002.91 EUR   EFC   46.5   peak 11.08 kW
  self_consumption_peak_shaving     993.03 EUR   EFC   71.7   peak 11.08 kW
  tariff_arbitrage                 1004.30 EUR   EFC  225.8   peak 11.74 kW
  price_oracle                      999.74 EUR   EFC   59.9   peak 11.74 kW
vs no battery 1020.52 vs MPC oracle 994.14 vs whole-period optimum 989.56 EUR
Forecast day-ahead nMAE: gen 0.444 | con 0.639 | skill vs seasonal-naive: gen -0.156 con -0.097
                                                   No battery Perfect foresight Forecast (Prophet)
KPI                                                                                               
Total cost                                             977.35   950.68 (-2.7 %)    973.18 (-0.4 %)
Regret vs perfect foresight (% of no-battery cost)          —     0.00 (+0.0 %)     22.50 (+2.3 %)
Energy bought (kWh)                                   12190.6  11858.9 (-2.7 %)   12206.7 (+0.1 %)
Energy sold (kWh)                                       382.5    13.3 (-96.5 %)     390.4 (+2.1 %)

Results saved to: /Users/summerscholl/Documents/ERK-2026/Yoann/results_local/SI_H24_hbd_baseline/Ausgrid 104/

======================================================================
=== Dataset: Ausgrid 104 ===
======================================================================
Native granularity (30 min): 52608 steps
Training: 35040 steps (730 days)
Simulation: 17520 steps (365 days)
Tariff: AU | import rate -0.0106..0.6508 EUR/kWh
  [Forecaster] hbd_median14: 17568 rows, fit on 35040 training steps
  [Forecaster] cached 17568 rows -> Ausgrid 104__6a0580bba1e4.csv.gz

--- Reactive mode (consumption + generation via Prophet) ---
Simulated steps: 17520 | Reopt.: 17520

--- Oracle mode (all real data) + rule-based controllers (AU) ---
  [oracle] cache hit Ausgrid 104__bdab4420c498 (17520 steps, 8 rules, whole-period solve included) -- nothing re-solved
  no_battery                       2374.06 EUR   EFC    0.0   peak 11.74 kW
  self_consumption                 2284.49 EUR   EFC   34.9   peak 11.74 kW
  fixed_schedule                   2065.40 EUR   EFC  181.7   peak 11.74 kW
  delayed_pv_charge                2284.49 EUR   EFC   34.9   peak 11.74 kW
  price_threshold                  2040.24 EUR   EFC  241.0   peak 11.74 kW
  price_rank_daily                 2036.84 EUR   EFC  243.5   peak 12.20 kW
  tariff_arbitrage                 2085.35 EUR   EFC  261.4   peak 12.43 kW
  price_oracle                     2040.61 EUR   EFC  238.6   peak 11.74 kW
vs no battery 2374.06 vs MPC oracle 2058.61 vs whole-period optimum 2057.44 EUR
Forecast day-ahead nMAE: gen 0.337 | con 0.476 | skill vs seasonal-naive: gen +0.122 con +0.182
                                                   No battery  Perfect foresight Forecast (Prophet)
KPI                                                                                                
Total cost                                            2374.06  2057.80 (-13.3 %)  2123.94 (-10.5 %)
Regret vs perfect foresight (% of no-battery cost)          —      0.00 (+0.0 %)     66.14 (+2.8 %)
Energy bought (kWh)                                   12190.6   11971.8 (-1.8 %)   12396.9 (+1.7 %)
Energy sold (kWh)                                       382.5      6.9 (-98.2 %)    423.1 (+10.6 %)

Results saved to: /Users/summerscholl/Documents/ERK-2026/Yoann/results_local/AU_H24_hbd_median14/Ausgrid 104/

======================================================================
=== Dataset: Ausgrid 104 ===
======================================================================
Native granularity (30 min): 52608 steps
Training: 35040 steps (730 days)
Simulation: 17520 steps (365 days)
Tariff: SI | import rate 0.0002..0.2806 EUR/kWh
  [Forecaster] cache hit Ausgrid 104__6a0580bba1e4.csv.gz (17568 rows) -- Prophet not fitted

--- Reactive mode (consumption + generation via Prophet) ---
Simulated steps: 17520 | Reopt.: 17520

--- Oracle mode (all real data) + rule-based controllers (SI) ---
  [oracle] cache hit Ausgrid 104__0a4d1bd4dd39 (17520 steps, 10 rules, whole-period solve included) -- nothing re-solved
  no_battery                       1020.52 EUR   EFC    0.0   peak 11.74 kW
  self_consumption                  999.45 EUR   EFC   34.9   peak 11.74 kW
  fixed_schedule                   1007.88 EUR   EFC  135.4   peak 11.74 kW
  delayed_pv_charge                 999.45 EUR   EFC   34.9   peak 11.74 kW
  price_threshold                  1000.92 EUR   EFC   64.2   peak 11.74 kW
  price_rank_daily                 1000.64 EUR   EFC   56.3   peak 11.74 kW
  peak_shaving                     1002.91 EUR   EFC   46.5   peak 11.08 kW
  self_consumption_peak_shaving     993.03 EUR   EFC   71.7   peak 11.08 kW
  tariff_arbitrage                 1004.30 EUR   EFC  225.8   peak 11.74 kW
  price_oracle                      999.74 EUR   EFC   59.9   peak 11.74 kW
vs no battery 1020.52 vs MPC oracle 994.14 vs whole-period optimum 989.56 EUR
Forecast day-ahead nMAE: gen 0.337 | con 0.476 | skill vs seasonal-naive: gen +0.122 con +0.182
                                                   No battery Perfect foresight Forecast (Prophet)
KPI                                                                                               
Total cost                                             977.35   950.68 (-2.7 %)    968.22 (-0.9 %)
Regret vs perfect foresight (% of no-battery cost)          —     0.00 (+0.0 %)     17.54 (+1.8 %)
Energy bought (kWh)                                   12190.6  11858.9 (-2.7 %)   12144.8 (-0.4 %)
Energy sold (kWh)                                       382.5    13.3 (-96.5 %)    313.0 (-18.2 %)

Results saved to: /Users/summerscholl/Documents/ERK-2026/Yoann/results_local/SI_H24_hbd_median14/Ausgrid 104/

======================================================================
=== Dataset: Ausgrid 104 ===
======================================================================
Native granularity (30 min): 52608 steps
Training: 35040 steps (730 days)
Simulation: 17520 steps (365 days)
Tariff: AU | import rate -0.0106..0.6508 EUR/kWh
  [Forecaster] hbd_median14: 17568 rows, fit on 35040 training steps
  [Forecaster] truth: 17568 rows, nothing fitted
  [Forecaster] hbd_median14_pvtruth: consumption from hbd_median14, generation from truth
  [Forecaster] cached 17568 rows -> Ausgrid 104__f2e7a8f1b554.csv.gz

--- Reactive mode (consumption + generation via Prophet) ---
Simulated steps: 17520 | Reopt.: 17520

--- Oracle mode (all real data) + rule-based controllers (AU) ---
  [oracle] cache hit Ausgrid 104__bdab4420c498 (17520 steps, 8 rules, whole-period solve included) -- nothing re-solved
  no_battery                       2374.06 EUR   EFC    0.0   peak 11.74 kW
  self_consumption                 2284.49 EUR   EFC   34.9   peak 11.74 kW
  fixed_schedule                   2065.40 EUR   EFC  181.7   peak 11.74 kW
  delayed_pv_charge                2284.49 EUR   EFC   34.9   peak 11.74 kW
  price_threshold                  2040.24 EUR   EFC  241.0   peak 11.74 kW
  price_rank_daily                 2036.84 EUR   EFC  243.5   peak 12.20 kW
  tariff_arbitrage                 2085.35 EUR   EFC  261.4   peak 12.43 kW
  price_oracle                     2040.61 EUR   EFC  238.6   peak 11.74 kW
vs no battery 2374.06 vs MPC oracle 2058.61 vs whole-period optimum 2057.44 EUR
Forecast day-ahead nMAE: gen 0.000 | con 0.476 | skill vs seasonal-naive: gen +1.000 con +0.182
                                                   No battery  Perfect foresight Forecast (Prophet)
KPI                                                                                                
Total cost                                            2374.06  2057.80 (-13.3 %)  2117.99 (-10.8 %)
Regret vs perfect foresight (% of no-battery cost)          —      0.00 (+0.0 %)     60.19 (+2.5 %)
Energy bought (kWh)                                   12190.6   11971.8 (-1.8 %)   12383.0 (+1.6 %)
Energy sold (kWh)                                       382.5      6.9 (-98.2 %)     406.4 (+6.2 %)

Results saved to: /Users/summerscholl/Documents/ERK-2026/Yoann/results_local/AU_H24_hbd_median14_pvtruth/Ausgrid 104/

======================================================================
=== Dataset: Ausgrid 104 ===
======================================================================
Native granularity (30 min): 52608 steps
Training: 35040 steps (730 days)
Simulation: 17520 steps (365 days)
Tariff: SI | import rate 0.0002..0.2806 EUR/kWh
  [Forecaster] cache hit Ausgrid 104__f2e7a8f1b554.csv.gz (17568 rows) -- Prophet not fitted

--- Reactive mode (consumption + generation via Prophet) ---
Simulated steps: 17520 | Reopt.: 17520

--- Oracle mode (all real data) + rule-based controllers (SI) ---
  [oracle] cache hit Ausgrid 104__0a4d1bd4dd39 (17520 steps, 10 rules, whole-period solve included) -- nothing re-solved
  no_battery                       1020.52 EUR   EFC    0.0   peak 11.74 kW
  self_consumption                  999.45 EUR   EFC   34.9   peak 11.74 kW
  fixed_schedule                   1007.88 EUR   EFC  135.4   peak 11.74 kW
  delayed_pv_charge                 999.45 EUR   EFC   34.9   peak 11.74 kW
  price_threshold                  1000.92 EUR   EFC   64.2   peak 11.74 kW
  price_rank_daily                 1000.64 EUR   EFC   56.3   peak 11.74 kW
  peak_shaving                     1002.91 EUR   EFC   46.5   peak 11.08 kW
  self_consumption_peak_shaving     993.03 EUR   EFC   71.7   peak 11.08 kW
  tariff_arbitrage                 1004.30 EUR   EFC  225.8   peak 11.74 kW
  price_oracle                      999.74 EUR   EFC   59.9   peak 11.74 kW
vs no battery 1020.52 vs MPC oracle 994.14 vs whole-period optimum 989.56 EUR
Forecast day-ahead nMAE: gen 0.000 | con 0.476 | skill vs seasonal-naive: gen +1.000 con +0.182
                                                   No battery Perfect foresight Forecast (Prophet)
KPI                                                                                               
Total cost                                             977.35   950.68 (-2.7 %)    966.04 (-1.2 %)
Regret vs perfect foresight (% of no-battery cost)          —     0.00 (+0.0 %)     15.36 (+1.6 %)
Energy bought (kWh)                                   12190.6  11858.9 (-2.7 %)   12111.8 (-0.6 %)
Energy sold (kWh)                                       382.5    13.3 (-96.5 %)    275.6 (-28.0 %)

Results saved to: /Users/summerscholl/Documents/ERK-2026/Yoann/results_local/SI_H24_hbd_median14_pvtruth/Ausgrid 104/
