
======================================================================
=== Dataset: Ausgrid 138 ===
======================================================================
Native granularity (30 min): 52608 steps
Training: 35040 steps (730 days)
Simulation: 17520 steps (365 days)
Tariff: AU | import rate -0.0106..0.6508 EUR/kWh
  [checkpoint] already complete under this configuration; skipping

======================================================================
=== Dataset: Ausgrid 138 ===
======================================================================
Native granularity (30 min): 52608 steps
Training: 35040 steps (730 days)
Simulation: 17520 steps (365 days)
Tariff: AU | import rate -0.0106..0.6508 EUR/kWh
  [checkpoint] already complete under this configuration; skipping

======================================================================
=== Dataset: Ausgrid 138 ===
======================================================================
Native granularity (30 min): 52608 steps
Training: 35040 steps (730 days)
Simulation: 17520 steps (365 days)
Tariff: SI | import rate 0.0002..0.2806 EUR/kWh
  [checkpoint] already complete under this configuration; skipping

======================================================================
=== Dataset: Ausgrid 138 ===
======================================================================
Native granularity (30 min): 52608 steps
Training: 35040 steps (730 days)
Simulation: 17520 steps (365 days)
Tariff: SI | import rate 0.0002..0.2806 EUR/kWh
  [checkpoint] already complete under this configuration; skipping

======================================================================
=== Dataset: Ausgrid 138 ===
======================================================================
Native granularity (30 min): 52608 steps
Training: 35040 steps (730 days)
Simulation: 17520 steps (365 days)
Tariff: AU | import rate -0.0106..0.6508 EUR/kWh
  [checkpoint] already complete under this configuration; skipping

======================================================================
=== Dataset: Ausgrid 138 ===
======================================================================
Native granularity (30 min): 52608 steps
Training: 35040 steps (730 days)
Simulation: 17520 steps (365 days)
Tariff: AU | import rate -0.0106..0.6508 EUR/kWh
  [checkpoint] already complete under this configuration; skipping

======================================================================
=== Dataset: Ausgrid 138 ===
======================================================================
Native granularity (30 min): 52608 steps
Training: 35040 steps (730 days)
Simulation: 17520 steps (365 days)
Tariff: SI | import rate 0.0002..0.2806 EUR/kWh
  [checkpoint] already complete under this configuration; skipping

======================================================================
=== Dataset: Ausgrid 138 ===
======================================================================
Native granularity (30 min): 52608 steps
Training: 35040 steps (730 days)
Simulation: 17520 steps (365 days)
Tariff: AU | import rate -0.0106..0.6508 EUR/kWh
  [checkpoint] already complete under this configuration; skipping

======================================================================
=== Dataset: Ausgrid 138 ===
======================================================================
Native granularity (30 min): 52608 steps
Training: 35040 steps (730 days)
Simulation: 17520 steps (365 days)
Tariff: SI | import rate 0.0002..0.2806 EUR/kWh
  [checkpoint] already complete under this configuration; skipping

======================================================================
=== Dataset: Ausgrid 138 ===
======================================================================
Native granularity (30 min): 52608 steps
Training: 35040 steps (730 days)
Simulation: 17520 steps (365 days)
Tariff: AU | import rate -0.0106..0.6508 EUR/kWh
  [checkpoint] already complete under this configuration; skipping

======================================================================
=== Dataset: Ausgrid 138 ===
======================================================================
Native granularity (30 min): 52608 steps
Training: 35040 steps (730 days)
Simulation: 17520 steps (365 days)
Tariff: SI | import rate 0.0002..0.2806 EUR/kWh
  [checkpoint] already complete under this configuration; skipping

======================================================================
=== Dataset: Ausgrid 138 ===
======================================================================
Native granularity (30 min): 52608 steps
Training: 35040 steps (730 days)
Simulation: 17520 steps (365 days)
Tariff: AU | import rate -0.0106..0.6508 EUR/kWh
  [checkpoint] already complete under this configuration; skipping

======================================================================
=== Dataset: Ausgrid 138 ===
======================================================================
Native granularity (30 min): 52608 steps
Training: 35040 steps (730 days)
Simulation: 17520 steps (365 days)
Tariff: SI | import rate 0.0002..0.2806 EUR/kWh
  [checkpoint] already complete under this configuration; skipping

======================================================================
=== Dataset: Ausgrid 138 ===
======================================================================
Native granularity (30 min): 52608 steps
Training: 35040 steps (730 days)
Simulation: 17520 steps (365 days)
Tariff: AU | import rate -0.0106..0.6508 EUR/kWh
  [checkpoint] already complete under this configuration; skipping

======================================================================
=== Dataset: Ausgrid 138 ===
======================================================================
Native granularity (30 min): 52608 steps
Training: 35040 steps (730 days)
Simulation: 17520 steps (365 days)
Tariff: SI | import rate 0.0002..0.2806 EUR/kWh
  [checkpoint] already complete under this configuration; skipping

======================================================================
=== Dataset: Ausgrid 138 ===
======================================================================
Native granularity (30 min): 52608 steps
Training: 35040 steps (730 days)
Simulation: 17520 steps (365 days)
Tariff: AU | import rate -0.0106..0.6508 EUR/kWh
  [checkpoint] already complete under this configuration; skipping

======================================================================
=== Dataset: Ausgrid 138 ===
======================================================================
Native granularity (30 min): 52608 steps
Training: 35040 steps (730 days)
Simulation: 17520 steps (365 days)
Tariff: SI | import rate 0.0002..0.2806 EUR/kWh
  [checkpoint] already complete under this configuration; skipping

======================================================================
=== Dataset: Ausgrid 138 ===
======================================================================
Native granularity (30 min): 52608 steps
Training: 35040 steps (730 days)
Simulation: 17520 steps (365 days)
Tariff: AU | import rate -0.0106..0.6508 EUR/kWh
  [checkpoint] already complete under this configuration; skipping

======================================================================
=== Dataset: Ausgrid 138 ===
======================================================================
Native granularity (30 min): 52608 steps
Training: 35040 steps (730 days)
Simulation: 17520 steps (365 days)
Tariff: SI | import rate 0.0002..0.2806 EUR/kWh
  [checkpoint] already complete under this configuration; skipping

======================================================================
=== Dataset: Ausgrid 138 ===
======================================================================
Native granularity (30 min): 52608 steps
Training: 35040 steps (730 days)
Simulation: 17520 steps (365 days)
Tariff: AU | import rate -0.0106..0.6508 EUR/kWh
  [checkpoint] already complete under this configuration; skipping

======================================================================
=== Dataset: Ausgrid 138 ===
======================================================================
Native granularity (30 min): 52608 steps
Training: 35040 steps (730 days)
Simulation: 17520 steps (365 days)
Tariff: SI | import rate 0.0002..0.2806 EUR/kWh
  [checkpoint] already complete under this configuration; skipping

======================================================================
=== Dataset: Ausgrid 138 ===
======================================================================
Native granularity (30 min): 52608 steps
Training: 35040 steps (730 days)
Simulation: 17520 steps (365 days)
Tariff: AU | import rate -0.0106..0.6508 EUR/kWh
  [checkpoint] already complete under this configuration; skipping

======================================================================
=== Dataset: Ausgrid 138 ===
======================================================================
Native granularity (30 min): 52608 steps
Training: 35040 steps (730 days)
Simulation: 17520 steps (365 days)
Tariff: SI | import rate 0.0002..0.2806 EUR/kWh
  [checkpoint] already complete under this configuration; skipping

======================================================================
=== Dataset: Ausgrid 138 ===
======================================================================
Native granularity (30 min): 52608 steps
Training: 35040 steps (730 days)
Simulation: 17520 steps (365 days)
Tariff: AU | import rate -0.0106..0.6508 EUR/kWh
  [Forecaster] hbd: 17568 rows, fit on 35040 training steps
  [Forecaster] cached 17568 rows -> Ausgrid 138__8eadc5857f1b.csv.gz

--- Reactive mode (consumption + generation via Prophet) ---
Simulated steps: 17520 | Reopt.: 17520

--- Oracle mode (all real data) + rule-based controllers (AU) ---
  [oracle] cache hit Ausgrid 138__0ec9cfb5f1dc (17520 steps, 8 rules, whole-period solve included) -- nothing re-solved
  no_battery                       1018.26 EUR   EFC    0.0   peak  7.55 kW
  self_consumption                  923.53 EUR   EFC   63.4   peak  7.55 kW
  fixed_schedule                    817.76 EUR   EFC  110.1   peak  7.46 kW
  delayed_pv_charge                 928.16 EUR   EFC   60.3   peak  7.55 kW
  price_threshold                   778.30 EUR   EFC  169.3   peak  7.46 kW
  price_rank_daily                  772.77 EUR   EFC  172.4   peak  7.46 kW
  tariff_arbitrage                  825.66 EUR   EFC  169.7   peak  6.61 kW
  price_oracle                      780.38 EUR   EFC  168.9   peak  7.46 kW
vs no battery 1018.26 vs MPC oracle 773.66 vs whole-period optimum 771.93 EUR
Forecast day-ahead nMAE: gen 0.424 | con 0.679 | skill vs seasonal-naive: gen -0.102 con +0.061
                                                   No battery Perfect foresight Forecast (Prophet)
KPI                                                                                               
Total cost                                            1018.26  773.32 (-24.1 %)   901.32 (-11.5 %)
Regret vs perfect foresight (% of no-battery cost)          —     0.00 (+0.0 %)   128.00 (+12.6 %)
Energy bought (kWh)                                    5965.7   5415.6 (-9.2 %)    5876.9 (-1.5 %)
Energy sold (kWh)                                      2546.2  1857.0 (-27.1 %)   2282.7 (-10.3 %)

Results saved to: /Users/summerscholl/Documents/ERK-2026/Yoann/results_local/AU_H24_hbd/Ausgrid 138/

======================================================================
=== Dataset: Ausgrid 138 ===
======================================================================
Native granularity (30 min): 52608 steps
Training: 35040 steps (730 days)
Simulation: 17520 steps (365 days)
Tariff: SI | import rate 0.0002..0.2806 EUR/kWh
  [Forecaster] cache hit Ausgrid 138__8eadc5857f1b.csv.gz (17568 rows) -- Prophet not fitted

--- Reactive mode (consumption + generation via Prophet) ---
Simulated steps: 17520 | Reopt.: 17520

--- Oracle mode (all real data) + rule-based controllers (SI) ---
  [oracle] cache hit Ausgrid 138__e792d1618fc1 (17520 steps, 10 rules, whole-period solve included) -- nothing re-solved
  no_battery                        460.29 EUR   EFC    0.0   peak  7.55 kW
  self_consumption                  423.79 EUR   EFC   63.4   peak  7.55 kW
  fixed_schedule                    443.28 EUR   EFC   78.2   peak  7.55 kW
  delayed_pv_charge                 425.76 EUR   EFC   60.3   peak  7.55 kW
  price_threshold                   427.42 EUR   EFC   78.2   peak  7.55 kW
  price_rank_daily                  426.38 EUR   EFC   76.6   peak  7.55 kW
  peak_shaving                      453.96 EUR   EFC   14.3   peak  7.55 kW
  self_consumption_peak_shaving     430.88 EUR   EFC   50.0   peak  7.55 kW
  tariff_arbitrage                  435.62 EUR   EFC  153.3   peak  7.55 kW
  price_oracle                      425.73 EUR   EFC   73.5   peak  7.55 kW
vs no battery 460.29 vs MPC oracle 420.33 vs whole-period optimum 410.97 EUR
Forecast day-ahead nMAE: gen 0.424 | con 0.679 | skill vs seasonal-naive: gen -0.102 con +0.061
                                                   No battery Perfect foresight Forecast (Prophet)
KPI                                                                                               
Total cost                                             426.63   387.39 (-9.2 %)    416.03 (-2.5 %)
Regret vs perfect foresight (% of no-battery cost)          —     0.00 (+0.0 %)     28.64 (+6.7 %)
Energy bought (kWh)                                    5965.7  5362.1 (-10.1 %)    5805.9 (-2.7 %)
Energy sold (kWh)                                      2546.2  1870.7 (-26.5 %)   2260.6 (-11.2 %)

Results saved to: /Users/summerscholl/Documents/ERK-2026/Yoann/results_local/SI_H24_hbd/Ausgrid 138/

======================================================================
=== Dataset: Ausgrid 138 ===
======================================================================
Native granularity (30 min): 52608 steps
Training: 35040 steps (730 days)
Simulation: 17520 steps (365 days)
Tariff: AU | import rate -0.0106..0.6508 EUR/kWh
  [Forecaster] hbd_baseline: 17568 rows, fit on 35040 training steps
  [Forecaster] cached 17568 rows -> Ausgrid 138__e36bb87276db.csv.gz

--- Reactive mode (consumption + generation via Prophet) ---
Simulated steps: 17520 | Reopt.: 17520

--- Oracle mode (all real data) + rule-based controllers (AU) ---
  [oracle] cache hit Ausgrid 138__0ec9cfb5f1dc (17520 steps, 8 rules, whole-period solve included) -- nothing re-solved
  no_battery                       1018.26 EUR   EFC    0.0   peak  7.55 kW
  self_consumption                  923.53 EUR   EFC   63.4   peak  7.55 kW
  fixed_schedule                    817.76 EUR   EFC  110.1   peak  7.46 kW
  delayed_pv_charge                 928.16 EUR   EFC   60.3   peak  7.55 kW
  price_threshold                   778.30 EUR   EFC  169.3   peak  7.46 kW
  price_rank_daily                  772.77 EUR   EFC  172.4   peak  7.46 kW
  tariff_arbitrage                  825.66 EUR   EFC  169.7   peak  6.61 kW
  price_oracle                      780.38 EUR   EFC  168.9   peak  7.46 kW
vs no battery 1018.26 vs MPC oracle 773.66 vs whole-period optimum 771.93 EUR
Forecast day-ahead nMAE: gen 0.904 | con 0.860 | skill vs seasonal-naive: gen -1.350 con -0.190
                                                   No battery Perfect foresight Forecast (Prophet)
KPI                                                                                               
Total cost                                            1018.26  773.32 (-24.1 %)    948.40 (-6.9 %)
Regret vs perfect foresight (% of no-battery cost)          —     0.00 (+0.0 %)   175.08 (+17.2 %)
Energy bought (kWh)                                    5965.7   5415.6 (-9.2 %)    5893.2 (-1.2 %)
Energy sold (kWh)                                      2546.2  1857.0 (-27.1 %)   2259.6 (-11.3 %)

Results saved to: /Users/summerscholl/Documents/ERK-2026/Yoann/results_local/AU_H24_hbd_baseline/Ausgrid 138/

======================================================================
=== Dataset: Ausgrid 138 ===
======================================================================
Native granularity (30 min): 52608 steps
Training: 35040 steps (730 days)
Simulation: 17520 steps (365 days)
Tariff: SI | import rate 0.0002..0.2806 EUR/kWh
  [Forecaster] cache hit Ausgrid 138__e36bb87276db.csv.gz (17568 rows) -- Prophet not fitted

--- Reactive mode (consumption + generation via Prophet) ---
Simulated steps: 17520 | Reopt.: 17520

--- Oracle mode (all real data) + rule-based controllers (SI) ---
  [oracle] cache hit Ausgrid 138__e792d1618fc1 (17520 steps, 10 rules, whole-period solve included) -- nothing re-solved
  no_battery                        460.29 EUR   EFC    0.0   peak  7.55 kW
  self_consumption                  423.79 EUR   EFC   63.4   peak  7.55 kW
  fixed_schedule                    443.28 EUR   EFC   78.2   peak  7.55 kW
  delayed_pv_charge                 425.76 EUR   EFC   60.3   peak  7.55 kW
  price_threshold                   427.42 EUR   EFC   78.2   peak  7.55 kW
  price_rank_daily                  426.38 EUR   EFC   76.6   peak  7.55 kW
  peak_shaving                      453.96 EUR   EFC   14.3   peak  7.55 kW
  self_consumption_peak_shaving     430.88 EUR   EFC   50.0   peak  7.55 kW
  tariff_arbitrage                  435.62 EUR   EFC  153.3   peak  7.55 kW
  price_oracle                      425.73 EUR   EFC   73.5   peak  7.55 kW
vs no battery 460.29 vs MPC oracle 420.33 vs whole-period optimum 410.97 EUR
Forecast day-ahead nMAE: gen 0.904 | con 0.860 | skill vs seasonal-naive: gen -1.350 con -0.190
                                                   No battery Perfect foresight Forecast (Prophet)
KPI                                                                                               
Total cost                                             426.63   387.39 (-9.2 %)    422.45 (-1.0 %)
Regret vs perfect foresight (% of no-battery cost)          —     0.00 (+0.0 %)     35.06 (+8.2 %)
Energy bought (kWh)                                    5965.7  5362.1 (-10.1 %)    5890.0 (-1.3 %)
Energy sold (kWh)                                      2546.2  1870.7 (-26.5 %)   2264.5 (-11.1 %)

Results saved to: /Users/summerscholl/Documents/ERK-2026/Yoann/results_local/SI_H24_hbd_baseline/Ausgrid 138/

======================================================================
=== Dataset: Ausgrid 138 ===
======================================================================
Native granularity (30 min): 52608 steps
Training: 35040 steps (730 days)
Simulation: 17520 steps (365 days)
Tariff: AU | import rate -0.0106..0.6508 EUR/kWh
  [Forecaster] hbd_median14: 17568 rows, fit on 35040 training steps
  [Forecaster] cached 17568 rows -> Ausgrid 138__dff326de0424.csv.gz

--- Reactive mode (consumption + generation via Prophet) ---
Simulated steps: 17520 | Reopt.: 17520

--- Oracle mode (all real data) + rule-based controllers (AU) ---
  [oracle] cache hit Ausgrid 138__0ec9cfb5f1dc (17520 steps, 8 rules, whole-period solve included) -- nothing re-solved
  no_battery                       1018.26 EUR   EFC    0.0   peak  7.55 kW
  self_consumption                  923.53 EUR   EFC   63.4   peak  7.55 kW
  fixed_schedule                    817.76 EUR   EFC  110.1   peak  7.46 kW
  delayed_pv_charge                 928.16 EUR   EFC   60.3   peak  7.55 kW
  price_threshold                   778.30 EUR   EFC  169.3   peak  7.46 kW
  price_rank_daily                  772.77 EUR   EFC  172.4   peak  7.46 kW
  tariff_arbitrage                  825.66 EUR   EFC  169.7   peak  6.61 kW
  price_oracle                      780.38 EUR   EFC  168.9   peak  7.46 kW
vs no battery 1018.26 vs MPC oracle 773.66 vs whole-period optimum 771.93 EUR
Forecast day-ahead nMAE: gen 0.344 | con 0.575 | skill vs seasonal-naive: gen +0.107 con +0.205
                                                   No battery Perfect foresight Forecast (Prophet)
KPI                                                                                               
Total cost                                            1018.26  773.32 (-24.1 %)   862.78 (-15.3 %)
Regret vs perfect foresight (% of no-battery cost)          —     0.00 (+0.0 %)     89.46 (+8.8 %)
Energy bought (kWh)                                    5965.7   5415.6 (-9.2 %)    5925.2 (-0.7 %)
Energy sold (kWh)                                      2546.2  1857.0 (-27.1 %)    2352.3 (-7.6 %)

Results saved to: /Users/summerscholl/Documents/ERK-2026/Yoann/results_local/AU_H24_hbd_median14/Ausgrid 138/

======================================================================
=== Dataset: Ausgrid 138 ===
======================================================================
Native granularity (30 min): 52608 steps
Training: 35040 steps (730 days)
Simulation: 17520 steps (365 days)
Tariff: SI | import rate 0.0002..0.2806 EUR/kWh
  [Forecaster] cache hit Ausgrid 138__dff326de0424.csv.gz (17568 rows) -- Prophet not fitted

--- Reactive mode (consumption + generation via Prophet) ---
Simulated steps: 17520 | Reopt.: 17520

--- Oracle mode (all real data) + rule-based controllers (SI) ---
  [oracle] cache hit Ausgrid 138__e792d1618fc1 (17520 steps, 10 rules, whole-period solve included) -- nothing re-solved
  no_battery                        460.29 EUR   EFC    0.0   peak  7.55 kW
  self_consumption                  423.79 EUR   EFC   63.4   peak  7.55 kW
  fixed_schedule                    443.28 EUR   EFC   78.2   peak  7.55 kW
  delayed_pv_charge                 425.76 EUR   EFC   60.3   peak  7.55 kW
  price_threshold                   427.42 EUR   EFC   78.2   peak  7.55 kW
  price_rank_daily                  426.38 EUR   EFC   76.6   peak  7.55 kW
  peak_shaving                      453.96 EUR   EFC   14.3   peak  7.55 kW
  self_consumption_peak_shaving     430.88 EUR   EFC   50.0   peak  7.55 kW
  tariff_arbitrage                  435.62 EUR   EFC  153.3   peak  7.55 kW
  price_oracle                      425.73 EUR   EFC   73.5   peak  7.55 kW
vs no battery 460.29 vs MPC oracle 420.33 vs whole-period optimum 410.97 EUR
Forecast day-ahead nMAE: gen 0.344 | con 0.575 | skill vs seasonal-naive: gen +0.107 con +0.205
                                                   No battery Perfect foresight Forecast (Prophet)
KPI                                                                                               
Total cost                                             426.63   387.39 (-9.2 %)    412.39 (-3.3 %)
Regret vs perfect foresight (% of no-battery cost)          —     0.00 (+0.0 %)     25.00 (+5.9 %)
Energy bought (kWh)                                    5965.7  5362.1 (-10.1 %)    5763.4 (-3.4 %)
Energy sold (kWh)                                      2546.2  1870.7 (-26.5 %)   2264.0 (-11.1 %)

Results saved to: /Users/summerscholl/Documents/ERK-2026/Yoann/results_local/SI_H24_hbd_median14/Ausgrid 138/

======================================================================
=== Dataset: Ausgrid 138 ===
======================================================================
Native granularity (30 min): 52608 steps
Training: 35040 steps (730 days)
Simulation: 17520 steps (365 days)
Tariff: AU | import rate -0.0106..0.6508 EUR/kWh
  [Forecaster] hbd_median14: 17568 rows, fit on 35040 training steps
  [Forecaster] truth: 17568 rows, nothing fitted
  [Forecaster] hbd_median14_pvtruth: consumption from hbd_median14, generation from truth
  [Forecaster] cached 17568 rows -> Ausgrid 138__e0f58eca0953.csv.gz

--- Reactive mode (consumption + generation via Prophet) ---
Simulated steps: 17520 | Reopt.: 17520

--- Oracle mode (all real data) + rule-based controllers (AU) ---
  [oracle] cache hit Ausgrid 138__0ec9cfb5f1dc (17520 steps, 8 rules, whole-period solve included) -- nothing re-solved
  no_battery                       1018.26 EUR   EFC    0.0   peak  7.55 kW
  self_consumption                  923.53 EUR   EFC   63.4   peak  7.55 kW
  fixed_schedule                    817.76 EUR   EFC  110.1   peak  7.46 kW
  delayed_pv_charge                 928.16 EUR   EFC   60.3   peak  7.55 kW
  price_threshold                   778.30 EUR   EFC  169.3   peak  7.46 kW
  price_rank_daily                  772.77 EUR   EFC  172.4   peak  7.46 kW
  tariff_arbitrage                  825.66 EUR   EFC  169.7   peak  6.61 kW
  price_oracle                      780.38 EUR   EFC  168.9   peak  7.46 kW
vs no battery 1018.26 vs MPC oracle 773.66 vs whole-period optimum 771.93 EUR
Forecast day-ahead nMAE: gen 0.000 | con 0.575 | skill vs seasonal-naive: gen +1.000 con +0.205
                                                   No battery Perfect foresight Forecast (Prophet)
KPI                                                                                               
Total cost                                            1018.26  773.32 (-24.1 %)   851.14 (-16.4 %)
Regret vs perfect foresight (% of no-battery cost)          —     0.00 (+0.0 %)     77.82 (+7.6 %)
Energy bought (kWh)                                    5965.7   5415.6 (-9.2 %)    5836.5 (-2.2 %)
Energy sold (kWh)                                      2546.2  1857.0 (-27.1 %)   2266.8 (-11.0 %)

Results saved to: /Users/summerscholl/Documents/ERK-2026/Yoann/results_local/AU_H24_hbd_median14_pvtruth/Ausgrid 138/

======================================================================
=== Dataset: Ausgrid 138 ===
======================================================================
Native granularity (30 min): 52608 steps
Training: 35040 steps (730 days)
Simulation: 17520 steps (365 days)
Tariff: SI | import rate 0.0002..0.2806 EUR/kWh
  [Forecaster] cache hit Ausgrid 138__e0f58eca0953.csv.gz (17568 rows) -- Prophet not fitted

--- Reactive mode (consumption + generation via Prophet) ---
Simulated steps: 17520 | Reopt.: 17520

--- Oracle mode (all real data) + rule-based controllers (SI) ---
  [oracle] cache hit Ausgrid 138__e792d1618fc1 (17520 steps, 10 rules, whole-period solve included) -- nothing re-solved
  no_battery                        460.29 EUR   EFC    0.0   peak  7.55 kW
  self_consumption                  423.79 EUR   EFC   63.4   peak  7.55 kW
  fixed_schedule                    443.28 EUR   EFC   78.2   peak  7.55 kW
  delayed_pv_charge                 425.76 EUR   EFC   60.3   peak  7.55 kW
  price_threshold                   427.42 EUR   EFC   78.2   peak  7.55 kW
  price_rank_daily                  426.38 EUR   EFC   76.6   peak  7.55 kW
  peak_shaving                      453.96 EUR   EFC   14.3   peak  7.55 kW
  self_consumption_peak_shaving     430.88 EUR   EFC   50.0   peak  7.55 kW
  tariff_arbitrage                  435.62 EUR   EFC  153.3   peak  7.55 kW
  price_oracle                      425.73 EUR   EFC   73.5   peak  7.55 kW
vs no battery 460.29 vs MPC oracle 420.33 vs whole-period optimum 410.97 EUR
Forecast day-ahead nMAE: gen 0.000 | con 0.575 | skill vs seasonal-naive: gen +1.000 con +0.205
                                                   No battery Perfect foresight Forecast (Prophet)
KPI                                                                                               
Total cost                                             426.63   387.39 (-9.2 %)    407.17 (-4.6 %)
Regret vs perfect foresight (% of no-battery cost)          —     0.00 (+0.0 %)     19.78 (+4.6 %)
Energy bought (kWh)                                    5965.7  5362.1 (-10.1 %)    5680.3 (-4.8 %)
Energy sold (kWh)                                      2546.2  1870.7 (-26.5 %)   2183.0 (-14.3 %)

Results saved to: /Users/summerscholl/Documents/ERK-2026/Yoann/results_local/SI_H24_hbd_median14_pvtruth/Ausgrid 138/
