
======================================================================
=== Dataset: Ausgrid 223 ===
======================================================================
Native granularity (30 min): 52608 steps
Training: 35040 steps (730 days)
Simulation: 17520 steps (365 days)
Tariff: AU | import rate -0.0106..0.6508 EUR/kWh
  [checkpoint] already complete under this configuration; skipping

======================================================================
=== Dataset: Ausgrid 223 ===
======================================================================
Native granularity (30 min): 52608 steps
Training: 35040 steps (730 days)
Simulation: 17520 steps (365 days)
Tariff: AU | import rate -0.0106..0.6508 EUR/kWh
  [checkpoint] already complete under this configuration; skipping

======================================================================
=== Dataset: Ausgrid 223 ===
======================================================================
Native granularity (30 min): 52608 steps
Training: 35040 steps (730 days)
Simulation: 17520 steps (365 days)
Tariff: SI | import rate 0.0002..0.2806 EUR/kWh
  [checkpoint] already complete under this configuration; skipping

======================================================================
=== Dataset: Ausgrid 223 ===
======================================================================
Native granularity (30 min): 52608 steps
Training: 35040 steps (730 days)
Simulation: 17520 steps (365 days)
Tariff: SI | import rate 0.0002..0.2806 EUR/kWh
  [checkpoint] already complete under this configuration; skipping

======================================================================
=== Dataset: Ausgrid 223 ===
======================================================================
Native granularity (30 min): 52608 steps
Training: 35040 steps (730 days)
Simulation: 17520 steps (365 days)
Tariff: AU | import rate -0.0106..0.6508 EUR/kWh
  [checkpoint] already complete under this configuration; skipping

======================================================================
=== Dataset: Ausgrid 223 ===
======================================================================
Native granularity (30 min): 52608 steps
Training: 35040 steps (730 days)
Simulation: 17520 steps (365 days)
Tariff: AU | import rate -0.0106..0.6508 EUR/kWh
  [checkpoint] already complete under this configuration; skipping

======================================================================
=== Dataset: Ausgrid 223 ===
======================================================================
Native granularity (30 min): 52608 steps
Training: 35040 steps (730 days)
Simulation: 17520 steps (365 days)
Tariff: SI | import rate 0.0002..0.2806 EUR/kWh
  [checkpoint] already complete under this configuration; skipping

======================================================================
=== Dataset: Ausgrid 223 ===
======================================================================
Native granularity (30 min): 52608 steps
Training: 35040 steps (730 days)
Simulation: 17520 steps (365 days)
Tariff: AU | import rate -0.0106..0.6508 EUR/kWh
  [checkpoint] already complete under this configuration; skipping

======================================================================
=== Dataset: Ausgrid 223 ===
======================================================================
Native granularity (30 min): 52608 steps
Training: 35040 steps (730 days)
Simulation: 17520 steps (365 days)
Tariff: SI | import rate 0.0002..0.2806 EUR/kWh
  [checkpoint] already complete under this configuration; skipping

======================================================================
=== Dataset: Ausgrid 223 ===
======================================================================
Native granularity (30 min): 52608 steps
Training: 35040 steps (730 days)
Simulation: 17520 steps (365 days)
Tariff: AU | import rate -0.0106..0.6508 EUR/kWh
  [checkpoint] already complete under this configuration; skipping

======================================================================
=== Dataset: Ausgrid 223 ===
======================================================================
Native granularity (30 min): 52608 steps
Training: 35040 steps (730 days)
Simulation: 17520 steps (365 days)
Tariff: SI | import rate 0.0002..0.2806 EUR/kWh
  [checkpoint] already complete under this configuration; skipping

======================================================================
=== Dataset: Ausgrid 223 ===
======================================================================
Native granularity (30 min): 52608 steps
Training: 35040 steps (730 days)
Simulation: 17520 steps (365 days)
Tariff: AU | import rate -0.0106..0.6508 EUR/kWh
  [checkpoint] already complete under this configuration; skipping

======================================================================
=== Dataset: Ausgrid 223 ===
======================================================================
Native granularity (30 min): 52608 steps
Training: 35040 steps (730 days)
Simulation: 17520 steps (365 days)
Tariff: SI | import rate 0.0002..0.2806 EUR/kWh
  [checkpoint] already complete under this configuration; skipping

======================================================================
=== Dataset: Ausgrid 223 ===
======================================================================
Native granularity (30 min): 52608 steps
Training: 35040 steps (730 days)
Simulation: 17520 steps (365 days)
Tariff: AU | import rate -0.0106..0.6508 EUR/kWh
  [checkpoint] already complete under this configuration; skipping

======================================================================
=== Dataset: Ausgrid 223 ===
======================================================================
Native granularity (30 min): 52608 steps
Training: 35040 steps (730 days)
Simulation: 17520 steps (365 days)
Tariff: SI | import rate 0.0002..0.2806 EUR/kWh
  [checkpoint] already complete under this configuration; skipping

======================================================================
=== Dataset: Ausgrid 223 ===
======================================================================
Native granularity (30 min): 52608 steps
Training: 35040 steps (730 days)
Simulation: 17520 steps (365 days)
Tariff: AU | import rate -0.0106..0.6508 EUR/kWh
  [checkpoint] already complete under this configuration; skipping

======================================================================
=== Dataset: Ausgrid 223 ===
======================================================================
Native granularity (30 min): 52608 steps
Training: 35040 steps (730 days)
Simulation: 17520 steps (365 days)
Tariff: SI | import rate 0.0002..0.2806 EUR/kWh
  [checkpoint] already complete under this configuration; skipping

======================================================================
=== Dataset: Ausgrid 223 ===
======================================================================
Native granularity (30 min): 52608 steps
Training: 35040 steps (730 days)
Simulation: 17520 steps (365 days)
Tariff: AU | import rate -0.0106..0.6508 EUR/kWh
  [checkpoint] already complete under this configuration; skipping

======================================================================
=== Dataset: Ausgrid 223 ===
======================================================================
Native granularity (30 min): 52608 steps
Training: 35040 steps (730 days)
Simulation: 17520 steps (365 days)
Tariff: SI | import rate 0.0002..0.2806 EUR/kWh
  [checkpoint] already complete under this configuration; skipping

======================================================================
=== Dataset: Ausgrid 223 ===
======================================================================
Native granularity (30 min): 52608 steps
Training: 35040 steps (730 days)
Simulation: 17520 steps (365 days)
Tariff: AU | import rate -0.0106..0.6508 EUR/kWh
  [checkpoint] already complete under this configuration; skipping

======================================================================
=== Dataset: Ausgrid 223 ===
======================================================================
Native granularity (30 min): 52608 steps
Training: 35040 steps (730 days)
Simulation: 17520 steps (365 days)
Tariff: SI | import rate 0.0002..0.2806 EUR/kWh
  [checkpoint] already complete under this configuration; skipping

======================================================================
=== Dataset: Ausgrid 223 ===
======================================================================
Native granularity (30 min): 52608 steps
Training: 35040 steps (730 days)
Simulation: 17520 steps (365 days)
Tariff: AU | import rate -0.0106..0.6508 EUR/kWh
  [checkpoint] already complete under this configuration; skipping

======================================================================
=== Dataset: Ausgrid 223 ===
======================================================================
Native granularity (30 min): 52608 steps
Training: 35040 steps (730 days)
Simulation: 17520 steps (365 days)
Tariff: SI | import rate 0.0002..0.2806 EUR/kWh
  [checkpoint] already complete under this configuration; skipping

======================================================================
=== Dataset: Ausgrid 223 ===
======================================================================
Native granularity (30 min): 52608 steps
Training: 35040 steps (730 days)
Simulation: 17520 steps (365 days)
Tariff: AU | import rate -0.0106..0.6508 EUR/kWh
  [Forecaster] hbd: 17568 rows, fit on 35040 training steps
  [Forecaster] cached 17568 rows -> Ausgrid 223__2534b38d9a1a.csv.gz

--- Reactive mode (consumption + generation via Prophet) ---
Simulated steps: 17520 | Reopt.: 17520

--- Oracle mode (all real data) + rule-based controllers (AU) ---
  [oracle] cache hit Ausgrid 223__0cfccca45804 (17520 steps, 8 rules, whole-period solve included) -- nothing re-solved
  no_battery                        673.56 EUR   EFC    0.0   peak  7.56 kW
  self_consumption                  557.36 EUR   EFC   64.6   peak  7.56 kW
  fixed_schedule                    479.50 EUR   EFC  105.6   peak  7.56 kW
  delayed_pv_charge                 557.56 EUR   EFC   64.4   peak  7.56 kW
  price_threshold                   445.36 EUR   EFC  188.1   peak  7.56 kW
  price_rank_daily                  442.23 EUR   EFC  189.4   peak  7.56 kW
  tariff_arbitrage                  503.10 EUR   EFC  157.4   peak  6.86 kW
  price_oracle                      442.67 EUR   EFC  187.1   peak  7.56 kW
vs no battery 673.56 vs MPC oracle 443.66 vs whole-period optimum 441.80 EUR
Forecast day-ahead nMAE: gen 0.382 | con 0.646 | skill vs seasonal-naive: gen +0.068 con +0.138
                                                   No battery Perfect foresight Forecast (Prophet)
KPI                                                                                               
Total cost                                             673.56  442.86 (-34.3 %)   537.88 (-20.1 %)
Regret vs perfect foresight (% of no-battery cost)          —     0.00 (+0.0 %)    95.02 (+14.1 %)
Energy bought (kWh)                                    3304.8  2763.7 (-16.4 %)    3291.3 (-0.4 %)
Energy sold (kWh)                                       723.4    61.0 (-91.6 %)    595.9 (-17.6 %)

Results saved to: /Users/summerscholl/Documents/ERK-2026/Yoann/results_local/AU_H24_hbd/Ausgrid 223/

======================================================================
=== Dataset: Ausgrid 223 ===
======================================================================
Native granularity (30 min): 52608 steps
Training: 35040 steps (730 days)
Simulation: 17520 steps (365 days)
Tariff: SI | import rate 0.0002..0.2806 EUR/kWh
  [Forecaster] cache hit Ausgrid 223__2534b38d9a1a.csv.gz (17568 rows) -- Prophet not fitted

--- Reactive mode (consumption + generation via Prophet) ---
Simulated steps: 17520 | Reopt.: 17520

--- Oracle mode (all real data) + rule-based controllers (SI) ---
  [oracle] cache hit Ausgrid 223__3332f082f518 (17520 steps, 10 rules, whole-period solve included) -- nothing re-solved
  no_battery                        288.78 EUR   EFC    0.0   peak  7.56 kW
  self_consumption                  252.54 EUR   EFC   64.6   peak  7.56 kW
  fixed_schedule                    269.06 EUR   EFC   73.4   peak  7.56 kW
  delayed_pv_charge                 252.55 EUR   EFC   64.4   peak  7.56 kW
  price_threshold                   254.97 EUR   EFC   86.4   peak  7.56 kW
  price_rank_daily                  253.10 EUR   EFC   85.0   peak  7.56 kW
  peak_shaving                      268.24 EUR   EFC   27.5   peak  6.06 kW
  self_consumption_peak_shaving     246.44 EUR   EFC   68.9   peak  6.06 kW
  tariff_arbitrage                  263.00 EUR   EFC  167.0   peak  6.86 kW
  price_oracle                      253.52 EUR   EFC   86.2   peak  7.56 kW
vs no battery 288.78 vs MPC oracle 245.83 vs whole-period optimum 243.52 EUR
Forecast day-ahead nMAE: gen 0.382 | con 0.646 | skill vs seasonal-naive: gen +0.068 con +0.138
                                                   No battery Perfect foresight Forecast (Prophet)
KPI                                                                                               
Total cost                                             270.78  229.55 (-15.2 %)    258.14 (-4.7 %)
Regret vs perfect foresight (% of no-battery cost)          —     0.00 (+0.0 %)    28.59 (+10.6 %)
Energy bought (kWh)                                    3304.8  2712.9 (-17.9 %)    3183.2 (-3.7 %)
Energy sold (kWh)                                       723.4    66.4 (-90.8 %)    544.9 (-24.7 %)

Results saved to: /Users/summerscholl/Documents/ERK-2026/Yoann/results_local/SI_H24_hbd/Ausgrid 223/

======================================================================
=== Dataset: Ausgrid 223 ===
======================================================================
Native granularity (30 min): 52608 steps
Training: 35040 steps (730 days)
Simulation: 17520 steps (365 days)
Tariff: AU | import rate -0.0106..0.6508 EUR/kWh
  [Forecaster] hbd_baseline: 17568 rows, fit on 35040 training steps
  [Forecaster] cached 17568 rows -> Ausgrid 223__f28eacf73681.csv.gz

--- Reactive mode (consumption + generation via Prophet) ---
Simulated steps: 17520 | Reopt.: 17520

--- Oracle mode (all real data) + rule-based controllers (AU) ---
  [oracle] cache hit Ausgrid 223__0cfccca45804 (17520 steps, 8 rules, whole-period solve included) -- nothing re-solved
  no_battery                        673.56 EUR   EFC    0.0   peak  7.56 kW
  self_consumption                  557.36 EUR   EFC   64.6   peak  7.56 kW
  fixed_schedule                    479.50 EUR   EFC  105.6   peak  7.56 kW
  delayed_pv_charge                 557.56 EUR   EFC   64.4   peak  7.56 kW
  price_threshold                   445.36 EUR   EFC  188.1   peak  7.56 kW
  price_rank_daily                  442.23 EUR   EFC  189.4   peak  7.56 kW
  tariff_arbitrage                  503.10 EUR   EFC  157.4   peak  6.86 kW
  price_oracle                      442.67 EUR   EFC  187.1   peak  7.56 kW
vs no battery 673.56 vs MPC oracle 443.66 vs whole-period optimum 441.80 EUR
Forecast day-ahead nMAE: gen 0.449 | con 0.749 | skill vs seasonal-naive: gen -0.097 con +0.000
                                                   No battery Perfect foresight Forecast (Prophet)
KPI                                                                                               
Total cost                                             673.56  442.86 (-34.3 %)   554.37 (-17.7 %)
Regret vs perfect foresight (% of no-battery cost)          —     0.00 (+0.0 %)   111.50 (+16.6 %)
Energy bought (kWh)                                    3304.8  2763.7 (-16.4 %)    3294.3 (-0.3 %)
Energy sold (kWh)                                       723.4    61.0 (-91.6 %)    615.5 (-14.9 %)

Results saved to: /Users/summerscholl/Documents/ERK-2026/Yoann/results_local/AU_H24_hbd_baseline/Ausgrid 223/

======================================================================
=== Dataset: Ausgrid 223 ===
======================================================================
Native granularity (30 min): 52608 steps
Training: 35040 steps (730 days)
Simulation: 17520 steps (365 days)
Tariff: SI | import rate 0.0002..0.2806 EUR/kWh
  [Forecaster] cache hit Ausgrid 223__f28eacf73681.csv.gz (17568 rows) -- Prophet not fitted

--- Reactive mode (consumption + generation via Prophet) ---
Simulated steps: 17520 | Reopt.: 17520

--- Oracle mode (all real data) + rule-based controllers (SI) ---
  [oracle] cache hit Ausgrid 223__3332f082f518 (17520 steps, 10 rules, whole-period solve included) -- nothing re-solved
  no_battery                        288.78 EUR   EFC    0.0   peak  7.56 kW
  self_consumption                  252.54 EUR   EFC   64.6   peak  7.56 kW
  fixed_schedule                    269.06 EUR   EFC   73.4   peak  7.56 kW
  delayed_pv_charge                 252.55 EUR   EFC   64.4   peak  7.56 kW
  price_threshold                   254.97 EUR   EFC   86.4   peak  7.56 kW
  price_rank_daily                  253.10 EUR   EFC   85.0   peak  7.56 kW
  peak_shaving                      268.24 EUR   EFC   27.5   peak  6.06 kW
  self_consumption_peak_shaving     246.44 EUR   EFC   68.9   peak  6.06 kW
  tariff_arbitrage                  263.00 EUR   EFC  167.0   peak  6.86 kW
  price_oracle                      253.52 EUR   EFC   86.2   peak  7.56 kW
vs no battery 288.78 vs MPC oracle 245.83 vs whole-period optimum 243.52 EUR
Forecast day-ahead nMAE: gen 0.449 | con 0.749 | skill vs seasonal-naive: gen -0.097 con +0.000
                                                   No battery Perfect foresight Forecast (Prophet)
KPI                                                                                               
Total cost                                             270.78  229.55 (-15.2 %)    258.66 (-4.5 %)
Regret vs perfect foresight (% of no-battery cost)          —     0.00 (+0.0 %)    29.11 (+10.8 %)
Energy bought (kWh)                                    3304.8  2712.9 (-17.9 %)    3186.0 (-3.6 %)
Energy sold (kWh)                                       723.4    66.4 (-90.8 %)    556.2 (-23.1 %)

Results saved to: /Users/summerscholl/Documents/ERK-2026/Yoann/results_local/SI_H24_hbd_baseline/Ausgrid 223/

======================================================================
=== Dataset: Ausgrid 223 ===
======================================================================
Native granularity (30 min): 52608 steps
Training: 35040 steps (730 days)
Simulation: 17520 steps (365 days)
Tariff: AU | import rate -0.0106..0.6508 EUR/kWh
  [Forecaster] hbd_median14: 17568 rows, fit on 35040 training steps
  [Forecaster] cached 17568 rows -> Ausgrid 223__aa4482226eac.csv.gz

--- Reactive mode (consumption + generation via Prophet) ---
Simulated steps: 17520 | Reopt.: 17520

--- Oracle mode (all real data) + rule-based controllers (AU) ---
  [oracle] cache hit Ausgrid 223__0cfccca45804 (17520 steps, 8 rules, whole-period solve included) -- nothing re-solved
  no_battery                        673.56 EUR   EFC    0.0   peak  7.56 kW
  self_consumption                  557.36 EUR   EFC   64.6   peak  7.56 kW
  fixed_schedule                    479.50 EUR   EFC  105.6   peak  7.56 kW
  delayed_pv_charge                 557.56 EUR   EFC   64.4   peak  7.56 kW
  price_threshold                   445.36 EUR   EFC  188.1   peak  7.56 kW
  price_rank_daily                  442.23 EUR   EFC  189.4   peak  7.56 kW
  tariff_arbitrage                  503.10 EUR   EFC  157.4   peak  6.86 kW
  price_oracle                      442.67 EUR   EFC  187.1   peak  7.56 kW
vs no battery 673.56 vs MPC oracle 443.66 vs whole-period optimum 441.80 EUR
Forecast day-ahead nMAE: gen 0.356 | con 0.570 | skill vs seasonal-naive: gen +0.132 con +0.239
                                                   No battery Perfect foresight Forecast (Prophet)
KPI                                                                                               
Total cost                                             673.56  442.86 (-34.3 %)   535.74 (-20.5 %)
Regret vs perfect foresight (% of no-battery cost)          —     0.00 (+0.0 %)    92.88 (+13.8 %)
Energy bought (kWh)                                    3304.8  2763.7 (-16.4 %)    3197.6 (-3.2 %)
Energy sold (kWh)                                       723.4    61.0 (-91.6 %)    493.0 (-31.8 %)

Results saved to: /Users/summerscholl/Documents/ERK-2026/Yoann/results_local/AU_H24_hbd_median14/Ausgrid 223/

======================================================================
=== Dataset: Ausgrid 223 ===
======================================================================
Native granularity (30 min): 52608 steps
Training: 35040 steps (730 days)
Simulation: 17520 steps (365 days)
Tariff: SI | import rate 0.0002..0.2806 EUR/kWh
  [Forecaster] cache hit Ausgrid 223__aa4482226eac.csv.gz (17568 rows) -- Prophet not fitted

--- Reactive mode (consumption + generation via Prophet) ---
Simulated steps: 17520 | Reopt.: 17520

--- Oracle mode (all real data) + rule-based controllers (SI) ---
  [oracle] cache hit Ausgrid 223__3332f082f518 (17520 steps, 10 rules, whole-period solve included) -- nothing re-solved
  no_battery                        288.78 EUR   EFC    0.0   peak  7.56 kW
  self_consumption                  252.54 EUR   EFC   64.6   peak  7.56 kW
  fixed_schedule                    269.06 EUR   EFC   73.4   peak  7.56 kW
  delayed_pv_charge                 252.55 EUR   EFC   64.4   peak  7.56 kW
  price_threshold                   254.97 EUR   EFC   86.4   peak  7.56 kW
  price_rank_daily                  253.10 EUR   EFC   85.0   peak  7.56 kW
  peak_shaving                      268.24 EUR   EFC   27.5   peak  6.06 kW
  self_consumption_peak_shaving     246.44 EUR   EFC   68.9   peak  6.06 kW
  tariff_arbitrage                  263.00 EUR   EFC  167.0   peak  6.86 kW
  price_oracle                      253.52 EUR   EFC   86.2   peak  7.56 kW
vs no battery 288.78 vs MPC oracle 245.83 vs whole-period optimum 243.52 EUR
Forecast day-ahead nMAE: gen 0.356 | con 0.570 | skill vs seasonal-naive: gen +0.132 con +0.239
                                                   No battery Perfect foresight Forecast (Prophet)
KPI                                                                                               
Total cost                                             270.78  229.55 (-15.2 %)    254.29 (-6.1 %)
Regret vs perfect foresight (% of no-battery cost)          —     0.00 (+0.0 %)     24.74 (+9.1 %)
Energy bought (kWh)                                    3304.8  2712.9 (-17.9 %)    3110.3 (-5.9 %)
Energy sold (kWh)                                       723.4    66.4 (-90.8 %)    457.6 (-36.7 %)

Results saved to: /Users/summerscholl/Documents/ERK-2026/Yoann/results_local/SI_H24_hbd_median14/Ausgrid 223/

======================================================================
=== Dataset: Ausgrid 223 ===
======================================================================
Native granularity (30 min): 52608 steps
Training: 35040 steps (730 days)
Simulation: 17520 steps (365 days)
Tariff: AU | import rate -0.0106..0.6508 EUR/kWh
  [Forecaster] hbd_median14: 17568 rows, fit on 35040 training steps
  [Forecaster] truth: 17568 rows, nothing fitted
  [Forecaster] hbd_median14_pvtruth: consumption from hbd_median14, generation from truth
  [Forecaster] cached 17568 rows -> Ausgrid 223__d13208dc01a0.csv.gz

--- Reactive mode (consumption + generation via Prophet) ---
Simulated steps: 17520 | Reopt.: 17520

--- Oracle mode (all real data) + rule-based controllers (AU) ---
  [oracle] cache hit Ausgrid 223__0cfccca45804 (17520 steps, 8 rules, whole-period solve included) -- nothing re-solved
  no_battery                        673.56 EUR   EFC    0.0   peak  7.56 kW
  self_consumption                  557.36 EUR   EFC   64.6   peak  7.56 kW
  fixed_schedule                    479.50 EUR   EFC  105.6   peak  7.56 kW
  delayed_pv_charge                 557.56 EUR   EFC   64.4   peak  7.56 kW
  price_threshold                   445.36 EUR   EFC  188.1   peak  7.56 kW
  price_rank_daily                  442.23 EUR   EFC  189.4   peak  7.56 kW
  tariff_arbitrage                  503.10 EUR   EFC  157.4   peak  6.86 kW
  price_oracle                      442.67 EUR   EFC  187.1   peak  7.56 kW
vs no battery 673.56 vs MPC oracle 443.66 vs whole-period optimum 441.80 EUR
Forecast day-ahead nMAE: gen 0.000 | con 0.570 | skill vs seasonal-naive: gen +1.000 con +0.239
                                                   No battery Perfect foresight Forecast (Prophet)
KPI                                                                                               
Total cost                                             673.56  442.86 (-34.3 %)   522.15 (-22.5 %)
Regret vs perfect foresight (% of no-battery cost)          —     0.00 (+0.0 %)    79.28 (+11.8 %)
Energy bought (kWh)                                    3304.8  2763.7 (-16.4 %)    3125.0 (-5.4 %)
Energy sold (kWh)                                       723.4    61.0 (-91.6 %)    422.3 (-41.6 %)

Results saved to: /Users/summerscholl/Documents/ERK-2026/Yoann/results_local/AU_H24_hbd_median14_pvtruth/Ausgrid 223/

======================================================================
=== Dataset: Ausgrid 223 ===
======================================================================
Native granularity (30 min): 52608 steps
Training: 35040 steps (730 days)
Simulation: 17520 steps (365 days)
Tariff: SI | import rate 0.0002..0.2806 EUR/kWh
  [Forecaster] cache hit Ausgrid 223__d13208dc01a0.csv.gz (17568 rows) -- Prophet not fitted

--- Reactive mode (consumption + generation via Prophet) ---
Simulated steps: 17520 | Reopt.: 17520

--- Oracle mode (all real data) + rule-based controllers (SI) ---
  [oracle] cache hit Ausgrid 223__3332f082f518 (17520 steps, 10 rules, whole-period solve included) -- nothing re-solved
  no_battery                        288.78 EUR   EFC    0.0   peak  7.56 kW
  self_consumption                  252.54 EUR   EFC   64.6   peak  7.56 kW
  fixed_schedule                    269.06 EUR   EFC   73.4   peak  7.56 kW
  delayed_pv_charge                 252.55 EUR   EFC   64.4   peak  7.56 kW
  price_threshold                   254.97 EUR   EFC   86.4   peak  7.56 kW
  price_rank_daily                  253.10 EUR   EFC   85.0   peak  7.56 kW
  peak_shaving                      268.24 EUR   EFC   27.5   peak  6.06 kW
  self_consumption_peak_shaving     246.44 EUR   EFC   68.9   peak  6.06 kW
  tariff_arbitrage                  263.00 EUR   EFC  167.0   peak  6.86 kW
  price_oracle                      253.52 EUR   EFC   86.2   peak  7.56 kW
vs no battery 288.78 vs MPC oracle 245.83 vs whole-period optimum 243.52 EUR
Forecast day-ahead nMAE: gen 0.000 | con 0.570 | skill vs seasonal-naive: gen +1.000 con +0.239
                                                   No battery Perfect foresight Forecast (Prophet)
KPI                                                                                               
Total cost                                             270.78  229.55 (-15.2 %)    248.90 (-8.1 %)
Regret vs perfect foresight (% of no-battery cost)          —     0.00 (+0.0 %)     19.35 (+7.1 %)
Energy bought (kWh)                                    3304.8  2712.9 (-17.9 %)    3019.8 (-8.6 %)
Energy sold (kWh)                                       723.4    66.4 (-90.8 %)    372.1 (-48.6 %)

Results saved to: /Users/summerscholl/Documents/ERK-2026/Yoann/results_local/SI_H24_hbd_median14_pvtruth/Ausgrid 223/
