
======================================================================
=== Dataset: Ausgrid 158 ===
======================================================================
Native granularity (30 min): 52608 steps
Training: 35040 steps (730 days)
Simulation: 17520 steps (365 days)
Tariff: AU | import rate -0.0106..0.6508 EUR/kWh
  [checkpoint] already complete under this configuration; skipping

======================================================================
=== Dataset: Ausgrid 158 ===
======================================================================
Native granularity (30 min): 52608 steps
Training: 35040 steps (730 days)
Simulation: 17520 steps (365 days)
Tariff: AU | import rate -0.0106..0.6508 EUR/kWh
  [checkpoint] already complete under this configuration; skipping

======================================================================
=== Dataset: Ausgrid 158 ===
======================================================================
Native granularity (30 min): 52608 steps
Training: 35040 steps (730 days)
Simulation: 17520 steps (365 days)
Tariff: SI | import rate 0.0002..0.2806 EUR/kWh
  [checkpoint] already complete under this configuration; skipping

======================================================================
=== Dataset: Ausgrid 158 ===
======================================================================
Native granularity (30 min): 52608 steps
Training: 35040 steps (730 days)
Simulation: 17520 steps (365 days)
Tariff: SI | import rate 0.0002..0.2806 EUR/kWh
  [checkpoint] already complete under this configuration; skipping

======================================================================
=== Dataset: Ausgrid 158 ===
======================================================================
Native granularity (30 min): 52608 steps
Training: 35040 steps (730 days)
Simulation: 17520 steps (365 days)
Tariff: AU | import rate -0.0106..0.6508 EUR/kWh
  [checkpoint] already complete under this configuration; skipping

======================================================================
=== Dataset: Ausgrid 158 ===
======================================================================
Native granularity (30 min): 52608 steps
Training: 35040 steps (730 days)
Simulation: 17520 steps (365 days)
Tariff: AU | import rate -0.0106..0.6508 EUR/kWh
  [checkpoint] already complete under this configuration; skipping

======================================================================
=== Dataset: Ausgrid 158 ===
======================================================================
Native granularity (30 min): 52608 steps
Training: 35040 steps (730 days)
Simulation: 17520 steps (365 days)
Tariff: SI | import rate 0.0002..0.2806 EUR/kWh
  [checkpoint] already complete under this configuration; skipping

======================================================================
=== Dataset: Ausgrid 158 ===
======================================================================
Native granularity (30 min): 52608 steps
Training: 35040 steps (730 days)
Simulation: 17520 steps (365 days)
Tariff: AU | import rate -0.0106..0.6508 EUR/kWh
  [checkpoint] already complete under this configuration; skipping

======================================================================
=== Dataset: Ausgrid 158 ===
======================================================================
Native granularity (30 min): 52608 steps
Training: 35040 steps (730 days)
Simulation: 17520 steps (365 days)
Tariff: SI | import rate 0.0002..0.2806 EUR/kWh
  [checkpoint] already complete under this configuration; skipping

======================================================================
=== Dataset: Ausgrid 158 ===
======================================================================
Native granularity (30 min): 52608 steps
Training: 35040 steps (730 days)
Simulation: 17520 steps (365 days)
Tariff: AU | import rate -0.0106..0.6508 EUR/kWh
  [checkpoint] already complete under this configuration; skipping

======================================================================
=== Dataset: Ausgrid 158 ===
======================================================================
Native granularity (30 min): 52608 steps
Training: 35040 steps (730 days)
Simulation: 17520 steps (365 days)
Tariff: SI | import rate 0.0002..0.2806 EUR/kWh
  [checkpoint] already complete under this configuration; skipping

======================================================================
=== Dataset: Ausgrid 158 ===
======================================================================
Native granularity (30 min): 52608 steps
Training: 35040 steps (730 days)
Simulation: 17520 steps (365 days)
Tariff: AU | import rate -0.0106..0.6508 EUR/kWh
  [checkpoint] already complete under this configuration; skipping

======================================================================
=== Dataset: Ausgrid 158 ===
======================================================================
Native granularity (30 min): 52608 steps
Training: 35040 steps (730 days)
Simulation: 17520 steps (365 days)
Tariff: SI | import rate 0.0002..0.2806 EUR/kWh
  [checkpoint] already complete under this configuration; skipping

======================================================================
=== Dataset: Ausgrid 158 ===
======================================================================
Native granularity (30 min): 52608 steps
Training: 35040 steps (730 days)
Simulation: 17520 steps (365 days)
Tariff: AU | import rate -0.0106..0.6508 EUR/kWh
  [checkpoint] already complete under this configuration; skipping

======================================================================
=== Dataset: Ausgrid 158 ===
======================================================================
Native granularity (30 min): 52608 steps
Training: 35040 steps (730 days)
Simulation: 17520 steps (365 days)
Tariff: SI | import rate 0.0002..0.2806 EUR/kWh
  [checkpoint] already complete under this configuration; skipping

======================================================================
=== Dataset: Ausgrid 158 ===
======================================================================
Native granularity (30 min): 52608 steps
Training: 35040 steps (730 days)
Simulation: 17520 steps (365 days)
Tariff: AU | import rate -0.0106..0.6508 EUR/kWh
  [checkpoint] already complete under this configuration; skipping

======================================================================
=== Dataset: Ausgrid 158 ===
======================================================================
Native granularity (30 min): 52608 steps
Training: 35040 steps (730 days)
Simulation: 17520 steps (365 days)
Tariff: SI | import rate 0.0002..0.2806 EUR/kWh
  [checkpoint] already complete under this configuration; skipping

======================================================================
=== Dataset: Ausgrid 158 ===
======================================================================
Native granularity (30 min): 52608 steps
Training: 35040 steps (730 days)
Simulation: 17520 steps (365 days)
Tariff: AU | import rate -0.0106..0.6508 EUR/kWh
  [checkpoint] already complete under this configuration; skipping

======================================================================
=== Dataset: Ausgrid 158 ===
======================================================================
Native granularity (30 min): 52608 steps
Training: 35040 steps (730 days)
Simulation: 17520 steps (365 days)
Tariff: SI | import rate 0.0002..0.2806 EUR/kWh
  [checkpoint] already complete under this configuration; skipping

======================================================================
=== Dataset: Ausgrid 158 ===
======================================================================
Native granularity (30 min): 52608 steps
Training: 35040 steps (730 days)
Simulation: 17520 steps (365 days)
Tariff: AU | import rate -0.0106..0.6508 EUR/kWh
  [checkpoint] already complete under this configuration; skipping

======================================================================
=== Dataset: Ausgrid 158 ===
======================================================================
Native granularity (30 min): 52608 steps
Training: 35040 steps (730 days)
Simulation: 17520 steps (365 days)
Tariff: SI | import rate 0.0002..0.2806 EUR/kWh
  [checkpoint] already complete under this configuration; skipping

======================================================================
=== Dataset: Ausgrid 158 ===
======================================================================
Native granularity (30 min): 52608 steps
Training: 35040 steps (730 days)
Simulation: 17520 steps (365 days)
Tariff: AU | import rate -0.0106..0.6508 EUR/kWh
  [checkpoint] already complete under this configuration; skipping

======================================================================
=== Dataset: Ausgrid 158 ===
======================================================================
Native granularity (30 min): 52608 steps
Training: 35040 steps (730 days)
Simulation: 17520 steps (365 days)
Tariff: SI | import rate 0.0002..0.2806 EUR/kWh
  [checkpoint] already complete under this configuration; skipping

======================================================================
=== Dataset: Ausgrid 158 ===
======================================================================
Native granularity (30 min): 52608 steps
Training: 35040 steps (730 days)
Simulation: 17520 steps (365 days)
Tariff: AU | import rate -0.0106..0.6508 EUR/kWh
  [Forecaster] hbd: 17568 rows, fit on 35040 training steps
  [Forecaster] cached 17568 rows -> Ausgrid 158__7ce6ab6f508e.csv.gz

--- Reactive mode (consumption + generation via Prophet) ---
Simulated steps: 17520 | Reopt.: 17520

--- Oracle mode (all real data) + rule-based controllers (AU) ---
  [oracle] cache hit Ausgrid 158__124226defc4f (17520 steps, 8 rules, whole-period solve included) -- nothing re-solved
  no_battery                       1095.97 EUR   EFC    0.0   peak  4.66 kW
  self_consumption                  832.06 EUR   EFC  137.9   peak  4.41 kW
  fixed_schedule                    806.07 EUR   EFC  145.7   peak  4.41 kW
  delayed_pv_charge                 837.80 EUR   EFC  133.6   peak  4.41 kW
  price_threshold                   749.19 EUR   EFC  239.4   peak  5.58 kW
  price_rank_daily                  747.07 EUR   EFC  241.7   peak  5.58 kW
  tariff_arbitrage                  817.23 EUR   EFC  271.9   peak  5.58 kW
  price_oracle                      747.97 EUR   EFC  238.1   peak  5.58 kW
vs no battery 1095.97 vs MPC oracle 747.02 vs whole-period optimum 746.15 EUR
Forecast day-ahead nMAE: gen 0.401 | con 0.267 | skill vs seasonal-naive: gen -0.031 con +0.006
                                                   No battery Perfect foresight Forecast (Prophet)
KPI                                                                                               
Total cost                                            1095.97  746.21 (-31.9 %)   808.31 (-26.2 %)
Regret vs perfect foresight (% of no-battery cost)          —     0.00 (+0.0 %)     62.10 (+5.7 %)
Energy bought (kWh)                                    6029.8  4712.5 (-21.8 %)   5104.8 (-15.3 %)
Energy sold (kWh)                                      2108.6   601.1 (-71.5 %)    993.5 (-52.9 %)

Results saved to: /Users/summerscholl/Documents/ERK-2026/Yoann/results_local/AU_H24_hbd/Ausgrid 158/

======================================================================
=== Dataset: Ausgrid 158 ===
======================================================================
Native granularity (30 min): 52608 steps
Training: 35040 steps (730 days)
Simulation: 17520 steps (365 days)
Tariff: SI | import rate 0.0002..0.2806 EUR/kWh
  [Forecaster] cache hit Ausgrid 158__7ce6ab6f508e.csv.gz (17568 rows) -- Prophet not fitted

--- Reactive mode (consumption + generation via Prophet) ---
Simulated steps: 17520 | Reopt.: 17520

--- Oracle mode (all real data) + rule-based controllers (SI) ---
  [oracle] cache hit Ausgrid 158__d5e368211e2e (17520 steps, 10 rules, whole-period solve included) -- nothing re-solved
  no_battery                        461.39 EUR   EFC    0.0   peak  4.66 kW
  self_consumption                  381.95 EUR   EFC  137.9   peak  4.41 kW
  fixed_schedule                    428.58 EUR   EFC   87.5   peak  4.66 kW
  delayed_pv_charge                 384.48 EUR   EFC  133.6   peak  4.41 kW
  price_threshold                   385.76 EUR   EFC  161.0   peak  4.09 kW
  price_rank_daily                  382.01 EUR   EFC  159.0   peak  4.41 kW
  peak_shaving                      442.87 EUR   EFC   35.9   peak  3.18 kW
  self_consumption_peak_shaving     403.54 EUR   EFC  121.8   peak  4.09 kW
  tariff_arbitrage                  423.21 EUR   EFC  256.1   peak  4.09 kW
  price_oracle                      383.09 EUR   EFC  159.3   peak  4.41 kW
vs no battery 461.39 vs MPC oracle 374.73 vs whole-period optimum 368.80 EUR
Forecast day-ahead nMAE: gen 0.401 | con 0.267 | skill vs seasonal-naive: gen -0.031 con +0.006
                                                   No battery Perfect foresight Forecast (Prophet)
KPI                                                                                               
Total cost                                             449.84  360.49 (-19.9 %)   386.65 (-14.0 %)
Regret vs perfect foresight (% of no-battery cost)          —     0.00 (+0.0 %)     26.16 (+5.8 %)
Energy bought (kWh)                                    6029.8  4680.8 (-22.4 %)   5105.9 (-15.3 %)
Energy sold (kWh)                                      2108.6   611.2 (-71.0 %)   1034.6 (-50.9 %)

Results saved to: /Users/summerscholl/Documents/ERK-2026/Yoann/results_local/SI_H24_hbd/Ausgrid 158/

======================================================================
=== Dataset: Ausgrid 158 ===
======================================================================
Native granularity (30 min): 52608 steps
Training: 35040 steps (730 days)
Simulation: 17520 steps (365 days)
Tariff: AU | import rate -0.0106..0.6508 EUR/kWh
  [Forecaster] hbd_baseline: 17568 rows, fit on 35040 training steps
  [Forecaster] cached 17568 rows -> Ausgrid 158__9444d655f6e5.csv.gz

--- Reactive mode (consumption + generation via Prophet) ---
Simulated steps: 17520 | Reopt.: 17520

--- Oracle mode (all real data) + rule-based controllers (AU) ---
  [oracle] cache hit Ausgrid 158__124226defc4f (17520 steps, 8 rules, whole-period solve included) -- nothing re-solved
  no_battery                       1095.97 EUR   EFC    0.0   peak  4.66 kW
  self_consumption                  832.06 EUR   EFC  137.9   peak  4.41 kW
  fixed_schedule                    806.07 EUR   EFC  145.7   peak  4.41 kW
  delayed_pv_charge                 837.80 EUR   EFC  133.6   peak  4.41 kW
  price_threshold                   749.19 EUR   EFC  239.4   peak  5.58 kW
  price_rank_daily                  747.07 EUR   EFC  241.7   peak  5.58 kW
  tariff_arbitrage                  817.23 EUR   EFC  271.9   peak  5.58 kW
  price_oracle                      747.97 EUR   EFC  238.1   peak  5.58 kW
vs no battery 1095.97 vs MPC oracle 747.02 vs whole-period optimum 746.15 EUR
Forecast day-ahead nMAE: gen 0.816 | con 0.430 | skill vs seasonal-naive: gen -1.096 con -0.601
                                                   No battery Perfect foresight Forecast (Prophet)
KPI                                                                                               
Total cost                                            1095.97  746.21 (-31.9 %)   888.09 (-19.0 %)
Regret vs perfect foresight (% of no-battery cost)          —     0.00 (+0.0 %)   141.88 (+12.9 %)
Energy bought (kWh)                                    6029.8  4712.5 (-21.8 %)   5335.3 (-11.5 %)
Energy sold (kWh)                                      2108.6   601.1 (-71.5 %)   1212.0 (-42.5 %)

Results saved to: /Users/summerscholl/Documents/ERK-2026/Yoann/results_local/AU_H24_hbd_baseline/Ausgrid 158/

======================================================================
=== Dataset: Ausgrid 158 ===
======================================================================
Native granularity (30 min): 52608 steps
Training: 35040 steps (730 days)
Simulation: 17520 steps (365 days)
Tariff: SI | import rate 0.0002..0.2806 EUR/kWh
  [Forecaster] cache hit Ausgrid 158__9444d655f6e5.csv.gz (17568 rows) -- Prophet not fitted

--- Reactive mode (consumption + generation via Prophet) ---
Simulated steps: 17520 | Reopt.: 17520

--- Oracle mode (all real data) + rule-based controllers (SI) ---
  [oracle] cache hit Ausgrid 158__d5e368211e2e (17520 steps, 10 rules, whole-period solve included) -- nothing re-solved
  no_battery                        461.39 EUR   EFC    0.0   peak  4.66 kW
  self_consumption                  381.95 EUR   EFC  137.9   peak  4.41 kW
  fixed_schedule                    428.58 EUR   EFC   87.5   peak  4.66 kW
  delayed_pv_charge                 384.48 EUR   EFC  133.6   peak  4.41 kW
  price_threshold                   385.76 EUR   EFC  161.0   peak  4.09 kW
  price_rank_daily                  382.01 EUR   EFC  159.0   peak  4.41 kW
  peak_shaving                      442.87 EUR   EFC   35.9   peak  3.18 kW
  self_consumption_peak_shaving     403.54 EUR   EFC  121.8   peak  4.09 kW
  tariff_arbitrage                  423.21 EUR   EFC  256.1   peak  4.09 kW
  price_oracle                      383.09 EUR   EFC  159.3   peak  4.41 kW
vs no battery 461.39 vs MPC oracle 374.73 vs whole-period optimum 368.80 EUR
Forecast day-ahead nMAE: gen 0.816 | con 0.430 | skill vs seasonal-naive: gen -1.096 con -0.601
                                                   No battery Perfect foresight Forecast (Prophet)
KPI                                                                                               
Total cost                                             449.84  360.49 (-19.9 %)    407.51 (-9.4 %)
Regret vs perfect foresight (% of no-battery cost)          —     0.00 (+0.0 %)    47.02 (+10.5 %)
Energy bought (kWh)                                    6029.8  4680.8 (-22.4 %)   5428.6 (-10.0 %)
Energy sold (kWh)                                      2108.6   611.2 (-71.0 %)   1311.5 (-37.8 %)

Results saved to: /Users/summerscholl/Documents/ERK-2026/Yoann/results_local/SI_H24_hbd_baseline/Ausgrid 158/

======================================================================
=== Dataset: Ausgrid 158 ===
======================================================================
Native granularity (30 min): 52608 steps
Training: 35040 steps (730 days)
Simulation: 17520 steps (365 days)
Tariff: AU | import rate -0.0106..0.6508 EUR/kWh
  [Forecaster] hbd_median14: 17568 rows, fit on 35040 training steps
  [Forecaster] cached 17568 rows -> Ausgrid 158__f400a940f835.csv.gz

--- Reactive mode (consumption + generation via Prophet) ---
Simulated steps: 17520 | Reopt.: 17520

--- Oracle mode (all real data) + rule-based controllers (AU) ---
  [oracle] cache hit Ausgrid 158__124226defc4f (17520 steps, 8 rules, whole-period solve included) -- nothing re-solved
  no_battery                       1095.97 EUR   EFC    0.0   peak  4.66 kW
  self_consumption                  832.06 EUR   EFC  137.9   peak  4.41 kW
  fixed_schedule                    806.07 EUR   EFC  145.7   peak  4.41 kW
  delayed_pv_charge                 837.80 EUR   EFC  133.6   peak  4.41 kW
  price_threshold                   749.19 EUR   EFC  239.4   peak  5.58 kW
  price_rank_daily                  747.07 EUR   EFC  241.7   peak  5.58 kW
  tariff_arbitrage                  817.23 EUR   EFC  271.9   peak  5.58 kW
  price_oracle                      747.97 EUR   EFC  238.1   peak  5.58 kW
vs no battery 1095.97 vs MPC oracle 747.02 vs whole-period optimum 746.15 EUR
Forecast day-ahead nMAE: gen 0.368 | con 0.229 | skill vs seasonal-naive: gen +0.056 con +0.147
                                                   No battery Perfect foresight Forecast (Prophet)
KPI                                                                                               
Total cost                                            1095.97  746.21 (-31.9 %)   800.78 (-26.9 %)
Regret vs perfect foresight (% of no-battery cost)          —     0.00 (+0.0 %)     54.56 (+5.0 %)
Energy bought (kWh)                                    6029.8  4712.5 (-21.8 %)   5035.2 (-16.5 %)
Energy sold (kWh)                                      2108.6   601.1 (-71.5 %)    910.9 (-56.8 %)

Results saved to: /Users/summerscholl/Documents/ERK-2026/Yoann/results_local/AU_H24_hbd_median14/Ausgrid 158/

======================================================================
=== Dataset: Ausgrid 158 ===
======================================================================
Native granularity (30 min): 52608 steps
Training: 35040 steps (730 days)
Simulation: 17520 steps (365 days)
Tariff: SI | import rate 0.0002..0.2806 EUR/kWh
  [Forecaster] cache hit Ausgrid 158__f400a940f835.csv.gz (17568 rows) -- Prophet not fitted

--- Reactive mode (consumption + generation via Prophet) ---
Simulated steps: 17520 | Reopt.: 17520

--- Oracle mode (all real data) + rule-based controllers (SI) ---
  [oracle] cache hit Ausgrid 158__d5e368211e2e (17520 steps, 10 rules, whole-period solve included) -- nothing re-solved
  no_battery                        461.39 EUR   EFC    0.0   peak  4.66 kW
  self_consumption                  381.95 EUR   EFC  137.9   peak  4.41 kW
  fixed_schedule                    428.58 EUR   EFC   87.5   peak  4.66 kW
  delayed_pv_charge                 384.48 EUR   EFC  133.6   peak  4.41 kW
  price_threshold                   385.76 EUR   EFC  161.0   peak  4.09 kW
  price_rank_daily                  382.01 EUR   EFC  159.0   peak  4.41 kW
  peak_shaving                      442.87 EUR   EFC   35.9   peak  3.18 kW
  self_consumption_peak_shaving     403.54 EUR   EFC  121.8   peak  4.09 kW
  tariff_arbitrage                  423.21 EUR   EFC  256.1   peak  4.09 kW
  price_oracle                      383.09 EUR   EFC  159.3   peak  4.41 kW
vs no battery 461.39 vs MPC oracle 374.73 vs whole-period optimum 368.80 EUR
Forecast day-ahead nMAE: gen 0.368 | con 0.229 | skill vs seasonal-naive: gen +0.056 con +0.147
                                                   No battery Perfect foresight Forecast (Prophet)
KPI                                                                                               
Total cost                                             449.84  360.49 (-19.9 %)   380.97 (-15.3 %)
Regret vs perfect foresight (% of no-battery cost)          —     0.00 (+0.0 %)     20.49 (+4.6 %)
Energy bought (kWh)                                    6029.8  4680.8 (-22.4 %)   5015.5 (-16.8 %)
Energy sold (kWh)                                      2108.6   611.2 (-71.0 %)    923.2 (-56.2 %)

Results saved to: /Users/summerscholl/Documents/ERK-2026/Yoann/results_local/SI_H24_hbd_median14/Ausgrid 158/

======================================================================
=== Dataset: Ausgrid 158 ===
======================================================================
Native granularity (30 min): 52608 steps
Training: 35040 steps (730 days)
Simulation: 17520 steps (365 days)
Tariff: AU | import rate -0.0106..0.6508 EUR/kWh
  [Forecaster] hbd_median14: 17568 rows, fit on 35040 training steps
  [Forecaster] truth: 17568 rows, nothing fitted
  [Forecaster] hbd_median14_pvtruth: consumption from hbd_median14, generation from truth
  [Forecaster] cached 17568 rows -> Ausgrid 158__66a671670536.csv.gz

--- Reactive mode (consumption + generation via Prophet) ---
Simulated steps: 17520 | Reopt.: 17520

--- Oracle mode (all real data) + rule-based controllers (AU) ---
  [oracle] cache hit Ausgrid 158__124226defc4f (17520 steps, 8 rules, whole-period solve included) -- nothing re-solved
  no_battery                       1095.97 EUR   EFC    0.0   peak  4.66 kW
  self_consumption                  832.06 EUR   EFC  137.9   peak  4.41 kW
  fixed_schedule                    806.07 EUR   EFC  145.7   peak  4.41 kW
  delayed_pv_charge                 837.80 EUR   EFC  133.6   peak  4.41 kW
  price_threshold                   749.19 EUR   EFC  239.4   peak  5.58 kW
  price_rank_daily                  747.07 EUR   EFC  241.7   peak  5.58 kW
  tariff_arbitrage                  817.23 EUR   EFC  271.9   peak  5.58 kW
  price_oracle                      747.97 EUR   EFC  238.1   peak  5.58 kW
vs no battery 1095.97 vs MPC oracle 747.02 vs whole-period optimum 746.15 EUR
Forecast day-ahead nMAE: gen 0.000 | con 0.229 | skill vs seasonal-naive: gen +1.000 con +0.147
                                                   No battery Perfect foresight Forecast (Prophet)
KPI                                                                                               
Total cost                                            1095.97  746.21 (-31.9 %)   778.28 (-29.0 %)
Regret vs perfect foresight (% of no-battery cost)          —     0.00 (+0.0 %)     32.06 (+2.9 %)
Energy bought (kWh)                                    6029.8  4712.5 (-21.8 %)   4885.4 (-19.0 %)
Energy sold (kWh)                                      2108.6   601.1 (-71.5 %)    771.2 (-63.4 %)

Results saved to: /Users/summerscholl/Documents/ERK-2026/Yoann/results_local/AU_H24_hbd_median14_pvtruth/Ausgrid 158/

======================================================================
=== Dataset: Ausgrid 158 ===
======================================================================
Native granularity (30 min): 52608 steps
Training: 35040 steps (730 days)
Simulation: 17520 steps (365 days)
Tariff: SI | import rate 0.0002..0.2806 EUR/kWh
  [Forecaster] cache hit Ausgrid 158__66a671670536.csv.gz (17568 rows) -- Prophet not fitted

--- Reactive mode (consumption + generation via Prophet) ---
Simulated steps: 17520 | Reopt.: 17520

--- Oracle mode (all real data) + rule-based controllers (SI) ---
  [oracle] cache hit Ausgrid 158__d5e368211e2e (17520 steps, 10 rules, whole-period solve included) -- nothing re-solved
  no_battery                        461.39 EUR   EFC    0.0   peak  4.66 kW
  self_consumption                  381.95 EUR   EFC  137.9   peak  4.41 kW
  fixed_schedule                    428.58 EUR   EFC   87.5   peak  4.66 kW
  delayed_pv_charge                 384.48 EUR   EFC  133.6   peak  4.41 kW
  price_threshold                   385.76 EUR   EFC  161.0   peak  4.09 kW
  price_rank_daily                  382.01 EUR   EFC  159.0   peak  4.41 kW
  peak_shaving                      442.87 EUR   EFC   35.9   peak  3.18 kW
  self_consumption_peak_shaving     403.54 EUR   EFC  121.8   peak  4.09 kW
  tariff_arbitrage                  423.21 EUR   EFC  256.1   peak  4.09 kW
  price_oracle                      383.09 EUR   EFC  159.3   peak  4.41 kW
vs no battery 461.39 vs MPC oracle 374.73 vs whole-period optimum 368.80 EUR
Forecast day-ahead nMAE: gen 0.000 | con 0.229 | skill vs seasonal-naive: gen +1.000 con +0.147
                                                   No battery Perfect foresight Forecast (Prophet)
KPI                                                                                               
Total cost                                             449.84  360.49 (-19.9 %)   369.57 (-17.8 %)
Regret vs perfect foresight (% of no-battery cost)          —     0.00 (+0.0 %)      9.09 (+2.0 %)
Energy bought (kWh)                                    6029.8  4680.8 (-22.4 %)   4827.3 (-19.9 %)
Energy sold (kWh)                                      2108.6   611.2 (-71.0 %)    753.2 (-64.3 %)

Results saved to: /Users/summerscholl/Documents/ERK-2026/Yoann/results_local/SI_H24_hbd_median14_pvtruth/Ausgrid 158/
