
======================================================================
=== Dataset: Ausgrid 290 ===
======================================================================
Native granularity (30 min): 52608 steps
Training: 35040 steps (730 days)
Simulation: 17520 steps (365 days)
Tariff: AU | import rate -0.0106..0.6508 EUR/kWh
  [checkpoint] already complete under this configuration; skipping

======================================================================
=== Dataset: Ausgrid 290 ===
======================================================================
Native granularity (30 min): 52608 steps
Training: 35040 steps (730 days)
Simulation: 17520 steps (365 days)
Tariff: AU | import rate -0.0106..0.6508 EUR/kWh
  [checkpoint] already complete under this configuration; skipping

======================================================================
=== Dataset: Ausgrid 290 ===
======================================================================
Native granularity (30 min): 52608 steps
Training: 35040 steps (730 days)
Simulation: 17520 steps (365 days)
Tariff: SI | import rate 0.0002..0.2806 EUR/kWh
  [checkpoint] already complete under this configuration; skipping

======================================================================
=== Dataset: Ausgrid 290 ===
======================================================================
Native granularity (30 min): 52608 steps
Training: 35040 steps (730 days)
Simulation: 17520 steps (365 days)
Tariff: SI | import rate 0.0002..0.2806 EUR/kWh
  [checkpoint] already complete under this configuration; skipping

======================================================================
=== Dataset: Ausgrid 290 ===
======================================================================
Native granularity (30 min): 52608 steps
Training: 35040 steps (730 days)
Simulation: 17520 steps (365 days)
Tariff: AU | import rate -0.0106..0.6508 EUR/kWh
  [checkpoint] already complete under this configuration; skipping

======================================================================
=== Dataset: Ausgrid 290 ===
======================================================================
Native granularity (30 min): 52608 steps
Training: 35040 steps (730 days)
Simulation: 17520 steps (365 days)
Tariff: AU | import rate -0.0106..0.6508 EUR/kWh
  [checkpoint] already complete under this configuration; skipping

======================================================================
=== Dataset: Ausgrid 290 ===
======================================================================
Native granularity (30 min): 52608 steps
Training: 35040 steps (730 days)
Simulation: 17520 steps (365 days)
Tariff: SI | import rate 0.0002..0.2806 EUR/kWh
  [checkpoint] already complete under this configuration; skipping

======================================================================
=== Dataset: Ausgrid 290 ===
======================================================================
Native granularity (30 min): 52608 steps
Training: 35040 steps (730 days)
Simulation: 17520 steps (365 days)
Tariff: AU | import rate -0.0106..0.6508 EUR/kWh
  [checkpoint] already complete under this configuration; skipping

======================================================================
=== Dataset: Ausgrid 290 ===
======================================================================
Native granularity (30 min): 52608 steps
Training: 35040 steps (730 days)
Simulation: 17520 steps (365 days)
Tariff: SI | import rate 0.0002..0.2806 EUR/kWh
  [checkpoint] already complete under this configuration; skipping

======================================================================
=== Dataset: Ausgrid 290 ===
======================================================================
Native granularity (30 min): 52608 steps
Training: 35040 steps (730 days)
Simulation: 17520 steps (365 days)
Tariff: AU | import rate -0.0106..0.6508 EUR/kWh
  [checkpoint] already complete under this configuration; skipping

======================================================================
=== Dataset: Ausgrid 290 ===
======================================================================
Native granularity (30 min): 52608 steps
Training: 35040 steps (730 days)
Simulation: 17520 steps (365 days)
Tariff: SI | import rate 0.0002..0.2806 EUR/kWh
  [checkpoint] already complete under this configuration; skipping

======================================================================
=== Dataset: Ausgrid 290 ===
======================================================================
Native granularity (30 min): 52608 steps
Training: 35040 steps (730 days)
Simulation: 17520 steps (365 days)
Tariff: AU | import rate -0.0106..0.6508 EUR/kWh
  [checkpoint] already complete under this configuration; skipping

======================================================================
=== Dataset: Ausgrid 290 ===
======================================================================
Native granularity (30 min): 52608 steps
Training: 35040 steps (730 days)
Simulation: 17520 steps (365 days)
Tariff: SI | import rate 0.0002..0.2806 EUR/kWh
  [checkpoint] already complete under this configuration; skipping

======================================================================
=== Dataset: Ausgrid 290 ===
======================================================================
Native granularity (30 min): 52608 steps
Training: 35040 steps (730 days)
Simulation: 17520 steps (365 days)
Tariff: AU | import rate -0.0106..0.6508 EUR/kWh
  [checkpoint] already complete under this configuration; skipping

======================================================================
=== Dataset: Ausgrid 290 ===
======================================================================
Native granularity (30 min): 52608 steps
Training: 35040 steps (730 days)
Simulation: 17520 steps (365 days)
Tariff: SI | import rate 0.0002..0.2806 EUR/kWh
  [checkpoint] already complete under this configuration; skipping

======================================================================
=== Dataset: Ausgrid 290 ===
======================================================================
Native granularity (30 min): 52608 steps
Training: 35040 steps (730 days)
Simulation: 17520 steps (365 days)
Tariff: AU | import rate -0.0106..0.6508 EUR/kWh
  [checkpoint] already complete under this configuration; skipping

======================================================================
=== Dataset: Ausgrid 290 ===
======================================================================
Native granularity (30 min): 52608 steps
Training: 35040 steps (730 days)
Simulation: 17520 steps (365 days)
Tariff: SI | import rate 0.0002..0.2806 EUR/kWh
  [checkpoint] already complete under this configuration; skipping

======================================================================
=== Dataset: Ausgrid 290 ===
======================================================================
Native granularity (30 min): 52608 steps
Training: 35040 steps (730 days)
Simulation: 17520 steps (365 days)
Tariff: AU | import rate -0.0106..0.6508 EUR/kWh
  [checkpoint] already complete under this configuration; skipping

======================================================================
=== Dataset: Ausgrid 290 ===
======================================================================
Native granularity (30 min): 52608 steps
Training: 35040 steps (730 days)
Simulation: 17520 steps (365 days)
Tariff: SI | import rate 0.0002..0.2806 EUR/kWh
  [checkpoint] already complete under this configuration; skipping

======================================================================
=== Dataset: Ausgrid 290 ===
======================================================================
Native granularity (30 min): 52608 steps
Training: 35040 steps (730 days)
Simulation: 17520 steps (365 days)
Tariff: AU | import rate -0.0106..0.6508 EUR/kWh
  [checkpoint] already complete under this configuration; skipping

======================================================================
=== Dataset: Ausgrid 290 ===
======================================================================
Native granularity (30 min): 52608 steps
Training: 35040 steps (730 days)
Simulation: 17520 steps (365 days)
Tariff: SI | import rate 0.0002..0.2806 EUR/kWh
  [checkpoint] already complete under this configuration; skipping

======================================================================
=== Dataset: Ausgrid 290 ===
======================================================================
Native granularity (30 min): 52608 steps
Training: 35040 steps (730 days)
Simulation: 17520 steps (365 days)
Tariff: AU | import rate -0.0106..0.6508 EUR/kWh
  [checkpoint] already complete under this configuration; skipping

======================================================================
=== Dataset: Ausgrid 290 ===
======================================================================
Native granularity (30 min): 52608 steps
Training: 35040 steps (730 days)
Simulation: 17520 steps (365 days)
Tariff: SI | import rate 0.0002..0.2806 EUR/kWh
  [checkpoint] already complete under this configuration; skipping

======================================================================
=== Dataset: Ausgrid 290 ===
======================================================================
Native granularity (30 min): 52608 steps
Training: 35040 steps (730 days)
Simulation: 17520 steps (365 days)
Tariff: AU | import rate -0.0106..0.6508 EUR/kWh
  [Forecaster] hbd: 17568 rows, fit on 35040 training steps
  [Forecaster] cached 17568 rows -> Ausgrid 290__59f02b65ad0e.csv.gz

--- Reactive mode (consumption + generation via Prophet) ---
Simulated steps: 17520 | Reopt.: 17520

--- Oracle mode (all real data) + rule-based controllers (AU) ---
  [oracle] cache hit Ausgrid 290__0aacacee458d (17520 steps, 8 rules, whole-period solve included) -- nothing re-solved
  no_battery                        909.52 EUR   EFC    0.0   peak  7.89 kW
  self_consumption                  858.91 EUR   EFC   25.2   peak  7.89 kW
  fixed_schedule                    686.42 EUR   EFC  134.1   peak  9.39 kW
  delayed_pv_charge                 858.91 EUR   EFC   25.2   peak  7.89 kW
  price_threshold                   652.03 EUR   EFC  233.7   peak  9.39 kW
  price_rank_daily                  648.85 EUR   EFC  236.5   peak  9.39 kW
  tariff_arbitrage                  712.97 EUR   EFC  197.3   peak  7.89 kW
  price_oracle                      650.58 EUR   EFC  232.0   peak  9.39 kW
vs no battery 909.52 vs MPC oracle 681.48 vs whole-period optimum 680.66 EUR
Forecast day-ahead nMAE: gen 0.410 | con 0.515 | skill vs seasonal-naive: gen +0.052 con +0.173
                                                   No battery Perfect foresight Forecast (Prophet)
KPI                                                                                               
Total cost                                             909.52  680.68 (-25.2 %)   764.37 (-16.0 %)
Regret vs perfect foresight (% of no-battery cost)          —     0.00 (+0.0 %)     83.69 (+9.2 %)
Energy bought (kWh)                                    4534.2   4389.1 (-3.2 %)    4781.7 (+5.5 %)
Energy sold (kWh)                                       274.7    11.8 (-95.7 %)    412.2 (+50.1 %)

Results saved to: /Users/summerscholl/Documents/ERK-2026/Yoann/results_local/AU_H24_hbd/Ausgrid 290/

======================================================================
=== Dataset: Ausgrid 290 ===
======================================================================
Native granularity (30 min): 52608 steps
Training: 35040 steps (730 days)
Simulation: 17520 steps (365 days)
Tariff: SI | import rate 0.0002..0.2806 EUR/kWh
  [Forecaster] cache hit Ausgrid 290__59f02b65ad0e.csv.gz (17568 rows) -- Prophet not fitted

--- Reactive mode (consumption + generation via Prophet) ---
Simulated steps: 17520 | Reopt.: 17520

--- Oracle mode (all real data) + rule-based controllers (SI) ---
  [oracle] cache hit Ausgrid 290__c5c44d5cb493 (17520 steps, 10 rules, whole-period solve included) -- nothing re-solved
  no_battery                        396.39 EUR   EFC    0.0   peak  7.89 kW
  self_consumption                  382.50 EUR   EFC   25.2   peak  7.89 kW
  fixed_schedule                    383.18 EUR   EFC   97.0   peak  7.89 kW
  delayed_pv_charge                 382.50 EUR   EFC   25.2   peak  7.89 kW
  price_threshold                   383.61 EUR   EFC   54.9   peak  7.89 kW
  price_rank_daily                  383.33 EUR   EFC   46.9   peak  7.89 kW
  peak_shaving                      380.39 EUR   EFC   33.1   peak  6.39 kW
  self_consumption_peak_shaving     372.56 EUR   EFC   35.9   peak  6.39 kW
  tariff_arbitrage                  376.74 EUR   EFC  186.3   peak  7.89 kW
  price_oracle                      382.55 EUR   EFC   50.0   peak  7.89 kW
vs no battery 396.39 vs MPC oracle 377.92 vs whole-period optimum 375.54 EUR
Forecast day-ahead nMAE: gen 0.410 | con 0.515 | skill vs seasonal-naive: gen +0.052 con +0.173
                                                   No battery Perfect foresight Forecast (Prophet)
KPI                                                                                               
Total cost                                             367.47   348.25 (-5.2 %)    362.63 (-1.3 %)
Regret vs perfect foresight (% of no-battery cost)          —     0.00 (+0.0 %)     14.38 (+3.9 %)
Energy bought (kWh)                                    4534.2   4300.7 (-5.2 %)    4522.6 (-0.3 %)
Energy sold (kWh)                                       274.7    13.8 (-95.0 %)     250.1 (-9.0 %)

Results saved to: /Users/summerscholl/Documents/ERK-2026/Yoann/results_local/SI_H24_hbd/Ausgrid 290/

======================================================================
=== Dataset: Ausgrid 290 ===
======================================================================
Native granularity (30 min): 52608 steps
Training: 35040 steps (730 days)
Simulation: 17520 steps (365 days)
Tariff: AU | import rate -0.0106..0.6508 EUR/kWh
  [Forecaster] hbd_baseline: 17568 rows, fit on 35040 training steps
  [Forecaster] cached 17568 rows -> Ausgrid 290__15a5205ec8a4.csv.gz

--- Reactive mode (consumption + generation via Prophet) ---
Simulated steps: 17520 | Reopt.: 17520

--- Oracle mode (all real data) + rule-based controllers (AU) ---
  [oracle] cache hit Ausgrid 290__0aacacee458d (17520 steps, 8 rules, whole-period solve included) -- nothing re-solved
  no_battery                        909.52 EUR   EFC    0.0   peak  7.89 kW
  self_consumption                  858.91 EUR   EFC   25.2   peak  7.89 kW
  fixed_schedule                    686.42 EUR   EFC  134.1   peak  9.39 kW
  delayed_pv_charge                 858.91 EUR   EFC   25.2   peak  7.89 kW
  price_threshold                   652.03 EUR   EFC  233.7   peak  9.39 kW
  price_rank_daily                  648.85 EUR   EFC  236.5   peak  9.39 kW
  tariff_arbitrage                  712.97 EUR   EFC  197.3   peak  7.89 kW
  price_oracle                      650.58 EUR   EFC  232.0   peak  9.39 kW
vs no battery 909.52 vs MPC oracle 681.48 vs whole-period optimum 680.66 EUR
Forecast day-ahead nMAE: gen 0.526 | con 0.538 | skill vs seasonal-naive: gen -0.217 con +0.136
                                                   No battery Perfect foresight Forecast (Prophet)
KPI                                                                                               
Total cost                                             909.52  680.68 (-25.2 %)   767.50 (-15.6 %)
Regret vs perfect foresight (% of no-battery cost)          —     0.00 (+0.0 %)     86.82 (+9.5 %)
Energy bought (kWh)                                    4534.2   4389.1 (-3.2 %)    4814.6 (+6.2 %)
Energy sold (kWh)                                       274.7    11.8 (-95.7 %)    445.0 (+62.0 %)

Results saved to: /Users/summerscholl/Documents/ERK-2026/Yoann/results_local/AU_H24_hbd_baseline/Ausgrid 290/

======================================================================
=== Dataset: Ausgrid 290 ===
======================================================================
Native granularity (30 min): 52608 steps
Training: 35040 steps (730 days)
Simulation: 17520 steps (365 days)
Tariff: SI | import rate 0.0002..0.2806 EUR/kWh
  [Forecaster] cache hit Ausgrid 290__15a5205ec8a4.csv.gz (17568 rows) -- Prophet not fitted

--- Reactive mode (consumption + generation via Prophet) ---
Simulated steps: 17520 | Reopt.: 17520

--- Oracle mode (all real data) + rule-based controllers (SI) ---
  [oracle] cache hit Ausgrid 290__c5c44d5cb493 (17520 steps, 10 rules, whole-period solve included) -- nothing re-solved
  no_battery                        396.39 EUR   EFC    0.0   peak  7.89 kW
  self_consumption                  382.50 EUR   EFC   25.2   peak  7.89 kW
  fixed_schedule                    383.18 EUR   EFC   97.0   peak  7.89 kW
  delayed_pv_charge                 382.50 EUR   EFC   25.2   peak  7.89 kW
  price_threshold                   383.61 EUR   EFC   54.9   peak  7.89 kW
  price_rank_daily                  383.33 EUR   EFC   46.9   peak  7.89 kW
  peak_shaving                      380.39 EUR   EFC   33.1   peak  6.39 kW
  self_consumption_peak_shaving     372.56 EUR   EFC   35.9   peak  6.39 kW
  tariff_arbitrage                  376.74 EUR   EFC  186.3   peak  7.89 kW
  price_oracle                      382.55 EUR   EFC   50.0   peak  7.89 kW
vs no battery 396.39 vs MPC oracle 377.92 vs whole-period optimum 375.54 EUR
Forecast day-ahead nMAE: gen 0.526 | con 0.538 | skill vs seasonal-naive: gen -0.217 con +0.136
                                                   No battery Perfect foresight Forecast (Prophet)
KPI                                                                                               
Total cost                                             367.47   348.25 (-5.2 %)    363.74 (-1.0 %)
Regret vs perfect foresight (% of no-battery cost)          —     0.00 (+0.0 %)     15.49 (+4.2 %)
Energy bought (kWh)                                    4534.2   4300.7 (-5.2 %)    4539.8 (+0.1 %)
Energy sold (kWh)                                       274.7    13.8 (-95.0 %)     276.8 (+0.8 %)

Results saved to: /Users/summerscholl/Documents/ERK-2026/Yoann/results_local/SI_H24_hbd_baseline/Ausgrid 290/

======================================================================
=== Dataset: Ausgrid 290 ===
======================================================================
Native granularity (30 min): 52608 steps
Training: 35040 steps (730 days)
Simulation: 17520 steps (365 days)
Tariff: AU | import rate -0.0106..0.6508 EUR/kWh
  [Forecaster] hbd_median14: 17568 rows, fit on 35040 training steps
  [Forecaster] cached 17568 rows -> Ausgrid 290__ba8363fafbae.csv.gz

--- Reactive mode (consumption + generation via Prophet) ---
Simulated steps: 17520 | Reopt.: 17520

--- Oracle mode (all real data) + rule-based controllers (AU) ---
  [oracle] cache hit Ausgrid 290__0aacacee458d (17520 steps, 8 rules, whole-period solve included) -- nothing re-solved
  no_battery                        909.52 EUR   EFC    0.0   peak  7.89 kW
  self_consumption                  858.91 EUR   EFC   25.2   peak  7.89 kW
  fixed_schedule                    686.42 EUR   EFC  134.1   peak  9.39 kW
  delayed_pv_charge                 858.91 EUR   EFC   25.2   peak  7.89 kW
  price_threshold                   652.03 EUR   EFC  233.7   peak  9.39 kW
  price_rank_daily                  648.85 EUR   EFC  236.5   peak  9.39 kW
  tariff_arbitrage                  712.97 EUR   EFC  197.3   peak  7.89 kW
  price_oracle                      650.58 EUR   EFC  232.0   peak  9.39 kW
vs no battery 909.52 vs MPC oracle 681.48 vs whole-period optimum 680.66 EUR
Forecast day-ahead nMAE: gen 0.377 | con 0.479 | skill vs seasonal-naive: gen +0.127 con +0.231
                                                   No battery Perfect foresight Forecast (Prophet)
KPI                                                                                               
Total cost                                             909.52  680.68 (-25.2 %)   768.27 (-15.5 %)
Regret vs perfect foresight (% of no-battery cost)          —     0.00 (+0.0 %)     87.59 (+9.6 %)
Energy bought (kWh)                                    4534.2   4389.1 (-3.2 %)    4727.4 (+4.3 %)
Energy sold (kWh)                                       274.7    11.8 (-95.7 %)    364.0 (+32.5 %)

Results saved to: /Users/summerscholl/Documents/ERK-2026/Yoann/results_local/AU_H24_hbd_median14/Ausgrid 290/

======================================================================
=== Dataset: Ausgrid 290 ===
======================================================================
Native granularity (30 min): 52608 steps
Training: 35040 steps (730 days)
Simulation: 17520 steps (365 days)
Tariff: SI | import rate 0.0002..0.2806 EUR/kWh
  [Forecaster] cache hit Ausgrid 290__ba8363fafbae.csv.gz (17568 rows) -- Prophet not fitted

--- Reactive mode (consumption + generation via Prophet) ---
Simulated steps: 17520 | Reopt.: 17520

--- Oracle mode (all real data) + rule-based controllers (SI) ---
  [oracle] cache hit Ausgrid 290__c5c44d5cb493 (17520 steps, 10 rules, whole-period solve included) -- nothing re-solved
  no_battery                        396.39 EUR   EFC    0.0   peak  7.89 kW
  self_consumption                  382.50 EUR   EFC   25.2   peak  7.89 kW
  fixed_schedule                    383.18 EUR   EFC   97.0   peak  7.89 kW
  delayed_pv_charge                 382.50 EUR   EFC   25.2   peak  7.89 kW
  price_threshold                   383.61 EUR   EFC   54.9   peak  7.89 kW
  price_rank_daily                  383.33 EUR   EFC   46.9   peak  7.89 kW
  peak_shaving                      380.39 EUR   EFC   33.1   peak  6.39 kW
  self_consumption_peak_shaving     372.56 EUR   EFC   35.9   peak  6.39 kW
  tariff_arbitrage                  376.74 EUR   EFC  186.3   peak  7.89 kW
  price_oracle                      382.55 EUR   EFC   50.0   peak  7.89 kW
vs no battery 396.39 vs MPC oracle 377.92 vs whole-period optimum 375.54 EUR
Forecast day-ahead nMAE: gen 0.377 | con 0.479 | skill vs seasonal-naive: gen +0.127 con +0.231
                                                   No battery Perfect foresight Forecast (Prophet)
KPI                                                                                               
Total cost                                             367.47   348.25 (-5.2 %)    361.84 (-1.5 %)
Regret vs perfect foresight (% of no-battery cost)          —     0.00 (+0.0 %)     13.59 (+3.7 %)
Energy bought (kWh)                                    4534.2   4300.7 (-5.2 %)    4512.6 (-0.5 %)
Energy sold (kWh)                                       274.7    13.8 (-95.0 %)    232.3 (-15.4 %)

Results saved to: /Users/summerscholl/Documents/ERK-2026/Yoann/results_local/SI_H24_hbd_median14/Ausgrid 290/

======================================================================
=== Dataset: Ausgrid 290 ===
======================================================================
Native granularity (30 min): 52608 steps
Training: 35040 steps (730 days)
Simulation: 17520 steps (365 days)
Tariff: AU | import rate -0.0106..0.6508 EUR/kWh
  [Forecaster] hbd_median14: 17568 rows, fit on 35040 training steps
  [Forecaster] truth: 17568 rows, nothing fitted
  [Forecaster] hbd_median14_pvtruth: consumption from hbd_median14, generation from truth
  [Forecaster] cached 17568 rows -> Ausgrid 290__d13424f0bd85.csv.gz

--- Reactive mode (consumption + generation via Prophet) ---
Simulated steps: 17520 | Reopt.: 17520

--- Oracle mode (all real data) + rule-based controllers (AU) ---
  [oracle] cache hit Ausgrid 290__0aacacee458d (17520 steps, 8 rules, whole-period solve included) -- nothing re-solved
  no_battery                        909.52 EUR   EFC    0.0   peak  7.89 kW
  self_consumption                  858.91 EUR   EFC   25.2   peak  7.89 kW
  fixed_schedule                    686.42 EUR   EFC  134.1   peak  9.39 kW
  delayed_pv_charge                 858.91 EUR   EFC   25.2   peak  7.89 kW
  price_threshold                   652.03 EUR   EFC  233.7   peak  9.39 kW
  price_rank_daily                  648.85 EUR   EFC  236.5   peak  9.39 kW
  tariff_arbitrage                  712.97 EUR   EFC  197.3   peak  7.89 kW
  price_oracle                      650.58 EUR   EFC  232.0   peak  9.39 kW
vs no battery 909.52 vs MPC oracle 681.48 vs whole-period optimum 680.66 EUR
Forecast day-ahead nMAE: gen 0.000 | con 0.479 | skill vs seasonal-naive: gen +1.000 con +0.231
                                                   No battery Perfect foresight Forecast (Prophet)
KPI                                                                                               
Total cost                                             909.52  680.68 (-25.2 %)   762.78 (-16.1 %)
Regret vs perfect foresight (% of no-battery cost)          —     0.00 (+0.0 %)     82.10 (+9.0 %)
Energy bought (kWh)                                    4534.2   4389.1 (-3.2 %)    4698.0 (+3.6 %)
Energy sold (kWh)                                       274.7    11.8 (-95.7 %)    332.2 (+20.9 %)

Results saved to: /Users/summerscholl/Documents/ERK-2026/Yoann/results_local/AU_H24_hbd_median14_pvtruth/Ausgrid 290/

======================================================================
=== Dataset: Ausgrid 290 ===
======================================================================
Native granularity (30 min): 52608 steps
Training: 35040 steps (730 days)
Simulation: 17520 steps (365 days)
Tariff: SI | import rate 0.0002..0.2806 EUR/kWh
  [Forecaster] cache hit Ausgrid 290__d13424f0bd85.csv.gz (17568 rows) -- Prophet not fitted

--- Reactive mode (consumption + generation via Prophet) ---
Simulated steps: 17520 | Reopt.: 17520

--- Oracle mode (all real data) + rule-based controllers (SI) ---
  [oracle] cache hit Ausgrid 290__c5c44d5cb493 (17520 steps, 10 rules, whole-period solve included) -- nothing re-solved
  no_battery                        396.39 EUR   EFC    0.0   peak  7.89 kW
  self_consumption                  382.50 EUR   EFC   25.2   peak  7.89 kW
  fixed_schedule                    383.18 EUR   EFC   97.0   peak  7.89 kW
  delayed_pv_charge                 382.50 EUR   EFC   25.2   peak  7.89 kW
  price_threshold                   383.61 EUR   EFC   54.9   peak  7.89 kW
  price_rank_daily                  383.33 EUR   EFC   46.9   peak  7.89 kW
  peak_shaving                      380.39 EUR   EFC   33.1   peak  6.39 kW
  self_consumption_peak_shaving     372.56 EUR   EFC   35.9   peak  6.39 kW
  tariff_arbitrage                  376.74 EUR   EFC  186.3   peak  7.89 kW
  price_oracle                      382.55 EUR   EFC   50.0   peak  7.89 kW
vs no battery 396.39 vs MPC oracle 377.92 vs whole-period optimum 375.54 EUR
Forecast day-ahead nMAE: gen 0.000 | con 0.479 | skill vs seasonal-naive: gen +1.000 con +0.231
                                                   No battery Perfect foresight Forecast (Prophet)
KPI                                                                                               
Total cost                                             367.47   348.25 (-5.2 %)    359.36 (-2.2 %)
Regret vs perfect foresight (% of no-battery cost)          —     0.00 (+0.0 %)     11.11 (+3.0 %)
Energy bought (kWh)                                    4534.2   4300.7 (-5.2 %)    4471.5 (-1.4 %)
Energy sold (kWh)                                       274.7    13.8 (-95.0 %)    188.6 (-31.3 %)

Results saved to: /Users/summerscholl/Documents/ERK-2026/Yoann/results_local/SI_H24_hbd_median14_pvtruth/Ausgrid 290/
