
======================================================================
=== Dataset: Ausgrid 127 ===
======================================================================
Native granularity (30 min): 52608 steps
Training: 35040 steps (730 days)
Simulation: 17520 steps (365 days)
Tariff: AU | import rate -0.0106..0.6508 EUR/kWh
  [checkpoint] already complete under this configuration; skipping

======================================================================
=== Dataset: Ausgrid 127 ===
======================================================================
Native granularity (30 min): 52608 steps
Training: 35040 steps (730 days)
Simulation: 17520 steps (365 days)
Tariff: AU | import rate -0.0106..0.6508 EUR/kWh
  [checkpoint] already complete under this configuration; skipping

======================================================================
=== Dataset: Ausgrid 127 ===
======================================================================
Native granularity (30 min): 52608 steps
Training: 35040 steps (730 days)
Simulation: 17520 steps (365 days)
Tariff: SI | import rate 0.0002..0.2806 EUR/kWh
  [checkpoint] already complete under this configuration; skipping

======================================================================
=== Dataset: Ausgrid 127 ===
======================================================================
Native granularity (30 min): 52608 steps
Training: 35040 steps (730 days)
Simulation: 17520 steps (365 days)
Tariff: SI | import rate 0.0002..0.2806 EUR/kWh
  [checkpoint] already complete under this configuration; skipping

======================================================================
=== Dataset: Ausgrid 127 ===
======================================================================
Native granularity (30 min): 52608 steps
Training: 35040 steps (730 days)
Simulation: 17520 steps (365 days)
Tariff: AU | import rate -0.0106..0.6508 EUR/kWh
  [checkpoint] already complete under this configuration; skipping

======================================================================
=== Dataset: Ausgrid 127 ===
======================================================================
Native granularity (30 min): 52608 steps
Training: 35040 steps (730 days)
Simulation: 17520 steps (365 days)
Tariff: AU | import rate -0.0106..0.6508 EUR/kWh
  [checkpoint] already complete under this configuration; skipping

======================================================================
=== Dataset: Ausgrid 127 ===
======================================================================
Native granularity (30 min): 52608 steps
Training: 35040 steps (730 days)
Simulation: 17520 steps (365 days)
Tariff: SI | import rate 0.0002..0.2806 EUR/kWh
  [checkpoint] already complete under this configuration; skipping

======================================================================
=== Dataset: Ausgrid 127 ===
======================================================================
Native granularity (30 min): 52608 steps
Training: 35040 steps (730 days)
Simulation: 17520 steps (365 days)
Tariff: AU | import rate -0.0106..0.6508 EUR/kWh
  [checkpoint] already complete under this configuration; skipping

======================================================================
=== Dataset: Ausgrid 127 ===
======================================================================
Native granularity (30 min): 52608 steps
Training: 35040 steps (730 days)
Simulation: 17520 steps (365 days)
Tariff: SI | import rate 0.0002..0.2806 EUR/kWh
  [checkpoint] already complete under this configuration; skipping

======================================================================
=== Dataset: Ausgrid 127 ===
======================================================================
Native granularity (30 min): 52608 steps
Training: 35040 steps (730 days)
Simulation: 17520 steps (365 days)
Tariff: AU | import rate -0.0106..0.6508 EUR/kWh
  [checkpoint] already complete under this configuration; skipping

======================================================================
=== Dataset: Ausgrid 127 ===
======================================================================
Native granularity (30 min): 52608 steps
Training: 35040 steps (730 days)
Simulation: 17520 steps (365 days)
Tariff: SI | import rate 0.0002..0.2806 EUR/kWh
  [checkpoint] already complete under this configuration; skipping

======================================================================
=== Dataset: Ausgrid 127 ===
======================================================================
Native granularity (30 min): 52608 steps
Training: 35040 steps (730 days)
Simulation: 17520 steps (365 days)
Tariff: AU | import rate -0.0106..0.6508 EUR/kWh
  [checkpoint] already complete under this configuration; skipping

======================================================================
=== Dataset: Ausgrid 127 ===
======================================================================
Native granularity (30 min): 52608 steps
Training: 35040 steps (730 days)
Simulation: 17520 steps (365 days)
Tariff: SI | import rate 0.0002..0.2806 EUR/kWh
  [checkpoint] already complete under this configuration; skipping

======================================================================
=== Dataset: Ausgrid 127 ===
======================================================================
Native granularity (30 min): 52608 steps
Training: 35040 steps (730 days)
Simulation: 17520 steps (365 days)
Tariff: AU | import rate -0.0106..0.6508 EUR/kWh
  [checkpoint] already complete under this configuration; skipping

======================================================================
=== Dataset: Ausgrid 127 ===
======================================================================
Native granularity (30 min): 52608 steps
Training: 35040 steps (730 days)
Simulation: 17520 steps (365 days)
Tariff: SI | import rate 0.0002..0.2806 EUR/kWh
  [checkpoint] already complete under this configuration; skipping

======================================================================
=== Dataset: Ausgrid 127 ===
======================================================================
Native granularity (30 min): 52608 steps
Training: 35040 steps (730 days)
Simulation: 17520 steps (365 days)
Tariff: AU | import rate -0.0106..0.6508 EUR/kWh
  [checkpoint] already complete under this configuration; skipping

======================================================================
=== Dataset: Ausgrid 127 ===
======================================================================
Native granularity (30 min): 52608 steps
Training: 35040 steps (730 days)
Simulation: 17520 steps (365 days)
Tariff: SI | import rate 0.0002..0.2806 EUR/kWh
  [checkpoint] already complete under this configuration; skipping

======================================================================
=== Dataset: Ausgrid 127 ===
======================================================================
Native granularity (30 min): 52608 steps
Training: 35040 steps (730 days)
Simulation: 17520 steps (365 days)
Tariff: AU | import rate -0.0106..0.6508 EUR/kWh
  [checkpoint] already complete under this configuration; skipping

======================================================================
=== Dataset: Ausgrid 127 ===
======================================================================
Native granularity (30 min): 52608 steps
Training: 35040 steps (730 days)
Simulation: 17520 steps (365 days)
Tariff: SI | import rate 0.0002..0.2806 EUR/kWh
  [checkpoint] already complete under this configuration; skipping

======================================================================
=== Dataset: Ausgrid 127 ===
======================================================================
Native granularity (30 min): 52608 steps
Training: 35040 steps (730 days)
Simulation: 17520 steps (365 days)
Tariff: AU | import rate -0.0106..0.6508 EUR/kWh
  [checkpoint] already complete under this configuration; skipping

======================================================================
=== Dataset: Ausgrid 127 ===
======================================================================
Native granularity (30 min): 52608 steps
Training: 35040 steps (730 days)
Simulation: 17520 steps (365 days)
Tariff: SI | import rate 0.0002..0.2806 EUR/kWh
  [checkpoint] already complete under this configuration; skipping

======================================================================
=== Dataset: Ausgrid 127 ===
======================================================================
Native granularity (30 min): 52608 steps
Training: 35040 steps (730 days)
Simulation: 17520 steps (365 days)
Tariff: AU | import rate -0.0106..0.6508 EUR/kWh
  [checkpoint] already complete under this configuration; skipping

======================================================================
=== Dataset: Ausgrid 127 ===
======================================================================
Native granularity (30 min): 52608 steps
Training: 35040 steps (730 days)
Simulation: 17520 steps (365 days)
Tariff: SI | import rate 0.0002..0.2806 EUR/kWh
  [checkpoint] already complete under this configuration; skipping

======================================================================
=== Dataset: Ausgrid 127 ===
======================================================================
Native granularity (30 min): 52608 steps
Training: 35040 steps (730 days)
Simulation: 17520 steps (365 days)
Tariff: AU | import rate -0.0106..0.6508 EUR/kWh
  [Forecaster] hbd: 17568 rows, fit on 35040 training steps
  [Forecaster] cached 17568 rows -> Ausgrid 127__f31dd22d811d.csv.gz

--- Reactive mode (consumption + generation via Prophet) ---
Simulated steps: 17520 | Reopt.: 17520

--- Oracle mode (all real data) + rule-based controllers (AU) ---
  [oracle] cache hit Ausgrid 127__3274c69c3f88 (17520 steps, 8 rules, whole-period solve included) -- nothing re-solved
  no_battery                        791.67 EUR   EFC    0.0   peak  4.91 kW
  self_consumption                  741.37 EUR   EFC   26.1   peak  4.91 kW
  fixed_schedule                    550.00 EUR   EFC  140.3   peak  5.47 kW
  delayed_pv_charge                 741.37 EUR   EFC   26.1   peak  4.91 kW
  price_threshold                   517.65 EUR   EFC  232.8   peak  5.47 kW
  price_rank_daily                  513.78 EUR   EFC  235.8   peak  5.47 kW
  tariff_arbitrage                  582.30 EUR   EFC  202.8   peak  4.93 kW
  price_oracle                      517.23 EUR   EFC  230.9   peak  5.47 kW
vs no battery 791.67 vs MPC oracle 547.19 vs whole-period optimum 546.15 EUR
Forecast day-ahead nMAE: gen 0.371 | con 0.457 | skill vs seasonal-naive: gen +0.075 con +0.247
                                                   No battery Perfect foresight Forecast (Prophet)
KPI                                                                                               
Total cost                                             791.67  546.39 (-31.0 %)   627.90 (-20.7 %)
Regret vs perfect foresight (% of no-battery cost)          —     0.00 (+0.0 %)    81.51 (+10.3 %)
Energy bought (kWh)                                    3740.4   3585.6 (-4.1 %)    4044.3 (+8.1 %)
Energy sold (kWh)                                       285.4     9.6 (-96.6 %)    466.2 (+63.4 %)

Results saved to: /Users/summerscholl/Documents/ERK-2026/Yoann/results_local/AU_H24_hbd/Ausgrid 127/

======================================================================
=== Dataset: Ausgrid 127 ===
======================================================================
Native granularity (30 min): 52608 steps
Training: 35040 steps (730 days)
Simulation: 17520 steps (365 days)
Tariff: SI | import rate 0.0002..0.2806 EUR/kWh
  [Forecaster] cache hit Ausgrid 127__f31dd22d811d.csv.gz (17568 rows) -- Prophet not fitted

--- Reactive mode (consumption + generation via Prophet) ---
Simulated steps: 17520 | Reopt.: 17520

--- Oracle mode (all real data) + rule-based controllers (SI) ---
  [oracle] cache hit Ausgrid 127__dadd4256ea3c (17520 steps, 10 rules, whole-period solve included) -- nothing re-solved
  no_battery                        319.57 EUR   EFC    0.0   peak  4.91 kW
  self_consumption                  304.73 EUR   EFC   26.1   peak  4.91 kW
  fixed_schedule                    300.10 EUR   EFC  101.8   peak  3.97 kW
  delayed_pv_charge                 304.73 EUR   EFC   26.1   peak  4.91 kW
  price_threshold                   303.18 EUR   EFC   56.6   peak  4.63 kW
  price_rank_daily                  305.30 EUR   EFC   48.0   peak  4.91 kW
  peak_shaving                      307.40 EUR   EFC   36.6   peak  3.41 kW
  self_consumption_peak_shaving     299.10 EUR   EFC   42.0   peak  3.41 kW
  tariff_arbitrage                  306.88 EUR   EFC  189.4   peak  4.91 kW
  price_oracle                      304.26 EUR   EFC   51.5   peak  4.72 kW
vs no battery 319.57 vs MPC oracle 300.42 vs whole-period optimum 296.76 EUR
Forecast day-ahead nMAE: gen 0.371 | con 0.457 | skill vs seasonal-naive: gen +0.075 con +0.247
                                                   No battery Perfect foresight Forecast (Prophet)
KPI                                                                                               
Total cost                                             304.47   284.13 (-6.7 %)    300.81 (-1.2 %)
Regret vs perfect foresight (% of no-battery cost)          —     0.00 (+0.0 %)     16.67 (+5.5 %)
Energy bought (kWh)                                    3740.4   3494.0 (-6.6 %)    3747.8 (+0.2 %)
Energy sold (kWh)                                       285.4    12.3 (-95.7 %)     285.8 (+0.2 %)

Results saved to: /Users/summerscholl/Documents/ERK-2026/Yoann/results_local/SI_H24_hbd/Ausgrid 127/

======================================================================
=== Dataset: Ausgrid 127 ===
======================================================================
Native granularity (30 min): 52608 steps
Training: 35040 steps (730 days)
Simulation: 17520 steps (365 days)
Tariff: AU | import rate -0.0106..0.6508 EUR/kWh
  [Forecaster] hbd_baseline: 17568 rows, fit on 35040 training steps
  [Forecaster] cached 17568 rows -> Ausgrid 127__fa82352951b1.csv.gz

--- Reactive mode (consumption + generation via Prophet) ---
Simulated steps: 17520 | Reopt.: 17520

--- Oracle mode (all real data) + rule-based controllers (AU) ---
  [oracle] cache hit Ausgrid 127__3274c69c3f88 (17520 steps, 8 rules, whole-period solve included) -- nothing re-solved
  no_battery                        791.67 EUR   EFC    0.0   peak  4.91 kW
  self_consumption                  741.37 EUR   EFC   26.1   peak  4.91 kW
  fixed_schedule                    550.00 EUR   EFC  140.3   peak  5.47 kW
  delayed_pv_charge                 741.37 EUR   EFC   26.1   peak  4.91 kW
  price_threshold                   517.65 EUR   EFC  232.8   peak  5.47 kW
  price_rank_daily                  513.78 EUR   EFC  235.8   peak  5.47 kW
  tariff_arbitrage                  582.30 EUR   EFC  202.8   peak  4.93 kW
  price_oracle                      517.23 EUR   EFC  230.9   peak  5.47 kW
vs no battery 791.67 vs MPC oracle 547.19 vs whole-period optimum 546.15 EUR
Forecast day-ahead nMAE: gen 0.416 | con 0.465 | skill vs seasonal-naive: gen -0.037 con +0.235
                                                   No battery Perfect foresight Forecast (Prophet)
KPI                                                                                               
Total cost                                             791.67  546.39 (-31.0 %)   629.07 (-20.5 %)
Regret vs perfect foresight (% of no-battery cost)          —     0.00 (+0.0 %)    82.68 (+10.4 %)
Energy bought (kWh)                                    3740.4   3585.6 (-4.1 %)    4070.7 (+8.8 %)
Energy sold (kWh)                                       285.4     9.6 (-96.6 %)    490.5 (+71.9 %)

Results saved to: /Users/summerscholl/Documents/ERK-2026/Yoann/results_local/AU_H24_hbd_baseline/Ausgrid 127/

======================================================================
=== Dataset: Ausgrid 127 ===
======================================================================
Native granularity (30 min): 52608 steps
Training: 35040 steps (730 days)
Simulation: 17520 steps (365 days)
Tariff: SI | import rate 0.0002..0.2806 EUR/kWh
  [Forecaster] cache hit Ausgrid 127__fa82352951b1.csv.gz (17568 rows) -- Prophet not fitted

--- Reactive mode (consumption + generation via Prophet) ---
Simulated steps: 17520 | Reopt.: 17520

--- Oracle mode (all real data) + rule-based controllers (SI) ---
  [oracle] cache hit Ausgrid 127__dadd4256ea3c (17520 steps, 10 rules, whole-period solve included) -- nothing re-solved
  no_battery                        319.57 EUR   EFC    0.0   peak  4.91 kW
  self_consumption                  304.73 EUR   EFC   26.1   peak  4.91 kW
  fixed_schedule                    300.10 EUR   EFC  101.8   peak  3.97 kW
  delayed_pv_charge                 304.73 EUR   EFC   26.1   peak  4.91 kW
  price_threshold                   303.18 EUR   EFC   56.6   peak  4.63 kW
  price_rank_daily                  305.30 EUR   EFC   48.0   peak  4.91 kW
  peak_shaving                      307.40 EUR   EFC   36.6   peak  3.41 kW
  self_consumption_peak_shaving     299.10 EUR   EFC   42.0   peak  3.41 kW
  tariff_arbitrage                  306.88 EUR   EFC  189.4   peak  4.91 kW
  price_oracle                      304.26 EUR   EFC   51.5   peak  4.72 kW
vs no battery 319.57 vs MPC oracle 300.42 vs whole-period optimum 296.76 EUR
Forecast day-ahead nMAE: gen 0.416 | con 0.465 | skill vs seasonal-naive: gen -0.037 con +0.235
                                                   No battery Perfect foresight Forecast (Prophet)
KPI                                                                                               
Total cost                                             304.47   284.13 (-6.7 %)    300.99 (-1.1 %)
Regret vs perfect foresight (% of no-battery cost)          —     0.00 (+0.0 %)     16.86 (+5.5 %)
Energy bought (kWh)                                    3740.4   3494.0 (-6.6 %)    3751.6 (+0.3 %)
Energy sold (kWh)                                       285.4    12.3 (-95.7 %)     293.2 (+2.8 %)

Results saved to: /Users/summerscholl/Documents/ERK-2026/Yoann/results_local/SI_H24_hbd_baseline/Ausgrid 127/

======================================================================
=== Dataset: Ausgrid 127 ===
======================================================================
Native granularity (30 min): 52608 steps
Training: 35040 steps (730 days)
Simulation: 17520 steps (365 days)
Tariff: AU | import rate -0.0106..0.6508 EUR/kWh
  [Forecaster] hbd_median14: 17568 rows, fit on 35040 training steps
  [Forecaster] cached 17568 rows -> Ausgrid 127__4d042a038b1a.csv.gz

--- Reactive mode (consumption + generation via Prophet) ---
Simulated steps: 17520 | Reopt.: 17520

--- Oracle mode (all real data) + rule-based controllers (AU) ---
  [oracle] cache hit Ausgrid 127__3274c69c3f88 (17520 steps, 8 rules, whole-period solve included) -- nothing re-solved
  no_battery                        791.67 EUR   EFC    0.0   peak  4.91 kW
  self_consumption                  741.37 EUR   EFC   26.1   peak  4.91 kW
  fixed_schedule                    550.00 EUR   EFC  140.3   peak  5.47 kW
  delayed_pv_charge                 741.37 EUR   EFC   26.1   peak  4.91 kW
  price_threshold                   517.65 EUR   EFC  232.8   peak  5.47 kW
  price_rank_daily                  513.78 EUR   EFC  235.8   peak  5.47 kW
  tariff_arbitrage                  582.30 EUR   EFC  202.8   peak  4.93 kW
  price_oracle                      517.23 EUR   EFC  230.9   peak  5.47 kW
vs no battery 791.67 vs MPC oracle 547.19 vs whole-period optimum 546.15 EUR
Forecast day-ahead nMAE: gen 0.347 | con 0.425 | skill vs seasonal-naive: gen +0.135 con +0.299
                                                   No battery Perfect foresight Forecast (Prophet)
KPI                                                                                               
Total cost                                             791.67  546.39 (-31.0 %)   637.11 (-19.5 %)
Regret vs perfect foresight (% of no-battery cost)          —     0.00 (+0.0 %)    90.72 (+11.5 %)
Energy bought (kWh)                                    3740.4   3585.6 (-4.1 %)    3888.6 (+4.0 %)
Energy sold (kWh)                                       285.4     9.6 (-96.6 %)    329.3 (+15.4 %)

Results saved to: /Users/summerscholl/Documents/ERK-2026/Yoann/results_local/AU_H24_hbd_median14/Ausgrid 127/

======================================================================
=== Dataset: Ausgrid 127 ===
======================================================================
Native granularity (30 min): 52608 steps
Training: 35040 steps (730 days)
Simulation: 17520 steps (365 days)
Tariff: SI | import rate 0.0002..0.2806 EUR/kWh
  [Forecaster] cache hit Ausgrid 127__4d042a038b1a.csv.gz (17568 rows) -- Prophet not fitted

--- Reactive mode (consumption + generation via Prophet) ---
Simulated steps: 17520 | Reopt.: 17520

--- Oracle mode (all real data) + rule-based controllers (SI) ---
  [oracle] cache hit Ausgrid 127__dadd4256ea3c (17520 steps, 10 rules, whole-period solve included) -- nothing re-solved
  no_battery                        319.57 EUR   EFC    0.0   peak  4.91 kW
  self_consumption                  304.73 EUR   EFC   26.1   peak  4.91 kW
  fixed_schedule                    300.10 EUR   EFC  101.8   peak  3.97 kW
  delayed_pv_charge                 304.73 EUR   EFC   26.1   peak  4.91 kW
  price_threshold                   303.18 EUR   EFC   56.6   peak  4.63 kW
  price_rank_daily                  305.30 EUR   EFC   48.0   peak  4.91 kW
  peak_shaving                      307.40 EUR   EFC   36.6   peak  3.41 kW
  self_consumption_peak_shaving     299.10 EUR   EFC   42.0   peak  3.41 kW
  tariff_arbitrage                  306.88 EUR   EFC  189.4   peak  4.91 kW
  price_oracle                      304.26 EUR   EFC   51.5   peak  4.72 kW
vs no battery 319.57 vs MPC oracle 300.42 vs whole-period optimum 296.76 EUR
Forecast day-ahead nMAE: gen 0.347 | con 0.425 | skill vs seasonal-naive: gen +0.135 con +0.299
                                                   No battery Perfect foresight Forecast (Prophet)
KPI                                                                                               
Total cost                                             304.47   284.13 (-6.7 %)    298.29 (-2.0 %)
Regret vs perfect foresight (% of no-battery cost)          —     0.00 (+0.0 %)     14.16 (+4.7 %)
Energy bought (kWh)                                    3740.4   3494.0 (-6.6 %)    3712.3 (-0.8 %)
Energy sold (kWh)                                       285.4    12.3 (-95.7 %)    236.8 (-17.0 %)

Results saved to: /Users/summerscholl/Documents/ERK-2026/Yoann/results_local/SI_H24_hbd_median14/Ausgrid 127/

======================================================================
=== Dataset: Ausgrid 127 ===
======================================================================
Native granularity (30 min): 52608 steps
Training: 35040 steps (730 days)
Simulation: 17520 steps (365 days)
Tariff: AU | import rate -0.0106..0.6508 EUR/kWh
  [Forecaster] hbd_median14: 17568 rows, fit on 35040 training steps
  [Forecaster] truth: 17568 rows, nothing fitted
  [Forecaster] hbd_median14_pvtruth: consumption from hbd_median14, generation from truth
  [Forecaster] cached 17568 rows -> Ausgrid 127__75aa24a15048.csv.gz

--- Reactive mode (consumption + generation via Prophet) ---
Simulated steps: 17520 | Reopt.: 17520

--- Oracle mode (all real data) + rule-based controllers (AU) ---
  [oracle] cache hit Ausgrid 127__3274c69c3f88 (17520 steps, 8 rules, whole-period solve included) -- nothing re-solved
  no_battery                        791.67 EUR   EFC    0.0   peak  4.91 kW
  self_consumption                  741.37 EUR   EFC   26.1   peak  4.91 kW
  fixed_schedule                    550.00 EUR   EFC  140.3   peak  5.47 kW
  delayed_pv_charge                 741.37 EUR   EFC   26.1   peak  4.91 kW
  price_threshold                   517.65 EUR   EFC  232.8   peak  5.47 kW
  price_rank_daily                  513.78 EUR   EFC  235.8   peak  5.47 kW
  tariff_arbitrage                  582.30 EUR   EFC  202.8   peak  4.93 kW
  price_oracle                      517.23 EUR   EFC  230.9   peak  5.47 kW
vs no battery 791.67 vs MPC oracle 547.19 vs whole-period optimum 546.15 EUR
Forecast day-ahead nMAE: gen 0.000 | con 0.425 | skill vs seasonal-naive: gen +1.000 con +0.299
                                                   No battery Perfect foresight Forecast (Prophet)
KPI                                                                                               
Total cost                                             791.67  546.39 (-31.0 %)   628.14 (-20.7 %)
Regret vs perfect foresight (% of no-battery cost)          —     0.00 (+0.0 %)    81.76 (+10.3 %)
Energy bought (kWh)                                    3740.4   3585.6 (-4.1 %)    3862.3 (+3.3 %)
Energy sold (kWh)                                       285.4     9.6 (-96.6 %)     300.1 (+5.2 %)

Results saved to: /Users/summerscholl/Documents/ERK-2026/Yoann/results_local/AU_H24_hbd_median14_pvtruth/Ausgrid 127/

======================================================================
=== Dataset: Ausgrid 127 ===
======================================================================
Native granularity (30 min): 52608 steps
Training: 35040 steps (730 days)
Simulation: 17520 steps (365 days)
Tariff: SI | import rate 0.0002..0.2806 EUR/kWh
  [Forecaster] cache hit Ausgrid 127__75aa24a15048.csv.gz (17568 rows) -- Prophet not fitted

--- Reactive mode (consumption + generation via Prophet) ---
Simulated steps: 17520 | Reopt.: 17520

--- Oracle mode (all real data) + rule-based controllers (SI) ---
  [oracle] cache hit Ausgrid 127__dadd4256ea3c (17520 steps, 10 rules, whole-period solve included) -- nothing re-solved
  no_battery                        319.57 EUR   EFC    0.0   peak  4.91 kW
  self_consumption                  304.73 EUR   EFC   26.1   peak  4.91 kW
  fixed_schedule                    300.10 EUR   EFC  101.8   peak  3.97 kW
  delayed_pv_charge                 304.73 EUR   EFC   26.1   peak  4.91 kW
  price_threshold                   303.18 EUR   EFC   56.6   peak  4.63 kW
  price_rank_daily                  305.30 EUR   EFC   48.0   peak  4.91 kW
  peak_shaving                      307.40 EUR   EFC   36.6   peak  3.41 kW
  self_consumption_peak_shaving     299.10 EUR   EFC   42.0   peak  3.41 kW
  tariff_arbitrage                  306.88 EUR   EFC  189.4   peak  4.91 kW
  price_oracle                      304.26 EUR   EFC   51.5   peak  4.72 kW
vs no battery 319.57 vs MPC oracle 300.42 vs whole-period optimum 296.76 EUR
Forecast day-ahead nMAE: gen 0.000 | con 0.425 | skill vs seasonal-naive: gen +1.000 con +0.299
                                                   No battery Perfect foresight Forecast (Prophet)
KPI                                                                                               
Total cost                                             304.47   284.13 (-6.7 %)    296.41 (-2.6 %)
Regret vs perfect foresight (% of no-battery cost)          —     0.00 (+0.0 %)     12.28 (+4.0 %)
Energy bought (kWh)                                    3740.4   3494.0 (-6.6 %)    3683.3 (-1.5 %)
Energy sold (kWh)                                       285.4    12.3 (-95.7 %)    207.2 (-27.4 %)

Results saved to: /Users/summerscholl/Documents/ERK-2026/Yoann/results_local/SI_H24_hbd_median14_pvtruth/Ausgrid 127/
