
======================================================================
=== Dataset: Ausgrid 156 ===
======================================================================
Native granularity (30 min): 52608 steps
Training: 35040 steps (730 days)
Simulation: 17520 steps (365 days)
Tariff: AU | import rate -0.0106..0.6508 EUR/kWh
  [checkpoint] already complete under this configuration; skipping

======================================================================
=== Dataset: Ausgrid 156 ===
======================================================================
Native granularity (30 min): 52608 steps
Training: 35040 steps (730 days)
Simulation: 17520 steps (365 days)
Tariff: AU | import rate -0.0106..0.6508 EUR/kWh
  [checkpoint] already complete under this configuration; skipping

======================================================================
=== Dataset: Ausgrid 156 ===
======================================================================
Native granularity (30 min): 52608 steps
Training: 35040 steps (730 days)
Simulation: 17520 steps (365 days)
Tariff: SI | import rate 0.0002..0.2806 EUR/kWh
  [checkpoint] already complete under this configuration; skipping

======================================================================
=== Dataset: Ausgrid 156 ===
======================================================================
Native granularity (30 min): 52608 steps
Training: 35040 steps (730 days)
Simulation: 17520 steps (365 days)
Tariff: SI | import rate 0.0002..0.2806 EUR/kWh
  [checkpoint] already complete under this configuration; skipping

======================================================================
=== Dataset: Ausgrid 156 ===
======================================================================
Native granularity (30 min): 52608 steps
Training: 35040 steps (730 days)
Simulation: 17520 steps (365 days)
Tariff: AU | import rate -0.0106..0.6508 EUR/kWh
  [checkpoint] already complete under this configuration; skipping

======================================================================
=== Dataset: Ausgrid 156 ===
======================================================================
Native granularity (30 min): 52608 steps
Training: 35040 steps (730 days)
Simulation: 17520 steps (365 days)
Tariff: AU | import rate -0.0106..0.6508 EUR/kWh
  [checkpoint] already complete under this configuration; skipping

======================================================================
=== Dataset: Ausgrid 156 ===
======================================================================
Native granularity (30 min): 52608 steps
Training: 35040 steps (730 days)
Simulation: 17520 steps (365 days)
Tariff: SI | import rate 0.0002..0.2806 EUR/kWh
  [checkpoint] already complete under this configuration; skipping

======================================================================
=== Dataset: Ausgrid 156 ===
======================================================================
Native granularity (30 min): 52608 steps
Training: 35040 steps (730 days)
Simulation: 17520 steps (365 days)
Tariff: AU | import rate -0.0106..0.6508 EUR/kWh
  [checkpoint] already complete under this configuration; skipping

======================================================================
=== Dataset: Ausgrid 156 ===
======================================================================
Native granularity (30 min): 52608 steps
Training: 35040 steps (730 days)
Simulation: 17520 steps (365 days)
Tariff: SI | import rate 0.0002..0.2806 EUR/kWh
  [checkpoint] already complete under this configuration; skipping

======================================================================
=== Dataset: Ausgrid 156 ===
======================================================================
Native granularity (30 min): 52608 steps
Training: 35040 steps (730 days)
Simulation: 17520 steps (365 days)
Tariff: AU | import rate -0.0106..0.6508 EUR/kWh
  [checkpoint] already complete under this configuration; skipping

======================================================================
=== Dataset: Ausgrid 156 ===
======================================================================
Native granularity (30 min): 52608 steps
Training: 35040 steps (730 days)
Simulation: 17520 steps (365 days)
Tariff: SI | import rate 0.0002..0.2806 EUR/kWh
  [checkpoint] already complete under this configuration; skipping

======================================================================
=== Dataset: Ausgrid 156 ===
======================================================================
Native granularity (30 min): 52608 steps
Training: 35040 steps (730 days)
Simulation: 17520 steps (365 days)
Tariff: AU | import rate -0.0106..0.6508 EUR/kWh
  [checkpoint] already complete under this configuration; skipping

======================================================================
=== Dataset: Ausgrid 156 ===
======================================================================
Native granularity (30 min): 52608 steps
Training: 35040 steps (730 days)
Simulation: 17520 steps (365 days)
Tariff: SI | import rate 0.0002..0.2806 EUR/kWh
  [checkpoint] already complete under this configuration; skipping

======================================================================
=== Dataset: Ausgrid 156 ===
======================================================================
Native granularity (30 min): 52608 steps
Training: 35040 steps (730 days)
Simulation: 17520 steps (365 days)
Tariff: AU | import rate -0.0106..0.6508 EUR/kWh
  [checkpoint] already complete under this configuration; skipping

======================================================================
=== Dataset: Ausgrid 156 ===
======================================================================
Native granularity (30 min): 52608 steps
Training: 35040 steps (730 days)
Simulation: 17520 steps (365 days)
Tariff: SI | import rate 0.0002..0.2806 EUR/kWh
  [checkpoint] already complete under this configuration; skipping

======================================================================
=== Dataset: Ausgrid 156 ===
======================================================================
Native granularity (30 min): 52608 steps
Training: 35040 steps (730 days)
Simulation: 17520 steps (365 days)
Tariff: AU | import rate -0.0106..0.6508 EUR/kWh
  [checkpoint] already complete under this configuration; skipping

======================================================================
=== Dataset: Ausgrid 156 ===
======================================================================
Native granularity (30 min): 52608 steps
Training: 35040 steps (730 days)
Simulation: 17520 steps (365 days)
Tariff: SI | import rate 0.0002..0.2806 EUR/kWh
  [checkpoint] already complete under this configuration; skipping

======================================================================
=== Dataset: Ausgrid 156 ===
======================================================================
Native granularity (30 min): 52608 steps
Training: 35040 steps (730 days)
Simulation: 17520 steps (365 days)
Tariff: AU | import rate -0.0106..0.6508 EUR/kWh
  [checkpoint] already complete under this configuration; skipping

======================================================================
=== Dataset: Ausgrid 156 ===
======================================================================
Native granularity (30 min): 52608 steps
Training: 35040 steps (730 days)
Simulation: 17520 steps (365 days)
Tariff: SI | import rate 0.0002..0.2806 EUR/kWh
  [checkpoint] already complete under this configuration; skipping

======================================================================
=== Dataset: Ausgrid 156 ===
======================================================================
Native granularity (30 min): 52608 steps
Training: 35040 steps (730 days)
Simulation: 17520 steps (365 days)
Tariff: AU | import rate -0.0106..0.6508 EUR/kWh
  [checkpoint] already complete under this configuration; skipping

======================================================================
=== Dataset: Ausgrid 156 ===
======================================================================
Native granularity (30 min): 52608 steps
Training: 35040 steps (730 days)
Simulation: 17520 steps (365 days)
Tariff: SI | import rate 0.0002..0.2806 EUR/kWh
  [checkpoint] already complete under this configuration; skipping

======================================================================
=== Dataset: Ausgrid 156 ===
======================================================================
Native granularity (30 min): 52608 steps
Training: 35040 steps (730 days)
Simulation: 17520 steps (365 days)
Tariff: AU | import rate -0.0106..0.6508 EUR/kWh
  [checkpoint] already complete under this configuration; skipping

======================================================================
=== Dataset: Ausgrid 156 ===
======================================================================
Native granularity (30 min): 52608 steps
Training: 35040 steps (730 days)
Simulation: 17520 steps (365 days)
Tariff: SI | import rate 0.0002..0.2806 EUR/kWh
  [checkpoint] already complete under this configuration; skipping

======================================================================
=== Dataset: Ausgrid 156 ===
======================================================================
Native granularity (30 min): 52608 steps
Training: 35040 steps (730 days)
Simulation: 17520 steps (365 days)
Tariff: AU | import rate -0.0106..0.6508 EUR/kWh
  [Forecaster] hbd: 17568 rows, fit on 35040 training steps
  [Forecaster] cached 17568 rows -> Ausgrid 156__335bcda37135.csv.gz

--- Reactive mode (consumption + generation via Prophet) ---
Simulated steps: 17520 | Reopt.: 17520

--- Oracle mode (all real data) + rule-based controllers (AU) ---
  [oracle] cache hit Ausgrid 156__5dbdae359b6a (17520 steps, 8 rules, whole-period solve included) -- nothing re-solved
  no_battery                       1068.75 EUR   EFC    0.0   peak  8.73 kW
  self_consumption                  962.48 EUR   EFC   62.6   peak  8.73 kW
  fixed_schedule                    865.85 EUR   EFC  106.6   peak 10.23 kW
  delayed_pv_charge                 962.52 EUR   EFC   62.5   peak  8.73 kW
  price_threshold                   810.78 EUR   EFC  236.6   peak 10.23 kW
  price_rank_daily                  804.79 EUR   EFC  239.2   peak 10.23 kW
  tariff_arbitrage                  878.22 EUR   EFC  220.4   peak  9.00 kW
  price_oracle                      807.95 EUR   EFC  235.6   peak  9.00 kW
vs no battery 1068.75 vs MPC oracle 835.36 vs whole-period optimum 835.19 EUR
Forecast day-ahead nMAE: gen 0.358 | con 0.406 | skill vs seasonal-naive: gen +0.056 con +0.025
                                                   No battery Perfect foresight Forecast (Prophet)
KPI                                                                                               
Total cost                                            1068.75  834.56 (-21.9 %)   918.95 (-14.0 %)
Regret vs perfect foresight (% of no-battery cost)          —     0.00 (+0.0 %)     84.39 (+7.9 %)
Energy bought (kWh)                                    5853.9   5300.1 (-9.5 %)    5839.7 (-0.2 %)
Energy sold (kWh)                                       712.2    39.4 (-94.5 %)    577.0 (-19.0 %)

Results saved to: /Users/summerscholl/Documents/ERK-2026/Yoann/results_local/AU_H24_hbd/Ausgrid 156/

======================================================================
=== Dataset: Ausgrid 156 ===
======================================================================
Native granularity (30 min): 52608 steps
Training: 35040 steps (730 days)
Simulation: 17520 steps (365 days)
Tariff: SI | import rate 0.0002..0.2806 EUR/kWh
  [Forecaster] cache hit Ausgrid 156__335bcda37135.csv.gz (17568 rows) -- Prophet not fitted

--- Reactive mode (consumption + generation via Prophet) ---
Simulated steps: 17520 | Reopt.: 17520

--- Oracle mode (all real data) + rule-based controllers (SI) ---
  [oracle] cache hit Ausgrid 156__77b7e5b883d9 (17520 steps, 10 rules, whole-period solve included) -- nothing re-solved
  no_battery                        497.18 EUR   EFC    0.0   peak  8.73 kW
  self_consumption                  462.29 EUR   EFC   62.6   peak  8.73 kW
  fixed_schedule                    471.03 EUR   EFC   72.7   peak  8.73 kW
  delayed_pv_charge                 462.30 EUR   EFC   62.5   peak  8.73 kW
  price_threshold                   463.31 EUR   EFC   89.8   peak  8.73 kW
  price_rank_daily                  463.62 EUR   EFC   83.8   peak  8.73 kW
  peak_shaving                      478.60 EUR   EFC   35.2   peak  7.23 kW
  self_consumption_peak_shaving     455.02 EUR   EFC   85.2   peak  7.23 kW
  tariff_arbitrage                  461.56 EUR   EFC  228.2   peak  7.23 kW
  price_oracle                      462.11 EUR   EFC   85.8   peak  8.73 kW
vs no battery 497.18 vs MPC oracle 455.43 vs whole-period optimum 452.82 EUR
Forecast day-ahead nMAE: gen 0.358 | con 0.406 | skill vs seasonal-naive: gen +0.056 con +0.025
                                                   No battery Perfect foresight Forecast (Prophet)
KPI                                                                                               
Total cost                                             466.98   425.28 (-8.9 %)    450.25 (-3.6 %)
Regret vs perfect foresight (% of no-battery cost)          —     0.00 (+0.0 %)     24.96 (+5.3 %)
Energy bought (kWh)                                    5853.9  5252.2 (-10.3 %)    5663.8 (-3.2 %)
Energy sold (kWh)                                       712.2    45.4 (-93.6 %)    464.7 (-34.7 %)

Results saved to: /Users/summerscholl/Documents/ERK-2026/Yoann/results_local/SI_H24_hbd/Ausgrid 156/

======================================================================
=== Dataset: Ausgrid 156 ===
======================================================================
Native granularity (30 min): 52608 steps
Training: 35040 steps (730 days)
Simulation: 17520 steps (365 days)
Tariff: AU | import rate -0.0106..0.6508 EUR/kWh
  [Forecaster] hbd_baseline: 17568 rows, fit on 35040 training steps
  [Forecaster] cached 17568 rows -> Ausgrid 156__a8e148811307.csv.gz

--- Reactive mode (consumption + generation via Prophet) ---
Simulated steps: 17520 | Reopt.: 17520

--- Oracle mode (all real data) + rule-based controllers (AU) ---
  [oracle] cache hit Ausgrid 156__5dbdae359b6a (17520 steps, 8 rules, whole-period solve included) -- nothing re-solved
  no_battery                       1068.75 EUR   EFC    0.0   peak  8.73 kW
  self_consumption                  962.48 EUR   EFC   62.6   peak  8.73 kW
  fixed_schedule                    865.85 EUR   EFC  106.6   peak 10.23 kW
  delayed_pv_charge                 962.52 EUR   EFC   62.5   peak  8.73 kW
  price_threshold                   810.78 EUR   EFC  236.6   peak 10.23 kW
  price_rank_daily                  804.79 EUR   EFC  239.2   peak 10.23 kW
  tariff_arbitrage                  878.22 EUR   EFC  220.4   peak  9.00 kW
  price_oracle                      807.95 EUR   EFC  235.6   peak  9.00 kW
vs no battery 1068.75 vs MPC oracle 835.36 vs whole-period optimum 835.19 EUR
Forecast day-ahead nMAE: gen 0.431 | con 0.589 | skill vs seasonal-naive: gen -0.139 con -0.413
                                                   No battery Perfect foresight Forecast (Prophet)
KPI                                                                                               
Total cost                                            1068.75  834.56 (-21.9 %)   922.11 (-13.7 %)
Regret vs perfect foresight (% of no-battery cost)          —     0.00 (+0.0 %)     87.55 (+8.2 %)
Energy bought (kWh)                                    5853.9   5300.1 (-9.5 %)    5965.0 (+1.9 %)
Energy sold (kWh)                                       712.2    39.4 (-94.5 %)     702.8 (-1.3 %)

Results saved to: /Users/summerscholl/Documents/ERK-2026/Yoann/results_local/AU_H24_hbd_baseline/Ausgrid 156/

======================================================================
=== Dataset: Ausgrid 156 ===
======================================================================
Native granularity (30 min): 52608 steps
Training: 35040 steps (730 days)
Simulation: 17520 steps (365 days)
Tariff: SI | import rate 0.0002..0.2806 EUR/kWh
  [Forecaster] cache hit Ausgrid 156__a8e148811307.csv.gz (17568 rows) -- Prophet not fitted

--- Reactive mode (consumption + generation via Prophet) ---
Simulated steps: 17520 | Reopt.: 17520

--- Oracle mode (all real data) + rule-based controllers (SI) ---
  [oracle] cache hit Ausgrid 156__77b7e5b883d9 (17520 steps, 10 rules, whole-period solve included) -- nothing re-solved
  no_battery                        497.18 EUR   EFC    0.0   peak  8.73 kW
  self_consumption                  462.29 EUR   EFC   62.6   peak  8.73 kW
  fixed_schedule                    471.03 EUR   EFC   72.7   peak  8.73 kW
  delayed_pv_charge                 462.30 EUR   EFC   62.5   peak  8.73 kW
  price_threshold                   463.31 EUR   EFC   89.8   peak  8.73 kW
  price_rank_daily                  463.62 EUR   EFC   83.8   peak  8.73 kW
  peak_shaving                      478.60 EUR   EFC   35.2   peak  7.23 kW
  self_consumption_peak_shaving     455.02 EUR   EFC   85.2   peak  7.23 kW
  tariff_arbitrage                  461.56 EUR   EFC  228.2   peak  7.23 kW
  price_oracle                      462.11 EUR   EFC   85.8   peak  8.73 kW
vs no battery 497.18 vs MPC oracle 455.43 vs whole-period optimum 452.82 EUR
Forecast day-ahead nMAE: gen 0.431 | con 0.589 | skill vs seasonal-naive: gen -0.139 con -0.413
                                                   No battery Perfect foresight Forecast (Prophet)
KPI                                                                                               
Total cost                                             466.98   425.28 (-8.9 %)    456.29 (-2.3 %)
Regret vs perfect foresight (% of no-battery cost)          —     0.00 (+0.0 %)     31.01 (+6.6 %)
Energy bought (kWh)                                    5853.9  5252.2 (-10.3 %)    5763.7 (-1.5 %)
Energy sold (kWh)                                       712.2    45.4 (-93.6 %)    586.6 (-17.6 %)

Results saved to: /Users/summerscholl/Documents/ERK-2026/Yoann/results_local/SI_H24_hbd_baseline/Ausgrid 156/

======================================================================
=== Dataset: Ausgrid 156 ===
======================================================================
Native granularity (30 min): 52608 steps
Training: 35040 steps (730 days)
Simulation: 17520 steps (365 days)
Tariff: AU | import rate -0.0106..0.6508 EUR/kWh
  [Forecaster] hbd_median14: 17568 rows, fit on 35040 training steps
  [Forecaster] cached 17568 rows -> Ausgrid 156__918e9c4c07ab.csv.gz

--- Reactive mode (consumption + generation via Prophet) ---
Simulated steps: 17520 | Reopt.: 17520

--- Oracle mode (all real data) + rule-based controllers (AU) ---
  [oracle] cache hit Ausgrid 156__5dbdae359b6a (17520 steps, 8 rules, whole-period solve included) -- nothing re-solved
  no_battery                       1068.75 EUR   EFC    0.0   peak  8.73 kW
  self_consumption                  962.48 EUR   EFC   62.6   peak  8.73 kW
  fixed_schedule                    865.85 EUR   EFC  106.6   peak 10.23 kW
  delayed_pv_charge                 962.52 EUR   EFC   62.5   peak  8.73 kW
  price_threshold                   810.78 EUR   EFC  236.6   peak 10.23 kW
  price_rank_daily                  804.79 EUR   EFC  239.2   peak 10.23 kW
  tariff_arbitrage                  878.22 EUR   EFC  220.4   peak  9.00 kW
  price_oracle                      807.95 EUR   EFC  235.6   peak  9.00 kW
vs no battery 1068.75 vs MPC oracle 835.36 vs whole-period optimum 835.19 EUR
Forecast day-ahead nMAE: gen 0.324 | con 0.343 | skill vs seasonal-naive: gen +0.145 con +0.176
                                                   No battery Perfect foresight Forecast (Prophet)
KPI                                                                                               
Total cost                                            1068.75  834.56 (-21.9 %)   917.07 (-14.2 %)
Regret vs perfect foresight (% of no-battery cost)          —     0.00 (+0.0 %)     82.51 (+7.7 %)
Energy bought (kWh)                                    5853.9   5300.1 (-9.5 %)    5664.4 (-3.2 %)
Energy sold (kWh)                                       712.2    39.4 (-94.5 %)    408.5 (-42.6 %)

Results saved to: /Users/summerscholl/Documents/ERK-2026/Yoann/results_local/AU_H24_hbd_median14/Ausgrid 156/

======================================================================
=== Dataset: Ausgrid 156 ===
======================================================================
Native granularity (30 min): 52608 steps
Training: 35040 steps (730 days)
Simulation: 17520 steps (365 days)
Tariff: SI | import rate 0.0002..0.2806 EUR/kWh
  [Forecaster] cache hit Ausgrid 156__918e9c4c07ab.csv.gz (17568 rows) -- Prophet not fitted

--- Reactive mode (consumption + generation via Prophet) ---
Simulated steps: 17520 | Reopt.: 17520

--- Oracle mode (all real data) + rule-based controllers (SI) ---
  [oracle] cache hit Ausgrid 156__77b7e5b883d9 (17520 steps, 10 rules, whole-period solve included) -- nothing re-solved
  no_battery                        497.18 EUR   EFC    0.0   peak  8.73 kW
  self_consumption                  462.29 EUR   EFC   62.6   peak  8.73 kW
  fixed_schedule                    471.03 EUR   EFC   72.7   peak  8.73 kW
  delayed_pv_charge                 462.30 EUR   EFC   62.5   peak  8.73 kW
  price_threshold                   463.31 EUR   EFC   89.8   peak  8.73 kW
  price_rank_daily                  463.62 EUR   EFC   83.8   peak  8.73 kW
  peak_shaving                      478.60 EUR   EFC   35.2   peak  7.23 kW
  self_consumption_peak_shaving     455.02 EUR   EFC   85.2   peak  7.23 kW
  tariff_arbitrage                  461.56 EUR   EFC  228.2   peak  7.23 kW
  price_oracle                      462.11 EUR   EFC   85.8   peak  8.73 kW
vs no battery 497.18 vs MPC oracle 455.43 vs whole-period optimum 452.82 EUR
Forecast day-ahead nMAE: gen 0.324 | con 0.343 | skill vs seasonal-naive: gen +0.145 con +0.176
                                                   No battery Perfect foresight Forecast (Prophet)
KPI                                                                                               
Total cost                                             466.98   425.28 (-8.9 %)    445.29 (-4.6 %)
Regret vs perfect foresight (% of no-battery cost)          —     0.00 (+0.0 %)     20.01 (+4.3 %)
Energy bought (kWh)                                    5853.9  5252.2 (-10.3 %)    5578.2 (-4.7 %)
Energy sold (kWh)                                       712.2    45.4 (-93.6 %)    367.8 (-48.4 %)

Results saved to: /Users/summerscholl/Documents/ERK-2026/Yoann/results_local/SI_H24_hbd_median14/Ausgrid 156/

======================================================================
=== Dataset: Ausgrid 156 ===
======================================================================
Native granularity (30 min): 52608 steps
Training: 35040 steps (730 days)
Simulation: 17520 steps (365 days)
Tariff: AU | import rate -0.0106..0.6508 EUR/kWh
  [Forecaster] hbd_median14: 17568 rows, fit on 35040 training steps
  [Forecaster] truth: 17568 rows, nothing fitted
  [Forecaster] hbd_median14_pvtruth: consumption from hbd_median14, generation from truth
  [Forecaster] cached 17568 rows -> Ausgrid 156__61f7da1e359d.csv.gz

--- Reactive mode (consumption + generation via Prophet) ---
Simulated steps: 17520 | Reopt.: 17520

--- Oracle mode (all real data) + rule-based controllers (AU) ---
  [oracle] cache hit Ausgrid 156__5dbdae359b6a (17520 steps, 8 rules, whole-period solve included) -- nothing re-solved
  no_battery                       1068.75 EUR   EFC    0.0   peak  8.73 kW
  self_consumption                  962.48 EUR   EFC   62.6   peak  8.73 kW
  fixed_schedule                    865.85 EUR   EFC  106.6   peak 10.23 kW
  delayed_pv_charge                 962.52 EUR   EFC   62.5   peak  8.73 kW
  price_threshold                   810.78 EUR   EFC  236.6   peak 10.23 kW
  price_rank_daily                  804.79 EUR   EFC  239.2   peak 10.23 kW
  tariff_arbitrage                  878.22 EUR   EFC  220.4   peak  9.00 kW
  price_oracle                      807.95 EUR   EFC  235.6   peak  9.00 kW
vs no battery 1068.75 vs MPC oracle 835.36 vs whole-period optimum 835.19 EUR
Forecast day-ahead nMAE: gen 0.000 | con 0.343 | skill vs seasonal-naive: gen +1.000 con +0.176
                                                   No battery Perfect foresight Forecast (Prophet)
KPI                                                                                               
Total cost                                            1068.75  834.56 (-21.9 %)   905.59 (-15.3 %)
Regret vs perfect foresight (% of no-battery cost)          —     0.00 (+0.0 %)     71.03 (+6.6 %)
Energy bought (kWh)                                    5853.9   5300.1 (-9.5 %)    5570.5 (-4.8 %)
Energy sold (kWh)                                       712.2    39.4 (-94.5 %)    314.9 (-55.8 %)

Results saved to: /Users/summerscholl/Documents/ERK-2026/Yoann/results_local/AU_H24_hbd_median14_pvtruth/Ausgrid 156/

======================================================================
=== Dataset: Ausgrid 156 ===
======================================================================
Native granularity (30 min): 52608 steps
Training: 35040 steps (730 days)
Simulation: 17520 steps (365 days)
Tariff: SI | import rate 0.0002..0.2806 EUR/kWh
  [Forecaster] cache hit Ausgrid 156__61f7da1e359d.csv.gz (17568 rows) -- Prophet not fitted

--- Reactive mode (consumption + generation via Prophet) ---
Simulated steps: 17520 | Reopt.: 17520

--- Oracle mode (all real data) + rule-based controllers (SI) ---
  [oracle] cache hit Ausgrid 156__77b7e5b883d9 (17520 steps, 10 rules, whole-period solve included) -- nothing re-solved
  no_battery                        497.18 EUR   EFC    0.0   peak  8.73 kW
  self_consumption                  462.29 EUR   EFC   62.6   peak  8.73 kW
  fixed_schedule                    471.03 EUR   EFC   72.7   peak  8.73 kW
  delayed_pv_charge                 462.30 EUR   EFC   62.5   peak  8.73 kW
  price_threshold                   463.31 EUR   EFC   89.8   peak  8.73 kW
  price_rank_daily                  463.62 EUR   EFC   83.8   peak  8.73 kW
  peak_shaving                      478.60 EUR   EFC   35.2   peak  7.23 kW
  self_consumption_peak_shaving     455.02 EUR   EFC   85.2   peak  7.23 kW
  tariff_arbitrage                  461.56 EUR   EFC  228.2   peak  7.23 kW
  price_oracle                      462.11 EUR   EFC   85.8   peak  8.73 kW
vs no battery 497.18 vs MPC oracle 455.43 vs whole-period optimum 452.82 EUR
Forecast day-ahead nMAE: gen 0.000 | con 0.343 | skill vs seasonal-naive: gen +1.000 con +0.176
                                                   No battery Perfect foresight Forecast (Prophet)
KPI                                                                                               
Total cost                                             466.98   425.28 (-8.9 %)    438.55 (-6.1 %)
Regret vs perfect foresight (% of no-battery cost)          —     0.00 (+0.0 %)     13.26 (+2.8 %)
Energy bought (kWh)                                    5853.9  5252.2 (-10.3 %)    5466.0 (-6.6 %)
Energy sold (kWh)                                       712.2    45.4 (-93.6 %)    258.8 (-63.7 %)

Results saved to: /Users/summerscholl/Documents/ERK-2026/Yoann/results_local/SI_H24_hbd_median14_pvtruth/Ausgrid 156/
