
======================================================================
=== Dataset: Ausgrid 81 ===
======================================================================
Native granularity (30 min): 52608 steps
Training: 35040 steps (730 days)
Simulation: 17520 steps (365 days)
Tariff: AU | import rate -0.0106..0.6508 EUR/kWh
  [checkpoint] already complete under this configuration; skipping

======================================================================
=== Dataset: Ausgrid 81 ===
======================================================================
Native granularity (30 min): 52608 steps
Training: 35040 steps (730 days)
Simulation: 17520 steps (365 days)
Tariff: AU | import rate -0.0106..0.6508 EUR/kWh
  [checkpoint] already complete under this configuration; skipping

======================================================================
=== Dataset: Ausgrid 81 ===
======================================================================
Native granularity (30 min): 52608 steps
Training: 35040 steps (730 days)
Simulation: 17520 steps (365 days)
Tariff: SI | import rate 0.0002..0.2806 EUR/kWh
  [checkpoint] already complete under this configuration; skipping

======================================================================
=== Dataset: Ausgrid 81 ===
======================================================================
Native granularity (30 min): 52608 steps
Training: 35040 steps (730 days)
Simulation: 17520 steps (365 days)
Tariff: SI | import rate 0.0002..0.2806 EUR/kWh
  [checkpoint] already complete under this configuration; skipping

======================================================================
=== Dataset: Ausgrid 81 ===
======================================================================
Native granularity (30 min): 52608 steps
Training: 35040 steps (730 days)
Simulation: 17520 steps (365 days)
Tariff: AU | import rate -0.0106..0.6508 EUR/kWh
  [checkpoint] already complete under this configuration; skipping

======================================================================
=== Dataset: Ausgrid 81 ===
======================================================================
Native granularity (30 min): 52608 steps
Training: 35040 steps (730 days)
Simulation: 17520 steps (365 days)
Tariff: AU | import rate -0.0106..0.6508 EUR/kWh
  [checkpoint] already complete under this configuration; skipping

======================================================================
=== Dataset: Ausgrid 81 ===
======================================================================
Native granularity (30 min): 52608 steps
Training: 35040 steps (730 days)
Simulation: 17520 steps (365 days)
Tariff: SI | import rate 0.0002..0.2806 EUR/kWh
  [checkpoint] already complete under this configuration; skipping

======================================================================
=== Dataset: Ausgrid 81 ===
======================================================================
Native granularity (30 min): 52608 steps
Training: 35040 steps (730 days)
Simulation: 17520 steps (365 days)
Tariff: AU | import rate -0.0106..0.6508 EUR/kWh
  [checkpoint] already complete under this configuration; skipping

======================================================================
=== Dataset: Ausgrid 81 ===
======================================================================
Native granularity (30 min): 52608 steps
Training: 35040 steps (730 days)
Simulation: 17520 steps (365 days)
Tariff: SI | import rate 0.0002..0.2806 EUR/kWh
  [checkpoint] already complete under this configuration; skipping

======================================================================
=== Dataset: Ausgrid 81 ===
======================================================================
Native granularity (30 min): 52608 steps
Training: 35040 steps (730 days)
Simulation: 17520 steps (365 days)
Tariff: AU | import rate -0.0106..0.6508 EUR/kWh
  [checkpoint] already complete under this configuration; skipping

======================================================================
=== Dataset: Ausgrid 81 ===
======================================================================
Native granularity (30 min): 52608 steps
Training: 35040 steps (730 days)
Simulation: 17520 steps (365 days)
Tariff: SI | import rate 0.0002..0.2806 EUR/kWh
  [checkpoint] already complete under this configuration; skipping

======================================================================
=== Dataset: Ausgrid 81 ===
======================================================================
Native granularity (30 min): 52608 steps
Training: 35040 steps (730 days)
Simulation: 17520 steps (365 days)
Tariff: AU | import rate -0.0106..0.6508 EUR/kWh
  [checkpoint] already complete under this configuration; skipping

======================================================================
=== Dataset: Ausgrid 81 ===
======================================================================
Native granularity (30 min): 52608 steps
Training: 35040 steps (730 days)
Simulation: 17520 steps (365 days)
Tariff: SI | import rate 0.0002..0.2806 EUR/kWh
  [checkpoint] already complete under this configuration; skipping

======================================================================
=== Dataset: Ausgrid 81 ===
======================================================================
Native granularity (30 min): 52608 steps
Training: 35040 steps (730 days)
Simulation: 17520 steps (365 days)
Tariff: AU | import rate -0.0106..0.6508 EUR/kWh
  [checkpoint] already complete under this configuration; skipping

======================================================================
=== Dataset: Ausgrid 81 ===
======================================================================
Native granularity (30 min): 52608 steps
Training: 35040 steps (730 days)
Simulation: 17520 steps (365 days)
Tariff: SI | import rate 0.0002..0.2806 EUR/kWh
  [checkpoint] already complete under this configuration; skipping

======================================================================
=== Dataset: Ausgrid 81 ===
======================================================================
Native granularity (30 min): 52608 steps
Training: 35040 steps (730 days)
Simulation: 17520 steps (365 days)
Tariff: AU | import rate -0.0106..0.6508 EUR/kWh
  [checkpoint] already complete under this configuration; skipping

======================================================================
=== Dataset: Ausgrid 81 ===
======================================================================
Native granularity (30 min): 52608 steps
Training: 35040 steps (730 days)
Simulation: 17520 steps (365 days)
Tariff: SI | import rate 0.0002..0.2806 EUR/kWh
  [checkpoint] already complete under this configuration; skipping

======================================================================
=== Dataset: Ausgrid 81 ===
======================================================================
Native granularity (30 min): 52608 steps
Training: 35040 steps (730 days)
Simulation: 17520 steps (365 days)
Tariff: AU | import rate -0.0106..0.6508 EUR/kWh
  [checkpoint] already complete under this configuration; skipping

======================================================================
=== Dataset: Ausgrid 81 ===
======================================================================
Native granularity (30 min): 52608 steps
Training: 35040 steps (730 days)
Simulation: 17520 steps (365 days)
Tariff: SI | import rate 0.0002..0.2806 EUR/kWh
  [checkpoint] already complete under this configuration; skipping

======================================================================
=== Dataset: Ausgrid 81 ===
======================================================================
Native granularity (30 min): 52608 steps
Training: 35040 steps (730 days)
Simulation: 17520 steps (365 days)
Tariff: AU | import rate -0.0106..0.6508 EUR/kWh
  [checkpoint] already complete under this configuration; skipping

======================================================================
=== Dataset: Ausgrid 81 ===
======================================================================
Native granularity (30 min): 52608 steps
Training: 35040 steps (730 days)
Simulation: 17520 steps (365 days)
Tariff: SI | import rate 0.0002..0.2806 EUR/kWh
  [checkpoint] already complete under this configuration; skipping

======================================================================
=== Dataset: Ausgrid 81 ===
======================================================================
Native granularity (30 min): 52608 steps
Training: 35040 steps (730 days)
Simulation: 17520 steps (365 days)
Tariff: AU | import rate -0.0106..0.6508 EUR/kWh
  [checkpoint] already complete under this configuration; skipping

======================================================================
=== Dataset: Ausgrid 81 ===
======================================================================
Native granularity (30 min): 52608 steps
Training: 35040 steps (730 days)
Simulation: 17520 steps (365 days)
Tariff: SI | import rate 0.0002..0.2806 EUR/kWh
  [checkpoint] already complete under this configuration; skipping

======================================================================
=== Dataset: Ausgrid 81 ===
======================================================================
Native granularity (30 min): 52608 steps
Training: 35040 steps (730 days)
Simulation: 17520 steps (365 days)
Tariff: AU | import rate -0.0106..0.6508 EUR/kWh
  [Forecaster] hbd: 17568 rows, fit on 35040 training steps
  [Forecaster] cached 17568 rows -> Ausgrid 81__afbde9c9d72a.csv.gz

--- Reactive mode (consumption + generation via Prophet) ---
Simulated steps: 17520 | Reopt.: 17520

--- Oracle mode (all real data) + rule-based controllers (AU) ---
  [oracle] cache hit Ausgrid 81__f50e820ebdbc (17520 steps, 8 rules, whole-period solve included) -- nothing re-solved
  no_battery                        363.60 EUR   EFC    0.0   peak  4.23 kW
  self_consumption                  217.11 EUR   EFC  113.8   peak  4.23 kW
  fixed_schedule                    298.24 EUR   EFC   32.2   peak  4.23 kW
  delayed_pv_charge                 217.93 EUR   EFC  113.4   peak  4.23 kW
  price_threshold                   221.12 EUR   EFC  170.3   peak  3.60 kW
  price_rank_daily                  218.81 EUR   EFC  171.5   peak  3.71 kW
  tariff_arbitrage                  308.10 EUR   EFC   68.4   peak  4.62 kW
  price_oracle                      219.16 EUR   EFC  169.8   peak  3.73 kW
vs no battery 363.60 vs MPC oracle 203.00 vs whole-period optimum 199.63 EUR
Forecast day-ahead nMAE: gen 0.444 | con 0.387 | skill vs seasonal-naive: gen +0.056 con +0.003
                                                   No battery Perfect foresight Forecast (Prophet)
KPI                                                                                               
Total cost                                             363.60  202.55 (-44.3 %)   285.58 (-21.5 %)
Regret vs perfect foresight (% of no-battery cost)          —     0.00 (+0.0 %)    83.03 (+22.8 %)
Energy bought (kWh)                                    2471.0  1392.0 (-43.7 %)   1980.3 (-19.9 %)
Energy sold (kWh)                                      1453.2   252.2 (-82.6 %)    843.6 (-41.9 %)

Results saved to: /Users/summerscholl/Documents/ERK-2026/Yoann/results_local/AU_H24_hbd/Ausgrid 81/

======================================================================
=== Dataset: Ausgrid 81 ===
======================================================================
Native granularity (30 min): 52608 steps
Training: 35040 steps (730 days)
Simulation: 17520 steps (365 days)
Tariff: SI | import rate 0.0002..0.2806 EUR/kWh
  [Forecaster] cache hit Ausgrid 81__afbde9c9d72a.csv.gz (17568 rows) -- Prophet not fitted

--- Reactive mode (consumption + generation via Prophet) ---
Simulated steps: 17520 | Reopt.: 17520

--- Oracle mode (all real data) + rule-based controllers (SI) ---
  [oracle] cache hit Ausgrid 81__f0ea4ff14009 (17520 steps, 10 rules, whole-period solve included) -- nothing re-solved
  no_battery                        176.63 EUR   EFC    0.0   peak  4.23 kW
  self_consumption                  115.27 EUR   EFC  113.8   peak  4.23 kW
  fixed_schedule                    160.97 EUR   EFC   22.4   peak  4.23 kW
  delayed_pv_charge                 115.61 EUR   EFC  113.4   peak  4.23 kW
  price_threshold                   120.95 EUR   EFC  115.0   peak  4.23 kW
  price_rank_daily                  119.83 EUR   EFC  121.1   peak  4.23 kW
  peak_shaving                      127.64 EUR   EFC   83.0   peak  2.73 kW
  self_consumption_peak_shaving     116.16 EUR   EFC  107.3   peak  2.73 kW
  tariff_arbitrage                  161.51 EUR   EFC   68.0   peak  4.23 kW
  price_oracle                      121.52 EUR   EFC  116.9   peak  4.23 kW
vs no battery 176.63 vs MPC oracle 116.29 vs whole-period optimum 103.67 EUR
Forecast day-ahead nMAE: gen 0.444 | con 0.387 | skill vs seasonal-naive: gen +0.056 con +0.003
                                                   No battery Perfect foresight Forecast (Prophet)
KPI                                                                                               
Total cost                                             158.16   96.81 (-38.8 %)   130.62 (-17.4 %)
Regret vs perfect foresight (% of no-battery cost)          —     0.00 (+0.0 %)    33.81 (+21.4 %)
Energy bought (kWh)                                    2471.0  1437.9 (-41.8 %)   2001.8 (-19.0 %)
Energy sold (kWh)                                      1453.2   306.4 (-78.9 %)    872.9 (-39.9 %)

Results saved to: /Users/summerscholl/Documents/ERK-2026/Yoann/results_local/SI_H24_hbd/Ausgrid 81/

======================================================================
=== Dataset: Ausgrid 81 ===
======================================================================
Native granularity (30 min): 52608 steps
Training: 35040 steps (730 days)
Simulation: 17520 steps (365 days)
Tariff: AU | import rate -0.0106..0.6508 EUR/kWh
  [Forecaster] hbd_baseline: 17568 rows, fit on 35040 training steps
  [Forecaster] cached 17568 rows -> Ausgrid 81__86685183c507.csv.gz

--- Reactive mode (consumption + generation via Prophet) ---
Simulated steps: 17520 | Reopt.: 17520

--- Oracle mode (all real data) + rule-based controllers (AU) ---
  [oracle] cache hit Ausgrid 81__f50e820ebdbc (17520 steps, 8 rules, whole-period solve included) -- nothing re-solved
  no_battery                        363.60 EUR   EFC    0.0   peak  4.23 kW
  self_consumption                  217.11 EUR   EFC  113.8   peak  4.23 kW
  fixed_schedule                    298.24 EUR   EFC   32.2   peak  4.23 kW
  delayed_pv_charge                 217.93 EUR   EFC  113.4   peak  4.23 kW
  price_threshold                   221.12 EUR   EFC  170.3   peak  3.60 kW
  price_rank_daily                  218.81 EUR   EFC  171.5   peak  3.71 kW
  tariff_arbitrage                  308.10 EUR   EFC   68.4   peak  4.62 kW
  price_oracle                      219.16 EUR   EFC  169.8   peak  3.73 kW
vs no battery 363.60 vs MPC oracle 203.00 vs whole-period optimum 199.63 EUR
Forecast day-ahead nMAE: gen 0.529 | con 0.792 | skill vs seasonal-naive: gen -0.125 con -1.041
                                                   No battery Perfect foresight Forecast (Prophet)
KPI                                                                                               
Total cost                                             363.60  202.55 (-44.3 %)   318.09 (-12.5 %)
Regret vs perfect foresight (% of no-battery cost)          —     0.00 (+0.0 %)   115.53 (+31.8 %)
Energy bought (kWh)                                    2471.0  1392.0 (-43.7 %)    2268.2 (-8.2 %)
Energy sold (kWh)                                      1453.2   252.2 (-82.6 %)   1187.9 (-18.3 %)

Results saved to: /Users/summerscholl/Documents/ERK-2026/Yoann/results_local/AU_H24_hbd_baseline/Ausgrid 81/

======================================================================
=== Dataset: Ausgrid 81 ===
======================================================================
Native granularity (30 min): 52608 steps
Training: 35040 steps (730 days)
Simulation: 17520 steps (365 days)
Tariff: SI | import rate 0.0002..0.2806 EUR/kWh
  [Forecaster] cache hit Ausgrid 81__86685183c507.csv.gz (17568 rows) -- Prophet not fitted

--- Reactive mode (consumption + generation via Prophet) ---
Simulated steps: 17520 | Reopt.: 17520

--- Oracle mode (all real data) + rule-based controllers (SI) ---
  [oracle] cache hit Ausgrid 81__f0ea4ff14009 (17520 steps, 10 rules, whole-period solve included) -- nothing re-solved
  no_battery                        176.63 EUR   EFC    0.0   peak  4.23 kW
  self_consumption                  115.27 EUR   EFC  113.8   peak  4.23 kW
  fixed_schedule                    160.97 EUR   EFC   22.4   peak  4.23 kW
  delayed_pv_charge                 115.61 EUR   EFC  113.4   peak  4.23 kW
  price_threshold                   120.95 EUR   EFC  115.0   peak  4.23 kW
  price_rank_daily                  119.83 EUR   EFC  121.1   peak  4.23 kW
  peak_shaving                      127.64 EUR   EFC   83.0   peak  2.73 kW
  self_consumption_peak_shaving     116.16 EUR   EFC  107.3   peak  2.73 kW
  tariff_arbitrage                  161.51 EUR   EFC   68.0   peak  4.23 kW
  price_oracle                      121.52 EUR   EFC  116.9   peak  4.23 kW
vs no battery 176.63 vs MPC oracle 116.29 vs whole-period optimum 103.67 EUR
Forecast day-ahead nMAE: gen 0.529 | con 0.792 | skill vs seasonal-naive: gen -0.125 con -1.041
                                                   No battery Perfect foresight Forecast (Prophet)
KPI                                                                                               
Total cost                                             158.16   96.81 (-38.8 %)    144.64 (-8.5 %)
Regret vs perfect foresight (% of no-battery cost)          —     0.00 (+0.0 %)    47.83 (+30.2 %)
Energy bought (kWh)                                    2471.0  1437.9 (-41.8 %)    2269.9 (-8.1 %)
Energy sold (kWh)                                      1453.2   306.4 (-78.9 %)   1191.0 (-18.0 %)

Results saved to: /Users/summerscholl/Documents/ERK-2026/Yoann/results_local/SI_H24_hbd_baseline/Ausgrid 81/

======================================================================
=== Dataset: Ausgrid 81 ===
======================================================================
Native granularity (30 min): 52608 steps
Training: 35040 steps (730 days)
Simulation: 17520 steps (365 days)
Tariff: AU | import rate -0.0106..0.6508 EUR/kWh
  [Forecaster] hbd_median14: 17568 rows, fit on 35040 training steps
  [Forecaster] cached 17568 rows -> Ausgrid 81__9041a01d07a6.csv.gz

--- Reactive mode (consumption + generation via Prophet) ---
Simulated steps: 17520 | Reopt.: 17520

--- Oracle mode (all real data) + rule-based controllers (AU) ---
  [oracle] cache hit Ausgrid 81__f50e820ebdbc (17520 steps, 8 rules, whole-period solve included) -- nothing re-solved
  no_battery                        363.60 EUR   EFC    0.0   peak  4.23 kW
  self_consumption                  217.11 EUR   EFC  113.8   peak  4.23 kW
  fixed_schedule                    298.24 EUR   EFC   32.2   peak  4.23 kW
  delayed_pv_charge                 217.93 EUR   EFC  113.4   peak  4.23 kW
  price_threshold                   221.12 EUR   EFC  170.3   peak  3.60 kW
  price_rank_daily                  218.81 EUR   EFC  171.5   peak  3.71 kW
  tariff_arbitrage                  308.10 EUR   EFC   68.4   peak  4.62 kW
  price_oracle                      219.16 EUR   EFC  169.8   peak  3.73 kW
vs no battery 363.60 vs MPC oracle 203.00 vs whole-period optimum 199.63 EUR
Forecast day-ahead nMAE: gen 0.411 | con 0.394 | skill vs seasonal-naive: gen +0.126 con -0.015
                                                   No battery Perfect foresight Forecast (Prophet)
KPI                                                                                               
Total cost                                             363.60  202.55 (-44.3 %)   279.09 (-23.2 %)
Regret vs perfect foresight (% of no-battery cost)          —     0.00 (+0.0 %)    76.54 (+21.0 %)
Energy bought (kWh)                                    2471.0  1392.0 (-43.7 %)   1899.3 (-23.1 %)
Energy sold (kWh)                                      1453.2   252.2 (-82.6 %)    755.2 (-48.0 %)

Results saved to: /Users/summerscholl/Documents/ERK-2026/Yoann/results_local/AU_H24_hbd_median14/Ausgrid 81/

======================================================================
=== Dataset: Ausgrid 81 ===
======================================================================
Native granularity (30 min): 52608 steps
Training: 35040 steps (730 days)
Simulation: 17520 steps (365 days)
Tariff: SI | import rate 0.0002..0.2806 EUR/kWh
  [Forecaster] cache hit Ausgrid 81__9041a01d07a6.csv.gz (17568 rows) -- Prophet not fitted

--- Reactive mode (consumption + generation via Prophet) ---
Simulated steps: 17520 | Reopt.: 17520

--- Oracle mode (all real data) + rule-based controllers (SI) ---
  [oracle] cache hit Ausgrid 81__f0ea4ff14009 (17520 steps, 10 rules, whole-period solve included) -- nothing re-solved
  no_battery                        176.63 EUR   EFC    0.0   peak  4.23 kW
  self_consumption                  115.27 EUR   EFC  113.8   peak  4.23 kW
  fixed_schedule                    160.97 EUR   EFC   22.4   peak  4.23 kW
  delayed_pv_charge                 115.61 EUR   EFC  113.4   peak  4.23 kW
  price_threshold                   120.95 EUR   EFC  115.0   peak  4.23 kW
  price_rank_daily                  119.83 EUR   EFC  121.1   peak  4.23 kW
  peak_shaving                      127.64 EUR   EFC   83.0   peak  2.73 kW
  self_consumption_peak_shaving     116.16 EUR   EFC  107.3   peak  2.73 kW
  tariff_arbitrage                  161.51 EUR   EFC   68.0   peak  4.23 kW
  price_oracle                      121.52 EUR   EFC  116.9   peak  4.23 kW
vs no battery 176.63 vs MPC oracle 116.29 vs whole-period optimum 103.67 EUR
Forecast day-ahead nMAE: gen 0.411 | con 0.394 | skill vs seasonal-naive: gen +0.126 con -0.015
                                                   No battery Perfect foresight Forecast (Prophet)
KPI                                                                                               
Total cost                                             158.16   96.81 (-38.8 %)   127.19 (-19.6 %)
Regret vs perfect foresight (% of no-battery cost)          —     0.00 (+0.0 %)    30.38 (+19.2 %)
Energy bought (kWh)                                    2471.0  1437.9 (-41.8 %)   1934.5 (-21.7 %)
Energy sold (kWh)                                      1453.2   306.4 (-78.9 %)    797.0 (-45.2 %)

Results saved to: /Users/summerscholl/Documents/ERK-2026/Yoann/results_local/SI_H24_hbd_median14/Ausgrid 81/

======================================================================
=== Dataset: Ausgrid 81 ===
======================================================================
Native granularity (30 min): 52608 steps
Training: 35040 steps (730 days)
Simulation: 17520 steps (365 days)
Tariff: AU | import rate -0.0106..0.6508 EUR/kWh
  [Forecaster] hbd_median14: 17568 rows, fit on 35040 training steps
  [Forecaster] truth: 17568 rows, nothing fitted
  [Forecaster] hbd_median14_pvtruth: consumption from hbd_median14, generation from truth
  [Forecaster] cached 17568 rows -> Ausgrid 81__a6f4d112649e.csv.gz

--- Reactive mode (consumption + generation via Prophet) ---
Simulated steps: 17520 | Reopt.: 17520

--- Oracle mode (all real data) + rule-based controllers (AU) ---
  [oracle] cache hit Ausgrid 81__f50e820ebdbc (17520 steps, 8 rules, whole-period solve included) -- nothing re-solved
  no_battery                        363.60 EUR   EFC    0.0   peak  4.23 kW
  self_consumption                  217.11 EUR   EFC  113.8   peak  4.23 kW
  fixed_schedule                    298.24 EUR   EFC   32.2   peak  4.23 kW
  delayed_pv_charge                 217.93 EUR   EFC  113.4   peak  4.23 kW
  price_threshold                   221.12 EUR   EFC  170.3   peak  3.60 kW
  price_rank_daily                  218.81 EUR   EFC  171.5   peak  3.71 kW
  tariff_arbitrage                  308.10 EUR   EFC   68.4   peak  4.62 kW
  price_oracle                      219.16 EUR   EFC  169.8   peak  3.73 kW
vs no battery 363.60 vs MPC oracle 203.00 vs whole-period optimum 199.63 EUR
Forecast day-ahead nMAE: gen 0.000 | con 0.394 | skill vs seasonal-naive: gen +1.000 con -0.015
                                                   No battery Perfect foresight Forecast (Prophet)
KPI                                                                                               
Total cost                                             363.60  202.55 (-44.3 %)   254.23 (-30.1 %)
Regret vs perfect foresight (% of no-battery cost)          —     0.00 (+0.0 %)    51.68 (+14.2 %)
Energy bought (kWh)                                    2471.0  1392.0 (-43.7 %)   1676.2 (-32.2 %)
Energy sold (kWh)                                      1453.2   252.2 (-82.6 %)    537.2 (-63.0 %)

Results saved to: /Users/summerscholl/Documents/ERK-2026/Yoann/results_local/AU_H24_hbd_median14_pvtruth/Ausgrid 81/

======================================================================
=== Dataset: Ausgrid 81 ===
======================================================================
Native granularity (30 min): 52608 steps
Training: 35040 steps (730 days)
Simulation: 17520 steps (365 days)
Tariff: SI | import rate 0.0002..0.2806 EUR/kWh
  [Forecaster] cache hit Ausgrid 81__a6f4d112649e.csv.gz (17568 rows) -- Prophet not fitted

--- Reactive mode (consumption + generation via Prophet) ---
Simulated steps: 17520 | Reopt.: 17520

--- Oracle mode (all real data) + rule-based controllers (SI) ---
  [oracle] cache hit Ausgrid 81__f0ea4ff14009 (17520 steps, 10 rules, whole-period solve included) -- nothing re-solved
  no_battery                        176.63 EUR   EFC    0.0   peak  4.23 kW
  self_consumption                  115.27 EUR   EFC  113.8   peak  4.23 kW
  fixed_schedule                    160.97 EUR   EFC   22.4   peak  4.23 kW
  delayed_pv_charge                 115.61 EUR   EFC  113.4   peak  4.23 kW
  price_threshold                   120.95 EUR   EFC  115.0   peak  4.23 kW
  price_rank_daily                  119.83 EUR   EFC  121.1   peak  4.23 kW
  peak_shaving                      127.64 EUR   EFC   83.0   peak  2.73 kW
  self_consumption_peak_shaving     116.16 EUR   EFC  107.3   peak  2.73 kW
  tariff_arbitrage                  161.51 EUR   EFC   68.0   peak  4.23 kW
  price_oracle                      121.52 EUR   EFC  116.9   peak  4.23 kW
vs no battery 176.63 vs MPC oracle 116.29 vs whole-period optimum 103.67 EUR
Forecast day-ahead nMAE: gen 0.000 | con 0.394 | skill vs seasonal-naive: gen +1.000 con -0.015
                                                   No battery Perfect foresight Forecast (Prophet)
KPI                                                                                               
Total cost                                             158.16   96.81 (-38.8 %)   113.94 (-28.0 %)
Regret vs perfect foresight (% of no-battery cost)          —     0.00 (+0.0 %)    17.13 (+10.8 %)
Energy bought (kWh)                                    2471.0  1437.9 (-41.8 %)   1715.9 (-30.6 %)
Energy sold (kWh)                                      1453.2   306.4 (-78.9 %)    584.7 (-59.8 %)

Results saved to: /Users/summerscholl/Documents/ERK-2026/Yoann/results_local/SI_H24_hbd_median14_pvtruth/Ausgrid 81/
