
======================================================================
=== Dataset: Ausgrid 249 ===
======================================================================
Native granularity (30 min): 52608 steps
Training: 35040 steps (730 days)
Simulation: 17520 steps (365 days)
Tariff: AU | import rate -0.0106..0.6508 EUR/kWh
  [checkpoint] already complete under this configuration; skipping

======================================================================
=== Dataset: Ausgrid 249 ===
======================================================================
Native granularity (30 min): 52608 steps
Training: 35040 steps (730 days)
Simulation: 17520 steps (365 days)
Tariff: AU | import rate -0.0106..0.6508 EUR/kWh
  [checkpoint] already complete under this configuration; skipping

======================================================================
=== Dataset: Ausgrid 249 ===
======================================================================
Native granularity (30 min): 52608 steps
Training: 35040 steps (730 days)
Simulation: 17520 steps (365 days)
Tariff: SI | import rate 0.0002..0.2806 EUR/kWh
  [checkpoint] already complete under this configuration; skipping

======================================================================
=== Dataset: Ausgrid 249 ===
======================================================================
Native granularity (30 min): 52608 steps
Training: 35040 steps (730 days)
Simulation: 17520 steps (365 days)
Tariff: SI | import rate 0.0002..0.2806 EUR/kWh
  [checkpoint] already complete under this configuration; skipping

======================================================================
=== Dataset: Ausgrid 249 ===
======================================================================
Native granularity (30 min): 52608 steps
Training: 35040 steps (730 days)
Simulation: 17520 steps (365 days)
Tariff: AU | import rate -0.0106..0.6508 EUR/kWh
  [checkpoint] already complete under this configuration; skipping

======================================================================
=== Dataset: Ausgrid 249 ===
======================================================================
Native granularity (30 min): 52608 steps
Training: 35040 steps (730 days)
Simulation: 17520 steps (365 days)
Tariff: AU | import rate -0.0106..0.6508 EUR/kWh
  [checkpoint] already complete under this configuration; skipping

======================================================================
=== Dataset: Ausgrid 249 ===
======================================================================
Native granularity (30 min): 52608 steps
Training: 35040 steps (730 days)
Simulation: 17520 steps (365 days)
Tariff: SI | import rate 0.0002..0.2806 EUR/kWh
  [checkpoint] already complete under this configuration; skipping

======================================================================
=== Dataset: Ausgrid 249 ===
======================================================================
Native granularity (30 min): 52608 steps
Training: 35040 steps (730 days)
Simulation: 17520 steps (365 days)
Tariff: AU | import rate -0.0106..0.6508 EUR/kWh
  [checkpoint] already complete under this configuration; skipping

======================================================================
=== Dataset: Ausgrid 249 ===
======================================================================
Native granularity (30 min): 52608 steps
Training: 35040 steps (730 days)
Simulation: 17520 steps (365 days)
Tariff: SI | import rate 0.0002..0.2806 EUR/kWh
  [checkpoint] already complete under this configuration; skipping

======================================================================
=== Dataset: Ausgrid 249 ===
======================================================================
Native granularity (30 min): 52608 steps
Training: 35040 steps (730 days)
Simulation: 17520 steps (365 days)
Tariff: AU | import rate -0.0106..0.6508 EUR/kWh
  [checkpoint] already complete under this configuration; skipping

======================================================================
=== Dataset: Ausgrid 249 ===
======================================================================
Native granularity (30 min): 52608 steps
Training: 35040 steps (730 days)
Simulation: 17520 steps (365 days)
Tariff: SI | import rate 0.0002..0.2806 EUR/kWh
  [checkpoint] already complete under this configuration; skipping

======================================================================
=== Dataset: Ausgrid 249 ===
======================================================================
Native granularity (30 min): 52608 steps
Training: 35040 steps (730 days)
Simulation: 17520 steps (365 days)
Tariff: AU | import rate -0.0106..0.6508 EUR/kWh
  [checkpoint] already complete under this configuration; skipping

======================================================================
=== Dataset: Ausgrid 249 ===
======================================================================
Native granularity (30 min): 52608 steps
Training: 35040 steps (730 days)
Simulation: 17520 steps (365 days)
Tariff: SI | import rate 0.0002..0.2806 EUR/kWh
  [checkpoint] already complete under this configuration; skipping

======================================================================
=== Dataset: Ausgrid 249 ===
======================================================================
Native granularity (30 min): 52608 steps
Training: 35040 steps (730 days)
Simulation: 17520 steps (365 days)
Tariff: AU | import rate -0.0106..0.6508 EUR/kWh
  [checkpoint] already complete under this configuration; skipping

======================================================================
=== Dataset: Ausgrid 249 ===
======================================================================
Native granularity (30 min): 52608 steps
Training: 35040 steps (730 days)
Simulation: 17520 steps (365 days)
Tariff: SI | import rate 0.0002..0.2806 EUR/kWh
  [checkpoint] already complete under this configuration; skipping

======================================================================
=== Dataset: Ausgrid 249 ===
======================================================================
Native granularity (30 min): 52608 steps
Training: 35040 steps (730 days)
Simulation: 17520 steps (365 days)
Tariff: AU | import rate -0.0106..0.6508 EUR/kWh
  [checkpoint] already complete under this configuration; skipping

======================================================================
=== Dataset: Ausgrid 249 ===
======================================================================
Native granularity (30 min): 52608 steps
Training: 35040 steps (730 days)
Simulation: 17520 steps (365 days)
Tariff: SI | import rate 0.0002..0.2806 EUR/kWh
  [checkpoint] already complete under this configuration; skipping

======================================================================
=== Dataset: Ausgrid 249 ===
======================================================================
Native granularity (30 min): 52608 steps
Training: 35040 steps (730 days)
Simulation: 17520 steps (365 days)
Tariff: AU | import rate -0.0106..0.6508 EUR/kWh
  [checkpoint] already complete under this configuration; skipping

======================================================================
=== Dataset: Ausgrid 249 ===
======================================================================
Native granularity (30 min): 52608 steps
Training: 35040 steps (730 days)
Simulation: 17520 steps (365 days)
Tariff: SI | import rate 0.0002..0.2806 EUR/kWh
  [checkpoint] already complete under this configuration; skipping

======================================================================
=== Dataset: Ausgrid 249 ===
======================================================================
Native granularity (30 min): 52608 steps
Training: 35040 steps (730 days)
Simulation: 17520 steps (365 days)
Tariff: AU | import rate -0.0106..0.6508 EUR/kWh
  [checkpoint] already complete under this configuration; skipping

======================================================================
=== Dataset: Ausgrid 249 ===
======================================================================
Native granularity (30 min): 52608 steps
Training: 35040 steps (730 days)
Simulation: 17520 steps (365 days)
Tariff: SI | import rate 0.0002..0.2806 EUR/kWh
  [checkpoint] already complete under this configuration; skipping

======================================================================
=== Dataset: Ausgrid 249 ===
======================================================================
Native granularity (30 min): 52608 steps
Training: 35040 steps (730 days)
Simulation: 17520 steps (365 days)
Tariff: AU | import rate -0.0106..0.6508 EUR/kWh
  [checkpoint] already complete under this configuration; skipping

======================================================================
=== Dataset: Ausgrid 249 ===
======================================================================
Native granularity (30 min): 52608 steps
Training: 35040 steps (730 days)
Simulation: 17520 steps (365 days)
Tariff: SI | import rate 0.0002..0.2806 EUR/kWh
  [checkpoint] already complete under this configuration; skipping

======================================================================
=== Dataset: Ausgrid 249 ===
======================================================================
Native granularity (30 min): 52608 steps
Training: 35040 steps (730 days)
Simulation: 17520 steps (365 days)
Tariff: AU | import rate -0.0106..0.6508 EUR/kWh
  [Forecaster] hbd: 17568 rows, fit on 35040 training steps
  [Forecaster] cached 17568 rows -> Ausgrid 249__8846c3e3157d.csv.gz

--- Reactive mode (consumption + generation via Prophet) ---
Simulated steps: 17520 | Reopt.: 17520

--- Oracle mode (all real data) + rule-based controllers (AU) ---
  [oracle] cache hit Ausgrid 249__0e591c1547ce (17520 steps, 8 rules, whole-period solve included) -- nothing re-solved
  no_battery                       1172.85 EUR   EFC    0.0   peak  4.91 kW
  self_consumption                 1061.78 EUR   EFC   53.7   peak  4.91 kW
  fixed_schedule                    856.26 EUR   EFC  174.3   peak  4.91 kW
  delayed_pv_charge                1061.78 EUR   EFC   53.7   peak  4.91 kW
  price_threshold                   827.54 EUR   EFC  239.8   peak  4.91 kW
  price_rank_daily                  821.24 EUR   EFC  242.2   peak  4.91 kW
  tariff_arbitrage                  874.11 EUR   EFC  252.7   peak  5.53 kW
  price_oracle                      825.93 EUR   EFC  238.0   peak  5.22 kW
vs no battery 1172.85 vs MPC oracle 843.93 vs whole-period optimum 843.56 EUR
Forecast day-ahead nMAE: gen 0.357 | con 0.362 | skill vs seasonal-naive: gen +0.057 con +0.108
                                                   No battery Perfect foresight Forecast (Prophet)
KPI                                                                                               
Total cost                                            1172.85  843.13 (-28.1 %)   903.30 (-23.0 %)
Regret vs perfect foresight (% of no-battery cost)          —     0.00 (+0.0 %)     60.17 (+5.1 %)
Energy bought (kWh)                                    5669.5   5251.3 (-7.4 %)    5683.6 (+0.2 %)
Energy sold (kWh)                                       591.3    13.9 (-97.7 %)    440.3 (-25.5 %)

Results saved to: /Users/summerscholl/Documents/ERK-2026/Yoann/results_local/AU_H24_hbd/Ausgrid 249/

======================================================================
=== Dataset: Ausgrid 249 ===
======================================================================
Native granularity (30 min): 52608 steps
Training: 35040 steps (730 days)
Simulation: 17520 steps (365 days)
Tariff: SI | import rate 0.0002..0.2806 EUR/kWh
  [Forecaster] cache hit Ausgrid 249__8846c3e3157d.csv.gz (17568 rows) -- Prophet not fitted

--- Reactive mode (consumption + generation via Prophet) ---
Simulated steps: 17520 | Reopt.: 17520

--- Oracle mode (all real data) + rule-based controllers (SI) ---
  [oracle] cache hit Ausgrid 249__03a69b81b0cf (17520 steps, 10 rules, whole-period solve included) -- nothing re-solved
  no_battery                        473.01 EUR   EFC    0.0   peak  4.91 kW
  self_consumption                  442.86 EUR   EFC   53.7   peak  4.91 kW
  fixed_schedule                    445.75 EUR   EFC  134.2   peak  4.91 kW
  delayed_pv_charge                 442.86 EUR   EFC   53.7   peak  4.91 kW
  price_threshold                   444.12 EUR   EFC   82.7   peak  4.91 kW
  price_rank_daily                  444.01 EUR   EFC   75.5   peak  4.91 kW
  peak_shaving                      456.47 EUR   EFC   37.5   peak  3.52 kW
  self_consumption_peak_shaving     441.25 EUR   EFC   64.4   peak  4.07 kW
  tariff_arbitrage                  446.06 EUR   EFC  230.4   peak  4.48 kW
  price_oracle                      443.30 EUR   EFC   78.2   peak  4.91 kW
vs no battery 473.01 vs MPC oracle 435.85 vs whole-period optimum 433.47 EUR
Forecast day-ahead nMAE: gen 0.357 | con 0.362 | skill vs seasonal-naive: gen +0.057 con +0.108
                                                   No battery Perfect foresight Forecast (Prophet)
KPI                                                                                               
Total cost                                             461.66   423.88 (-8.2 %)    447.03 (-3.2 %)
Regret vs perfect foresight (% of no-battery cost)          —     0.00 (+0.0 %)     23.15 (+5.0 %)
Energy bought (kWh)                                    5669.5   5154.6 (-9.1 %)    5529.0 (-2.5 %)
Energy sold (kWh)                                       591.3    16.0 (-97.3 %)    407.7 (-31.0 %)

Results saved to: /Users/summerscholl/Documents/ERK-2026/Yoann/results_local/SI_H24_hbd/Ausgrid 249/

======================================================================
=== Dataset: Ausgrid 249 ===
======================================================================
Native granularity (30 min): 52608 steps
Training: 35040 steps (730 days)
Simulation: 17520 steps (365 days)
Tariff: AU | import rate -0.0106..0.6508 EUR/kWh
  [Forecaster] hbd_baseline: 17568 rows, fit on 35040 training steps
  [Forecaster] cached 17568 rows -> Ausgrid 249__ed3330d246dc.csv.gz

--- Reactive mode (consumption + generation via Prophet) ---
Simulated steps: 17520 | Reopt.: 17520

--- Oracle mode (all real data) + rule-based controllers (AU) ---
  [oracle] cache hit Ausgrid 249__0e591c1547ce (17520 steps, 8 rules, whole-period solve included) -- nothing re-solved
  no_battery                       1172.85 EUR   EFC    0.0   peak  4.91 kW
  self_consumption                 1061.78 EUR   EFC   53.7   peak  4.91 kW
  fixed_schedule                    856.26 EUR   EFC  174.3   peak  4.91 kW
  delayed_pv_charge                1061.78 EUR   EFC   53.7   peak  4.91 kW
  price_threshold                   827.54 EUR   EFC  239.8   peak  4.91 kW
  price_rank_daily                  821.24 EUR   EFC  242.2   peak  4.91 kW
  tariff_arbitrage                  874.11 EUR   EFC  252.7   peak  5.53 kW
  price_oracle                      825.93 EUR   EFC  238.0   peak  5.22 kW
vs no battery 1172.85 vs MPC oracle 843.93 vs whole-period optimum 843.56 EUR
Forecast day-ahead nMAE: gen 0.461 | con 0.441 | skill vs seasonal-naive: gen -0.219 con -0.087
                                                   No battery Perfect foresight Forecast (Prophet)
KPI                                                                                               
Total cost                                            1172.85  843.13 (-28.1 %)   911.70 (-22.3 %)
Regret vs perfect foresight (% of no-battery cost)          —     0.00 (+0.0 %)     68.56 (+5.8 %)
Energy bought (kWh)                                    5669.5   5251.3 (-7.4 %)    5861.7 (+3.4 %)
Energy sold (kWh)                                       591.3    13.9 (-97.7 %)     601.5 (+1.7 %)

Results saved to: /Users/summerscholl/Documents/ERK-2026/Yoann/results_local/AU_H24_hbd_baseline/Ausgrid 249/

======================================================================
=== Dataset: Ausgrid 249 ===
======================================================================
Native granularity (30 min): 52608 steps
Training: 35040 steps (730 days)
Simulation: 17520 steps (365 days)
Tariff: SI | import rate 0.0002..0.2806 EUR/kWh
  [Forecaster] cache hit Ausgrid 249__ed3330d246dc.csv.gz (17568 rows) -- Prophet not fitted

--- Reactive mode (consumption + generation via Prophet) ---
Simulated steps: 17520 | Reopt.: 17520

--- Oracle mode (all real data) + rule-based controllers (SI) ---
  [oracle] cache hit Ausgrid 249__03a69b81b0cf (17520 steps, 10 rules, whole-period solve included) -- nothing re-solved
  no_battery                        473.01 EUR   EFC    0.0   peak  4.91 kW
  self_consumption                  442.86 EUR   EFC   53.7   peak  4.91 kW
  fixed_schedule                    445.75 EUR   EFC  134.2   peak  4.91 kW
  delayed_pv_charge                 442.86 EUR   EFC   53.7   peak  4.91 kW
  price_threshold                   444.12 EUR   EFC   82.7   peak  4.91 kW
  price_rank_daily                  444.01 EUR   EFC   75.5   peak  4.91 kW
  peak_shaving                      456.47 EUR   EFC   37.5   peak  3.52 kW
  self_consumption_peak_shaving     441.25 EUR   EFC   64.4   peak  4.07 kW
  tariff_arbitrage                  446.06 EUR   EFC  230.4   peak  4.48 kW
  price_oracle                      443.30 EUR   EFC   78.2   peak  4.91 kW
vs no battery 473.01 vs MPC oracle 435.85 vs whole-period optimum 433.47 EUR
Forecast day-ahead nMAE: gen 0.461 | con 0.441 | skill vs seasonal-naive: gen -0.219 con -0.087
                                                   No battery Perfect foresight Forecast (Prophet)
KPI                                                                                               
Total cost                                             461.66   423.88 (-8.2 %)    451.02 (-2.3 %)
Regret vs perfect foresight (% of no-battery cost)          —     0.00 (+0.0 %)     27.14 (+5.9 %)
Energy bought (kWh)                                    5669.5   5154.6 (-9.1 %)    5600.1 (-1.2 %)
Energy sold (kWh)                                       591.3    16.0 (-97.3 %)    494.1 (-16.4 %)

Results saved to: /Users/summerscholl/Documents/ERK-2026/Yoann/results_local/SI_H24_hbd_baseline/Ausgrid 249/

======================================================================
=== Dataset: Ausgrid 249 ===
======================================================================
Native granularity (30 min): 52608 steps
Training: 35040 steps (730 days)
Simulation: 17520 steps (365 days)
Tariff: AU | import rate -0.0106..0.6508 EUR/kWh
  [Forecaster] hbd_median14: 17568 rows, fit on 35040 training steps
  [Forecaster] cached 17568 rows -> Ausgrid 249__8e6f9c6e9f4b.csv.gz

--- Reactive mode (consumption + generation via Prophet) ---
Simulated steps: 17520 | Reopt.: 17520

--- Oracle mode (all real data) + rule-based controllers (AU) ---
  [oracle] cache hit Ausgrid 249__0e591c1547ce (17520 steps, 8 rules, whole-period solve included) -- nothing re-solved
  no_battery                       1172.85 EUR   EFC    0.0   peak  4.91 kW
  self_consumption                 1061.78 EUR   EFC   53.7   peak  4.91 kW
  fixed_schedule                    856.26 EUR   EFC  174.3   peak  4.91 kW
  delayed_pv_charge                1061.78 EUR   EFC   53.7   peak  4.91 kW
  price_threshold                   827.54 EUR   EFC  239.8   peak  4.91 kW
  price_rank_daily                  821.24 EUR   EFC  242.2   peak  4.91 kW
  tariff_arbitrage                  874.11 EUR   EFC  252.7   peak  5.53 kW
  price_oracle                      825.93 EUR   EFC  238.0   peak  5.22 kW
vs no battery 1172.85 vs MPC oracle 843.93 vs whole-period optimum 843.56 EUR
Forecast day-ahead nMAE: gen 0.331 | con 0.326 | skill vs seasonal-naive: gen +0.125 con +0.197
                                                   No battery Perfect foresight Forecast (Prophet)
KPI                                                                                               
Total cost                                            1172.85  843.13 (-28.1 %)   902.72 (-23.0 %)
Regret vs perfect foresight (% of no-battery cost)          —     0.00 (+0.0 %)     59.59 (+5.1 %)
Energy bought (kWh)                                    5669.5   5251.3 (-7.4 %)    5583.7 (-1.5 %)
Energy sold (kWh)                                       591.3    13.9 (-97.7 %)    347.5 (-41.2 %)

Results saved to: /Users/summerscholl/Documents/ERK-2026/Yoann/results_local/AU_H24_hbd_median14/Ausgrid 249/

======================================================================
=== Dataset: Ausgrid 249 ===
======================================================================
Native granularity (30 min): 52608 steps
Training: 35040 steps (730 days)
Simulation: 17520 steps (365 days)
Tariff: SI | import rate 0.0002..0.2806 EUR/kWh
  [Forecaster] cache hit Ausgrid 249__8e6f9c6e9f4b.csv.gz (17568 rows) -- Prophet not fitted

--- Reactive mode (consumption + generation via Prophet) ---
Simulated steps: 17520 | Reopt.: 17520

--- Oracle mode (all real data) + rule-based controllers (SI) ---
  [oracle] cache hit Ausgrid 249__03a69b81b0cf (17520 steps, 10 rules, whole-period solve included) -- nothing re-solved
  no_battery                        473.01 EUR   EFC    0.0   peak  4.91 kW
  self_consumption                  442.86 EUR   EFC   53.7   peak  4.91 kW
  fixed_schedule                    445.75 EUR   EFC  134.2   peak  4.91 kW
  delayed_pv_charge                 442.86 EUR   EFC   53.7   peak  4.91 kW
  price_threshold                   444.12 EUR   EFC   82.7   peak  4.91 kW
  price_rank_daily                  444.01 EUR   EFC   75.5   peak  4.91 kW
  peak_shaving                      456.47 EUR   EFC   37.5   peak  3.52 kW
  self_consumption_peak_shaving     441.25 EUR   EFC   64.4   peak  4.07 kW
  tariff_arbitrage                  446.06 EUR   EFC  230.4   peak  4.48 kW
  price_oracle                      443.30 EUR   EFC   78.2   peak  4.91 kW
vs no battery 473.01 vs MPC oracle 435.85 vs whole-period optimum 433.47 EUR
Forecast day-ahead nMAE: gen 0.331 | con 0.326 | skill vs seasonal-naive: gen +0.125 con +0.197
                                                   No battery Perfect foresight Forecast (Prophet)
KPI                                                                                               
Total cost                                             461.66   423.88 (-8.2 %)    444.07 (-3.8 %)
Regret vs perfect foresight (% of no-battery cost)          —     0.00 (+0.0 %)     20.19 (+4.4 %)
Energy bought (kWh)                                    5669.5   5154.6 (-9.1 %)    5476.6 (-3.4 %)
Energy sold (kWh)                                       591.3    16.0 (-97.3 %)    344.6 (-41.7 %)

Results saved to: /Users/summerscholl/Documents/ERK-2026/Yoann/results_local/SI_H24_hbd_median14/Ausgrid 249/

======================================================================
=== Dataset: Ausgrid 249 ===
======================================================================
Native granularity (30 min): 52608 steps
Training: 35040 steps (730 days)
Simulation: 17520 steps (365 days)
Tariff: AU | import rate -0.0106..0.6508 EUR/kWh
  [Forecaster] hbd_median14: 17568 rows, fit on 35040 training steps
  [Forecaster] truth: 17568 rows, nothing fitted
  [Forecaster] hbd_median14_pvtruth: consumption from hbd_median14, generation from truth
  [Forecaster] cached 17568 rows -> Ausgrid 249__f2c387e6637b.csv.gz

--- Reactive mode (consumption + generation via Prophet) ---
Simulated steps: 17520 | Reopt.: 17520

--- Oracle mode (all real data) + rule-based controllers (AU) ---
  [oracle] cache hit Ausgrid 249__0e591c1547ce (17520 steps, 8 rules, whole-period solve included) -- nothing re-solved
  no_battery                       1172.85 EUR   EFC    0.0   peak  4.91 kW
  self_consumption                 1061.78 EUR   EFC   53.7   peak  4.91 kW
  fixed_schedule                    856.26 EUR   EFC  174.3   peak  4.91 kW
  delayed_pv_charge                1061.78 EUR   EFC   53.7   peak  4.91 kW
  price_threshold                   827.54 EUR   EFC  239.8   peak  4.91 kW
  price_rank_daily                  821.24 EUR   EFC  242.2   peak  4.91 kW
  tariff_arbitrage                  874.11 EUR   EFC  252.7   peak  5.53 kW
  price_oracle                      825.93 EUR   EFC  238.0   peak  5.22 kW
vs no battery 1172.85 vs MPC oracle 843.93 vs whole-period optimum 843.56 EUR
Forecast day-ahead nMAE: gen 0.000 | con 0.326 | skill vs seasonal-naive: gen +1.000 con +0.197
                                                   No battery Perfect foresight Forecast (Prophet)
KPI                                                                                               
Total cost                                            1172.85  843.13 (-28.1 %)   897.26 (-23.5 %)
Regret vs perfect foresight (% of no-battery cost)          —     0.00 (+0.0 %)     54.13 (+4.6 %)
Energy bought (kWh)                                    5669.5   5251.3 (-7.4 %)    5525.3 (-2.5 %)
Energy sold (kWh)                                       591.3    13.9 (-97.7 %)    288.3 (-51.2 %)

Results saved to: /Users/summerscholl/Documents/ERK-2026/Yoann/results_local/AU_H24_hbd_median14_pvtruth/Ausgrid 249/

======================================================================
=== Dataset: Ausgrid 249 ===
======================================================================
Native granularity (30 min): 52608 steps
Training: 35040 steps (730 days)
Simulation: 17520 steps (365 days)
Tariff: SI | import rate 0.0002..0.2806 EUR/kWh
  [Forecaster] cache hit Ausgrid 249__f2c387e6637b.csv.gz (17568 rows) -- Prophet not fitted

--- Reactive mode (consumption + generation via Prophet) ---
Simulated steps: 17520 | Reopt.: 17520

--- Oracle mode (all real data) + rule-based controllers (SI) ---
  [oracle] cache hit Ausgrid 249__03a69b81b0cf (17520 steps, 10 rules, whole-period solve included) -- nothing re-solved
  no_battery                        473.01 EUR   EFC    0.0   peak  4.91 kW
  self_consumption                  442.86 EUR   EFC   53.7   peak  4.91 kW
  fixed_schedule                    445.75 EUR   EFC  134.2   peak  4.91 kW
  delayed_pv_charge                 442.86 EUR   EFC   53.7   peak  4.91 kW
  price_threshold                   444.12 EUR   EFC   82.7   peak  4.91 kW
  price_rank_daily                  444.01 EUR   EFC   75.5   peak  4.91 kW
  peak_shaving                      456.47 EUR   EFC   37.5   peak  3.52 kW
  self_consumption_peak_shaving     441.25 EUR   EFC   64.4   peak  4.07 kW
  tariff_arbitrage                  446.06 EUR   EFC  230.4   peak  4.48 kW
  price_oracle                      443.30 EUR   EFC   78.2   peak  4.91 kW
vs no battery 473.01 vs MPC oracle 435.85 vs whole-period optimum 433.47 EUR
Forecast day-ahead nMAE: gen 0.000 | con 0.326 | skill vs seasonal-naive: gen +1.000 con +0.197
                                                   No battery Perfect foresight Forecast (Prophet)
KPI                                                                                               
Total cost                                             461.66   423.88 (-8.2 %)    438.44 (-5.0 %)
Regret vs perfect foresight (% of no-battery cost)          —     0.00 (+0.0 %)     14.56 (+3.2 %)
Energy bought (kWh)                                    5669.5   5154.6 (-9.1 %)    5380.8 (-5.1 %)
Energy sold (kWh)                                       591.3    16.0 (-97.3 %)    249.1 (-57.9 %)

Results saved to: /Users/summerscholl/Documents/ERK-2026/Yoann/results_local/SI_H24_hbd_median14_pvtruth/Ausgrid 249/
