
======================================================================
=== Dataset: Ausgrid 27 ===
======================================================================
Native granularity (30 min): 52608 steps
Training: 35040 steps (730 days)
Simulation: 17520 steps (365 days)
Tariff: AU | import rate -0.0106..0.6508 EUR/kWh
  [checkpoint] already complete under this configuration; skipping

======================================================================
=== Dataset: Ausgrid 27 ===
======================================================================
Native granularity (30 min): 52608 steps
Training: 35040 steps (730 days)
Simulation: 17520 steps (365 days)
Tariff: AU | import rate -0.0106..0.6508 EUR/kWh
  [checkpoint] already complete under this configuration; skipping

======================================================================
=== Dataset: Ausgrid 27 ===
======================================================================
Native granularity (30 min): 52608 steps
Training: 35040 steps (730 days)
Simulation: 17520 steps (365 days)
Tariff: SI | import rate 0.0002..0.2806 EUR/kWh
  [checkpoint] already complete under this configuration; skipping

======================================================================
=== Dataset: Ausgrid 27 ===
======================================================================
Native granularity (30 min): 52608 steps
Training: 35040 steps (730 days)
Simulation: 17520 steps (365 days)
Tariff: SI | import rate 0.0002..0.2806 EUR/kWh
  [checkpoint] already complete under this configuration; skipping

======================================================================
=== Dataset: Ausgrid 27 ===
======================================================================
Native granularity (30 min): 52608 steps
Training: 35040 steps (730 days)
Simulation: 17520 steps (365 days)
Tariff: AU | import rate -0.0106..0.6508 EUR/kWh
  [checkpoint] already complete under this configuration; skipping

======================================================================
=== Dataset: Ausgrid 27 ===
======================================================================
Native granularity (30 min): 52608 steps
Training: 35040 steps (730 days)
Simulation: 17520 steps (365 days)
Tariff: AU | import rate -0.0106..0.6508 EUR/kWh
  [checkpoint] already complete under this configuration; skipping

======================================================================
=== Dataset: Ausgrid 27 ===
======================================================================
Native granularity (30 min): 52608 steps
Training: 35040 steps (730 days)
Simulation: 17520 steps (365 days)
Tariff: SI | import rate 0.0002..0.2806 EUR/kWh
  [checkpoint] already complete under this configuration; skipping

======================================================================
=== Dataset: Ausgrid 27 ===
======================================================================
Native granularity (30 min): 52608 steps
Training: 35040 steps (730 days)
Simulation: 17520 steps (365 days)
Tariff: AU | import rate -0.0106..0.6508 EUR/kWh
  [checkpoint] already complete under this configuration; skipping

======================================================================
=== Dataset: Ausgrid 27 ===
======================================================================
Native granularity (30 min): 52608 steps
Training: 35040 steps (730 days)
Simulation: 17520 steps (365 days)
Tariff: SI | import rate 0.0002..0.2806 EUR/kWh
  [checkpoint] already complete under this configuration; skipping

======================================================================
=== Dataset: Ausgrid 27 ===
======================================================================
Native granularity (30 min): 52608 steps
Training: 35040 steps (730 days)
Simulation: 17520 steps (365 days)
Tariff: AU | import rate -0.0106..0.6508 EUR/kWh
  [checkpoint] already complete under this configuration; skipping

======================================================================
=== Dataset: Ausgrid 27 ===
======================================================================
Native granularity (30 min): 52608 steps
Training: 35040 steps (730 days)
Simulation: 17520 steps (365 days)
Tariff: SI | import rate 0.0002..0.2806 EUR/kWh
  [checkpoint] already complete under this configuration; skipping

======================================================================
=== Dataset: Ausgrid 27 ===
======================================================================
Native granularity (30 min): 52608 steps
Training: 35040 steps (730 days)
Simulation: 17520 steps (365 days)
Tariff: AU | import rate -0.0106..0.6508 EUR/kWh
  [checkpoint] already complete under this configuration; skipping

======================================================================
=== Dataset: Ausgrid 27 ===
======================================================================
Native granularity (30 min): 52608 steps
Training: 35040 steps (730 days)
Simulation: 17520 steps (365 days)
Tariff: SI | import rate 0.0002..0.2806 EUR/kWh
  [checkpoint] already complete under this configuration; skipping

======================================================================
=== Dataset: Ausgrid 27 ===
======================================================================
Native granularity (30 min): 52608 steps
Training: 35040 steps (730 days)
Simulation: 17520 steps (365 days)
Tariff: AU | import rate -0.0106..0.6508 EUR/kWh
  [checkpoint] already complete under this configuration; skipping

======================================================================
=== Dataset: Ausgrid 27 ===
======================================================================
Native granularity (30 min): 52608 steps
Training: 35040 steps (730 days)
Simulation: 17520 steps (365 days)
Tariff: SI | import rate 0.0002..0.2806 EUR/kWh
  [checkpoint] already complete under this configuration; skipping

======================================================================
=== Dataset: Ausgrid 27 ===
======================================================================
Native granularity (30 min): 52608 steps
Training: 35040 steps (730 days)
Simulation: 17520 steps (365 days)
Tariff: AU | import rate -0.0106..0.6508 EUR/kWh
  [checkpoint] already complete under this configuration; skipping

======================================================================
=== Dataset: Ausgrid 27 ===
======================================================================
Native granularity (30 min): 52608 steps
Training: 35040 steps (730 days)
Simulation: 17520 steps (365 days)
Tariff: SI | import rate 0.0002..0.2806 EUR/kWh
  [checkpoint] already complete under this configuration; skipping

======================================================================
=== Dataset: Ausgrid 27 ===
======================================================================
Native granularity (30 min): 52608 steps
Training: 35040 steps (730 days)
Simulation: 17520 steps (365 days)
Tariff: AU | import rate -0.0106..0.6508 EUR/kWh
  [checkpoint] already complete under this configuration; skipping

======================================================================
=== Dataset: Ausgrid 27 ===
======================================================================
Native granularity (30 min): 52608 steps
Training: 35040 steps (730 days)
Simulation: 17520 steps (365 days)
Tariff: SI | import rate 0.0002..0.2806 EUR/kWh
  [checkpoint] already complete under this configuration; skipping

======================================================================
=== Dataset: Ausgrid 27 ===
======================================================================
Native granularity (30 min): 52608 steps
Training: 35040 steps (730 days)
Simulation: 17520 steps (365 days)
Tariff: AU | import rate -0.0106..0.6508 EUR/kWh
  [checkpoint] already complete under this configuration; skipping

======================================================================
=== Dataset: Ausgrid 27 ===
======================================================================
Native granularity (30 min): 52608 steps
Training: 35040 steps (730 days)
Simulation: 17520 steps (365 days)
Tariff: SI | import rate 0.0002..0.2806 EUR/kWh
  [checkpoint] already complete under this configuration; skipping

======================================================================
=== Dataset: Ausgrid 27 ===
======================================================================
Native granularity (30 min): 52608 steps
Training: 35040 steps (730 days)
Simulation: 17520 steps (365 days)
Tariff: AU | import rate -0.0106..0.6508 EUR/kWh
  [checkpoint] already complete under this configuration; skipping

======================================================================
=== Dataset: Ausgrid 27 ===
======================================================================
Native granularity (30 min): 52608 steps
Training: 35040 steps (730 days)
Simulation: 17520 steps (365 days)
Tariff: SI | import rate 0.0002..0.2806 EUR/kWh
  [checkpoint] already complete under this configuration; skipping

======================================================================
=== Dataset: Ausgrid 27 ===
======================================================================
Native granularity (30 min): 52608 steps
Training: 35040 steps (730 days)
Simulation: 17520 steps (365 days)
Tariff: AU | import rate -0.0106..0.6508 EUR/kWh
  [Forecaster] hbd: 17568 rows, fit on 35040 training steps
  [Forecaster] cached 17568 rows -> Ausgrid 27__e08f32818080.csv.gz

--- Reactive mode (consumption + generation via Prophet) ---
Simulated steps: 17520 | Reopt.: 17520

--- Oracle mode (all real data) + rule-based controllers (AU) ---
  [oracle] cache hit Ausgrid 27__d0802c382d7a (17520 steps, 8 rules, whole-period solve included) -- nothing re-solved
  no_battery                        988.03 EUR   EFC    0.0   peak  5.21 kW
  self_consumption                  894.97 EUR   EFC   45.8   peak  5.21 kW
  fixed_schedule                    744.21 EUR   EFC  134.7   peak  6.59 kW
  delayed_pv_charge                 894.99 EUR   EFC   45.8   peak  5.21 kW
  price_threshold                   709.53 EUR   EFC  214.7   peak  6.59 kW
  price_rank_daily                  705.46 EUR   EFC  218.0   peak  6.59 kW
  tariff_arbitrage                  761.21 EUR   EFC  216.6   peak  6.47 kW
  price_oracle                      708.24 EUR   EFC  213.6   peak  6.59 kW
vs no battery 988.03 vs MPC oracle 724.15 vs whole-period optimum 724.07 EUR
Forecast day-ahead nMAE: gen 0.382 | con 0.471 | skill vs seasonal-naive: gen +0.064 con +0.112
                                                   No battery Perfect foresight Forecast (Prophet)
KPI                                                                                               
Total cost                                             988.03  723.35 (-26.8 %)   796.71 (-19.4 %)
Regret vs perfect foresight (% of no-battery cost)          —     0.00 (+0.0 %)     73.36 (+7.4 %)
Energy bought (kWh)                                    4741.6   4390.9 (-7.4 %)    4893.2 (+3.2 %)
Energy sold (kWh)                                       554.7    71.4 (-87.1 %)     564.6 (+1.8 %)

Results saved to: /Users/summerscholl/Documents/ERK-2026/Yoann/results_local/AU_H24_hbd/Ausgrid 27/

======================================================================
=== Dataset: Ausgrid 27 ===
======================================================================
Native granularity (30 min): 52608 steps
Training: 35040 steps (730 days)
Simulation: 17520 steps (365 days)
Tariff: SI | import rate 0.0002..0.2806 EUR/kWh
  [Forecaster] cache hit Ausgrid 27__e08f32818080.csv.gz (17568 rows) -- Prophet not fitted

--- Reactive mode (consumption + generation via Prophet) ---
Simulated steps: 17520 | Reopt.: 17520

--- Oracle mode (all real data) + rule-based controllers (SI) ---
  [oracle] cache hit Ausgrid 27__3a16de21046d (17520 steps, 10 rules, whole-period solve included) -- nothing re-solved
  no_battery                        400.14 EUR   EFC    0.0   peak  5.21 kW
  self_consumption                  374.39 EUR   EFC   45.8   peak  5.21 kW
  fixed_schedule                    383.09 EUR   EFC   96.3   peak  5.09 kW
  delayed_pv_charge                 374.40 EUR   EFC   45.8   peak  5.21 kW
  price_threshold                   375.55 EUR   EFC   71.4   peak  5.21 kW
  price_rank_daily                  375.74 EUR   EFC   65.7   peak  5.21 kW
  peak_shaving                      383.38 EUR   EFC   26.7   peak  4.45 kW
  self_consumption_peak_shaving     368.81 EUR   EFC   60.5   peak  4.84 kW
  tariff_arbitrage                  383.09 EUR   EFC  198.8   peak  4.97 kW
  price_oracle                      374.79 EUR   EFC   67.8   peak  5.21 kW
vs no battery 400.14 vs MPC oracle 372.90 vs whole-period optimum 365.85 EUR
Forecast day-ahead nMAE: gen 0.382 | con 0.471 | skill vs seasonal-naive: gen +0.064 con +0.112
                                                   No battery Perfect foresight Forecast (Prophet)
KPI                                                                                               
Total cost                                             383.79   352.40 (-8.2 %)    375.04 (-2.3 %)
Regret vs perfect foresight (% of no-battery cost)          —     0.00 (+0.0 %)     22.63 (+5.9 %)
Energy bought (kWh)                                    4741.6   4312.6 (-9.0 %)    4682.1 (-1.3 %)
Energy sold (kWh)                                       554.7    77.5 (-86.0 %)    457.3 (-17.6 %)

Results saved to: /Users/summerscholl/Documents/ERK-2026/Yoann/results_local/SI_H24_hbd/Ausgrid 27/

======================================================================
=== Dataset: Ausgrid 27 ===
======================================================================
Native granularity (30 min): 52608 steps
Training: 35040 steps (730 days)
Simulation: 17520 steps (365 days)
Tariff: AU | import rate -0.0106..0.6508 EUR/kWh
  [Forecaster] hbd_baseline: 17568 rows, fit on 35040 training steps
  [Forecaster] cached 17568 rows -> Ausgrid 27__e2aea10a82d8.csv.gz

--- Reactive mode (consumption + generation via Prophet) ---
Simulated steps: 17520 | Reopt.: 17520

--- Oracle mode (all real data) + rule-based controllers (AU) ---
  [oracle] cache hit Ausgrid 27__d0802c382d7a (17520 steps, 8 rules, whole-period solve included) -- nothing re-solved
  no_battery                        988.03 EUR   EFC    0.0   peak  5.21 kW
  self_consumption                  894.97 EUR   EFC   45.8   peak  5.21 kW
  fixed_schedule                    744.21 EUR   EFC  134.7   peak  6.59 kW
  delayed_pv_charge                 894.99 EUR   EFC   45.8   peak  5.21 kW
  price_threshold                   709.53 EUR   EFC  214.7   peak  6.59 kW
  price_rank_daily                  705.46 EUR   EFC  218.0   peak  6.59 kW
  tariff_arbitrage                  761.21 EUR   EFC  216.6   peak  6.47 kW
  price_oracle                      708.24 EUR   EFC  213.6   peak  6.59 kW
vs no battery 988.03 vs MPC oracle 724.15 vs whole-period optimum 724.07 EUR
Forecast day-ahead nMAE: gen 0.441 | con 0.544 | skill vs seasonal-naive: gen -0.080 con -0.025
                                                   No battery Perfect foresight Forecast (Prophet)
KPI                                                                                               
Total cost                                             988.03  723.35 (-26.8 %)   809.41 (-18.1 %)
Regret vs perfect foresight (% of no-battery cost)          —     0.00 (+0.0 %)     86.07 (+8.7 %)
Energy bought (kWh)                                    4741.6   4390.9 (-7.4 %)    4931.4 (+4.0 %)
Energy sold (kWh)                                       554.7    71.4 (-87.1 %)     605.3 (+9.1 %)

Results saved to: /Users/summerscholl/Documents/ERK-2026/Yoann/results_local/AU_H24_hbd_baseline/Ausgrid 27/

======================================================================
=== Dataset: Ausgrid 27 ===
======================================================================
Native granularity (30 min): 52608 steps
Training: 35040 steps (730 days)
Simulation: 17520 steps (365 days)
Tariff: SI | import rate 0.0002..0.2806 EUR/kWh
  [Forecaster] cache hit Ausgrid 27__e2aea10a82d8.csv.gz (17568 rows) -- Prophet not fitted

--- Reactive mode (consumption + generation via Prophet) ---
Simulated steps: 17520 | Reopt.: 17520

--- Oracle mode (all real data) + rule-based controllers (SI) ---
  [oracle] cache hit Ausgrid 27__3a16de21046d (17520 steps, 10 rules, whole-period solve included) -- nothing re-solved
  no_battery                        400.14 EUR   EFC    0.0   peak  5.21 kW
  self_consumption                  374.39 EUR   EFC   45.8   peak  5.21 kW
  fixed_schedule                    383.09 EUR   EFC   96.3   peak  5.09 kW
  delayed_pv_charge                 374.40 EUR   EFC   45.8   peak  5.21 kW
  price_threshold                   375.55 EUR   EFC   71.4   peak  5.21 kW
  price_rank_daily                  375.74 EUR   EFC   65.7   peak  5.21 kW
  peak_shaving                      383.38 EUR   EFC   26.7   peak  4.45 kW
  self_consumption_peak_shaving     368.81 EUR   EFC   60.5   peak  4.84 kW
  tariff_arbitrage                  383.09 EUR   EFC  198.8   peak  4.97 kW
  price_oracle                      374.79 EUR   EFC   67.8   peak  5.21 kW
vs no battery 400.14 vs MPC oracle 372.90 vs whole-period optimum 365.85 EUR
Forecast day-ahead nMAE: gen 0.441 | con 0.544 | skill vs seasonal-naive: gen -0.080 con -0.025
                                                   No battery Perfect foresight Forecast (Prophet)
KPI                                                                                               
Total cost                                             383.79   352.40 (-8.2 %)    375.90 (-2.1 %)
Regret vs perfect foresight (% of no-battery cost)          —     0.00 (+0.0 %)     23.50 (+6.1 %)
Energy bought (kWh)                                    4741.6   4312.6 (-9.0 %)    4692.6 (-1.0 %)
Energy sold (kWh)                                       554.7    77.5 (-86.0 %)    471.3 (-15.0 %)

Results saved to: /Users/summerscholl/Documents/ERK-2026/Yoann/results_local/SI_H24_hbd_baseline/Ausgrid 27/

======================================================================
=== Dataset: Ausgrid 27 ===
======================================================================
Native granularity (30 min): 52608 steps
Training: 35040 steps (730 days)
Simulation: 17520 steps (365 days)
Tariff: AU | import rate -0.0106..0.6508 EUR/kWh
  [Forecaster] hbd_median14: 17568 rows, fit on 35040 training steps
  [Forecaster] cached 17568 rows -> Ausgrid 27__f4d1a5044b9e.csv.gz

--- Reactive mode (consumption + generation via Prophet) ---
Simulated steps: 17520 | Reopt.: 17520

--- Oracle mode (all real data) + rule-based controllers (AU) ---
  [oracle] cache hit Ausgrid 27__d0802c382d7a (17520 steps, 8 rules, whole-period solve included) -- nothing re-solved
  no_battery                        988.03 EUR   EFC    0.0   peak  5.21 kW
  self_consumption                  894.97 EUR   EFC   45.8   peak  5.21 kW
  fixed_schedule                    744.21 EUR   EFC  134.7   peak  6.59 kW
  delayed_pv_charge                 894.99 EUR   EFC   45.8   peak  5.21 kW
  price_threshold                   709.53 EUR   EFC  214.7   peak  6.59 kW
  price_rank_daily                  705.46 EUR   EFC  218.0   peak  6.59 kW
  tariff_arbitrage                  761.21 EUR   EFC  216.6   peak  6.47 kW
  price_oracle                      708.24 EUR   EFC  213.6   peak  6.59 kW
vs no battery 988.03 vs MPC oracle 724.15 vs whole-period optimum 724.07 EUR
Forecast day-ahead nMAE: gen 0.354 | con 0.441 | skill vs seasonal-naive: gen +0.132 con +0.169
                                                   No battery Perfect foresight Forecast (Prophet)
KPI                                                                                               
Total cost                                             988.03  723.35 (-26.8 %)   802.21 (-18.8 %)
Regret vs perfect foresight (% of no-battery cost)          —     0.00 (+0.0 %)     78.86 (+8.0 %)
Energy bought (kWh)                                    4741.6   4390.9 (-7.4 %)    4796.1 (+1.2 %)
Energy sold (kWh)                                       554.7    71.4 (-87.1 %)    476.6 (-14.1 %)

Results saved to: /Users/summerscholl/Documents/ERK-2026/Yoann/results_local/AU_H24_hbd_median14/Ausgrid 27/

======================================================================
=== Dataset: Ausgrid 27 ===
======================================================================
Native granularity (30 min): 52608 steps
Training: 35040 steps (730 days)
Simulation: 17520 steps (365 days)
Tariff: SI | import rate 0.0002..0.2806 EUR/kWh
  [Forecaster] cache hit Ausgrid 27__f4d1a5044b9e.csv.gz (17568 rows) -- Prophet not fitted

--- Reactive mode (consumption + generation via Prophet) ---
Simulated steps: 17520 | Reopt.: 17520

--- Oracle mode (all real data) + rule-based controllers (SI) ---
  [oracle] cache hit Ausgrid 27__3a16de21046d (17520 steps, 10 rules, whole-period solve included) -- nothing re-solved
  no_battery                        400.14 EUR   EFC    0.0   peak  5.21 kW
  self_consumption                  374.39 EUR   EFC   45.8   peak  5.21 kW
  fixed_schedule                    383.09 EUR   EFC   96.3   peak  5.09 kW
  delayed_pv_charge                 374.40 EUR   EFC   45.8   peak  5.21 kW
  price_threshold                   375.55 EUR   EFC   71.4   peak  5.21 kW
  price_rank_daily                  375.74 EUR   EFC   65.7   peak  5.21 kW
  peak_shaving                      383.38 EUR   EFC   26.7   peak  4.45 kW
  self_consumption_peak_shaving     368.81 EUR   EFC   60.5   peak  4.84 kW
  tariff_arbitrage                  383.09 EUR   EFC  198.8   peak  4.97 kW
  price_oracle                      374.79 EUR   EFC   67.8   peak  5.21 kW
vs no battery 400.14 vs MPC oracle 372.90 vs whole-period optimum 365.85 EUR
Forecast day-ahead nMAE: gen 0.354 | con 0.441 | skill vs seasonal-naive: gen +0.132 con +0.169
                                                   No battery Perfect foresight Forecast (Prophet)
KPI                                                                                               
Total cost                                             383.79   352.40 (-8.2 %)    372.22 (-3.0 %)
Regret vs perfect foresight (% of no-battery cost)          —     0.00 (+0.0 %)     19.82 (+5.2 %)
Energy bought (kWh)                                    4741.6   4312.6 (-9.0 %)    4638.9 (-2.2 %)
Energy sold (kWh)                                       554.7    77.5 (-86.0 %)    407.1 (-26.6 %)

Results saved to: /Users/summerscholl/Documents/ERK-2026/Yoann/results_local/SI_H24_hbd_median14/Ausgrid 27/

======================================================================
=== Dataset: Ausgrid 27 ===
======================================================================
Native granularity (30 min): 52608 steps
Training: 35040 steps (730 days)
Simulation: 17520 steps (365 days)
Tariff: AU | import rate -0.0106..0.6508 EUR/kWh
  [Forecaster] hbd_median14: 17568 rows, fit on 35040 training steps
  [Forecaster] truth: 17568 rows, nothing fitted
  [Forecaster] hbd_median14_pvtruth: consumption from hbd_median14, generation from truth
  [Forecaster] cached 17568 rows -> Ausgrid 27__fd2484ef69d6.csv.gz

--- Reactive mode (consumption + generation via Prophet) ---
Simulated steps: 17520 | Reopt.: 17520

--- Oracle mode (all real data) + rule-based controllers (AU) ---
  [oracle] cache hit Ausgrid 27__d0802c382d7a (17520 steps, 8 rules, whole-period solve included) -- nothing re-solved
  no_battery                        988.03 EUR   EFC    0.0   peak  5.21 kW
  self_consumption                  894.97 EUR   EFC   45.8   peak  5.21 kW
  fixed_schedule                    744.21 EUR   EFC  134.7   peak  6.59 kW
  delayed_pv_charge                 894.99 EUR   EFC   45.8   peak  5.21 kW
  price_threshold                   709.53 EUR   EFC  214.7   peak  6.59 kW
  price_rank_daily                  705.46 EUR   EFC  218.0   peak  6.59 kW
  tariff_arbitrage                  761.21 EUR   EFC  216.6   peak  6.47 kW
  price_oracle                      708.24 EUR   EFC  213.6   peak  6.59 kW
vs no battery 988.03 vs MPC oracle 724.15 vs whole-period optimum 724.07 EUR
Forecast day-ahead nMAE: gen 0.000 | con 0.441 | skill vs seasonal-naive: gen +1.000 con +0.169
                                                   No battery Perfect foresight Forecast (Prophet)
KPI                                                                                               
Total cost                                             988.03  723.35 (-26.8 %)   792.58 (-19.8 %)
Regret vs perfect foresight (% of no-battery cost)          —     0.00 (+0.0 %)     69.24 (+7.0 %)
Energy bought (kWh)                                    4741.6   4390.9 (-7.4 %)    4736.8 (-0.1 %)
Energy sold (kWh)                                       554.7    71.4 (-87.1 %)    416.7 (-24.9 %)

Results saved to: /Users/summerscholl/Documents/ERK-2026/Yoann/results_local/AU_H24_hbd_median14_pvtruth/Ausgrid 27/

======================================================================
=== Dataset: Ausgrid 27 ===
======================================================================
Native granularity (30 min): 52608 steps
Training: 35040 steps (730 days)
Simulation: 17520 steps (365 days)
Tariff: SI | import rate 0.0002..0.2806 EUR/kWh
  [Forecaster] cache hit Ausgrid 27__fd2484ef69d6.csv.gz (17568 rows) -- Prophet not fitted

--- Reactive mode (consumption + generation via Prophet) ---
Simulated steps: 17520 | Reopt.: 17520

--- Oracle mode (all real data) + rule-based controllers (SI) ---
  [oracle] cache hit Ausgrid 27__3a16de21046d (17520 steps, 10 rules, whole-period solve included) -- nothing re-solved
  no_battery                        400.14 EUR   EFC    0.0   peak  5.21 kW
  self_consumption                  374.39 EUR   EFC   45.8   peak  5.21 kW
  fixed_schedule                    383.09 EUR   EFC   96.3   peak  5.09 kW
  delayed_pv_charge                 374.40 EUR   EFC   45.8   peak  5.21 kW
  price_threshold                   375.55 EUR   EFC   71.4   peak  5.21 kW
  price_rank_daily                  375.74 EUR   EFC   65.7   peak  5.21 kW
  peak_shaving                      383.38 EUR   EFC   26.7   peak  4.45 kW
  self_consumption_peak_shaving     368.81 EUR   EFC   60.5   peak  4.84 kW
  tariff_arbitrage                  383.09 EUR   EFC  198.8   peak  4.97 kW
  price_oracle                      374.79 EUR   EFC   67.8   peak  5.21 kW
vs no battery 400.14 vs MPC oracle 372.90 vs whole-period optimum 365.85 EUR
Forecast day-ahead nMAE: gen 0.000 | con 0.441 | skill vs seasonal-naive: gen +1.000 con +0.169
                                                   No battery Perfect foresight Forecast (Prophet)
KPI                                                                                               
Total cost                                             383.79   352.40 (-8.2 %)    367.18 (-4.3 %)
Regret vs perfect foresight (% of no-battery cost)          —     0.00 (+0.0 %)     14.77 (+3.8 %)
Energy bought (kWh)                                    4741.6   4312.6 (-9.0 %)    4555.3 (-3.9 %)
Energy sold (kWh)                                       554.7    77.5 (-86.0 %)    325.4 (-41.3 %)

Results saved to: /Users/summerscholl/Documents/ERK-2026/Yoann/results_local/SI_H24_hbd_median14_pvtruth/Ausgrid 27/
