== stage 1: search bc ==
[AU_bc] 0/144 trials finished, 0 re-queued from an interrupted run; 16 households, rungs [16]
[SI_bc] 0/144 trials finished, 0 re-queued from an interrupted run; 16 households, rungs [16]
[AU_bc] trial   0 complete    255.37/a  best   255.37  (1/144)
[AU_bc] trial   1 complete    265.63/a  best   265.63  (2/144)
[AU_bc] trial   2 complete      0.22/a  best   265.63  (3/144)
[AU_bc] trial   3 complete      0.11/a  best   265.63  (4/144)
[AU_bc] trial   4 complete    266.18/a  best   266.18  (5/144)
[AU_bc] trial   5 complete      0.34/a  best   266.18  (6/144)
[AU_bc] trial   6 complete      0.35/a  best   266.18  (7/144)
[AU_bc] trial   7 complete      0.09/a  best   266.18  (8/144)
[AU_bc] trial   8 complete      6.47/a  best   266.18  (9/144)
[AU_bc] trial   9 complete      1.30/a  best   266.18  (10/144)
[AU_bc] trial  10 complete    266.27/a  best   266.27  (11/144)
[AU_bc] trial  11 complete    264.10/a  best   266.27  (12/144)
[AU_bc] trial  12 complete    265.00/a  best   266.27  (13/144)
[AU_bc] trial  13 complete    265.20/a  best   266.27  (14/144)
[AU_bc] trial  14 complete    169.42/a  best   266.27  (15/144)
[AU_bc] trial  15 complete      0.23/a  best   266.27  (16/144)
[AU_bc] trial  16 complete    265.63/a  best   266.27  (17/144)
[AU_bc] trial  17 complete      0.37/a  best   266.27  (18/144)
[AU_bc] trial  18 complete    265.53/a  best   266.27  (19/144)
[AU_bc] trial  19 complete    266.40/a  best   266.40  (20/144)
[AU_bc] trial  20 complete    266.31/a  best   266.40  (21/144)
[AU_bc] trial  21 complete     11.89/a  best   266.40  (22/144)
[AU_bc] trial  22 complete    266.80/a  best   266.80  (23/144)
[AU_bc] trial  23 complete      0.24/a  best   266.80  (24/144)
[SI_bc] trial   0 complete     39.08/a  best    39.08  (1/144)
[SI_bc] trial   1 complete     45.58/a  best    45.58  (2/144)
[SI_bc] trial   2 complete      0.23/a  best    45.58  (3/144)
[SI_bc] trial   3 complete      0.16/a  best    45.58  (4/144)
[SI_bc] trial   4 complete     45.36/a  best    45.58  (5/144)
[SI_bc] trial   5 complete      0.29/a  best    45.58  (6/144)
[SI_bc] trial   6 complete      0.31/a  best    45.58  (7/144)
[SI_bc] trial   7 complete      0.10/a  best    45.58  (8/144)
[SI_bc] trial   8 complete      4.58/a  best    45.58  (9/144)
[SI_bc] trial   9 complete      0.63/a  best    45.58  (10/144)
[SI_bc] trial  10 complete     45.63/a  best    45.63  (11/144)
[SI_bc] trial  11 complete     43.45/a  best    45.63  (12/144)
[SI_bc] trial  12 complete     43.83/a  best    45.63  (13/144)
[SI_bc] trial  13 complete     43.91/a  best    45.63  (14/144)
[SI_bc] trial  14 complete     23.71/a  best    45.63  (15/144)
[SI_bc] trial  15 complete      0.27/a  best    45.63  (16/144)
[SI_bc] trial  16 complete     44.66/a  best    45.63  (17/144)
[SI_bc] trial  17 complete      0.34/a  best    45.63  (18/144)
[SI_bc] trial  18 complete     44.65/a  best    45.63  (19/144)
[SI_bc] trial  19 complete     44.99/a  best    45.63  (20/144)
[SI_bc] trial  20 complete     44.82/a  best    45.63  (21/144)
[SI_bc] trial  21 complete      4.32/a  best    45.63  (22/144)
[SI_bc] trial  22 complete     45.57/a  best    45.63  (23/144)
[SI_bc] trial  23 complete      0.25/a  best    45.63  (24/144)
[AU_bc] trial  24 complete    264.95/a  best   266.80  (25/144)
[AU_bc] trial  25 complete    263.32/a  best   266.80  (26/144)
[AU_bc] trial  26 complete      0.37/a  best   266.80  (27/144)
[AU_bc] trial  27 complete     -0.07/a  best   266.80  (28/144)
[AU_bc] trial  28 complete      0.26/a  best   266.80  (29/144)
[AU_bc] trial  29 complete      0.19/a  best   266.80  (30/144)
[AU_bc] trial  30 complete    259.41/a  best   266.80  (31/144)
[AU_bc] trial  31 complete    264.92/a  best   266.80  (32/144)
[AU_bc] trial  32 complete    181.17/a  best   266.80  (33/144)
[AU_bc] trial  33 complete      0.19/a  best   266.80  (34/144)
[AU_bc] trial  34 complete    265.98/a  best   266.80  (35/144)
[AU_bc] trial  35 complete      0.33/a  best   266.80  (36/144)
[AU_bc] trial  36 complete      0.16/a  best   266.80  (37/144)
[AU_bc] trial  37 complete    261.98/a  best   266.80  (38/144)
[AU_bc] trial  38 complete    266.42/a  best   266.80  (39/144)
[AU_bc] trial  39 complete    265.44/a  best   266.80  (40/144)
[AU_bc] trial  40 complete      0.19/a  best   266.80  (41/144)
[AU_bc] trial  41 complete    259.81/a  best   266.80  (42/144)
[AU_bc] trial  42 complete      8.80/a  best   266.80  (43/144)
[AU_bc] trial  43 complete    257.08/a  best   266.80  (44/144)
[AU_bc] trial  44 complete    265.01/a  best   266.80  (45/144)
[AU_bc] trial  45 complete    265.46/a  best   266.80  (46/144)
[AU_bc] trial  46 complete      0.40/a  best   266.80  (47/144)
[AU_bc] trial  47 complete    256.39/a  best   266.80  (48/144)
[SI_bc] trial  24 complete     43.98/a  best    45.63  (25/144)
[SI_bc] trial  25 complete     41.75/a  best    45.63  (26/144)
[SI_bc] trial  26 complete      0.31/a  best    45.63  (27/144)
[SI_bc] trial  27 complete      0.12/a  best    45.63  (28/144)
[SI_bc] trial  28 complete      0.32/a  best    45.63  (29/144)
[SI_bc] trial  29 complete      0.25/a  best    45.63  (30/144)
[SI_bc] trial  30 complete     40.96/a  best    45.63  (31/144)
[SI_bc] trial  31 complete     44.65/a  best    45.63  (32/144)
[SI_bc] trial  32 complete     27.95/a  best    45.63  (33/144)
[SI_bc] trial  33 complete      0.12/a  best    45.63  (34/144)
[SI_bc] trial  34 complete     45.46/a  best    45.63  (35/144)
[SI_bc] trial  35 complete      0.31/a  best    45.63  (36/144)
[SI_bc] trial  36 complete      0.36/a  best    45.63  (37/144)
[SI_bc] trial  37 complete     41.31/a  best    45.63  (38/144)
[SI_bc] trial  38 complete     44.98/a  best    45.63  (39/144)
[SI_bc] trial  39 complete     44.35/a  best    45.63  (40/144)
[SI_bc] trial  40 complete      0.31/a  best    45.63  (41/144)
[SI_bc] trial  41 complete     39.50/a  best    45.63  (42/144)
[SI_bc] trial  42 complete      6.10/a  best    45.63  (43/144)
[SI_bc] trial  43 complete     39.74/a  best    45.63  (44/144)
[SI_bc] trial  44 complete     43.61/a  best    45.63  (45/144)
[SI_bc] trial  45 complete     43.78/a  best    45.63  (46/144)
[SI_bc] trial  46 complete      0.32/a  best    45.63  (47/144)
[SI_bc] trial  47 complete     39.79/a  best    45.63  (48/144)
-- 10 min elapsed; ~0.2 h left, finishing ~03:52: AU_bc 48/144 best 266.8 | SI_bc 48/144 best 45.6
[AU_bc] trial  48 complete    266.18/a  best   266.80  (49/144)
[AU_bc] trial  49 complete    266.42/a  best   266.80  (50/144)
[AU_bc] trial  50 complete    266.13/a  best   266.80  (51/144)
[AU_bc] trial  51 complete    265.75/a  best   266.80  (52/144)
[AU_bc] trial  52 complete    265.92/a  best   266.80  (53/144)
[AU_bc] trial  53 complete      0.26/a  best   266.80  (54/144)
[AU_bc] trial  54 complete      0.16/a  best   266.80  (55/144)
[AU_bc] trial  55 complete    266.05/a  best   266.80  (56/144)
[AU_bc] trial  56 complete    265.69/a  best   266.80  (57/144)
[AU_bc] trial  57 complete    265.47/a  best   266.80  (58/144)
[AU_bc] trial  58 complete    266.29/a  best   266.80  (59/144)
[AU_bc] trial  59 complete    265.87/a  best   266.80  (60/144)
[AU_bc] trial  60 complete    266.58/a  best   266.80  (61/144)
[AU_bc] trial  61 complete    266.27/a  best   266.80  (62/144)
[AU_bc] trial  62 complete    265.82/a  best   266.80  (63/144)
[AU_bc] trial  63 complete    266.95/a  best   266.95  (64/144)
[AU_bc] trial  64 complete    265.59/a  best   266.95  (65/144)
[AU_bc] trial  65 complete      0.75/a  best   266.95  (66/144)
[AU_bc] trial  66 complete    266.12/a  best   266.95  (67/144)
[AU_bc] trial  67 complete    264.54/a  best   266.95  (68/144)
[AU_bc] trial  68 complete    266.17/a  best   266.95  (69/144)
[AU_bc] trial  69 complete      0.17/a  best   266.95  (70/144)
[AU_bc] trial  70 complete    262.54/a  best   266.95  (71/144)
[AU_bc] trial  71 complete    266.43/a  best   266.95  (72/144)
[SI_bc] trial  48 complete     45.59/a  best    45.63  (49/144)
[SI_bc] trial  49 complete     44.77/a  best    45.63  (50/144)
[SI_bc] trial  50 complete     45.56/a  best    45.63  (51/144)
[SI_bc] trial  51 complete     45.59/a  best    45.63  (52/144)
[SI_bc] trial  52 complete     45.99/a  best    45.99  (53/144)
[SI_bc] trial  53 complete     45.38/a  best    45.99  (54/144)
[SI_bc] trial  54 complete     45.33/a  best    45.99  (55/144)
[SI_bc] trial  55 complete     45.77/a  best    45.99  (56/144)
[SI_bc] trial  56 complete     44.95/a  best    45.99  (57/144)
[SI_bc] trial  57 complete     45.52/a  best    45.99  (58/144)
[SI_bc] trial  58 complete     45.41/a  best    45.99  (59/144)
[SI_bc] trial  59 complete     46.17/a  best    46.17  (60/144)
[SI_bc] trial  60 complete      0.95/a  best    46.17  (61/144)
[SI_bc] trial  61 complete     45.24/a  best    46.17  (62/144)
[SI_bc] trial  62 complete     44.69/a  best    46.17  (63/144)
[SI_bc] trial  63 complete     43.87/a  best    46.17  (64/144)
[SI_bc] trial  64 complete     45.90/a  best    46.17  (65/144)
[SI_bc] trial  65 complete     45.43/a  best    46.17  (66/144)
[SI_bc] trial  66 complete     41.55/a  best    46.17  (67/144)
[SI_bc] trial  67 complete     45.43/a  best    46.17  (68/144)
[SI_bc] trial  68 complete     45.69/a  best    46.17  (69/144)
[SI_bc] trial  69 complete     44.91/a  best    46.17  (70/144)
[SI_bc] trial  70 complete     45.09/a  best    46.17  (71/144)
[SI_bc] trial  71 complete      0.27/a  best    46.17  (72/144)
[AU_bc] trial  72 complete    265.67/a  best   266.95  (73/144)
[AU_bc] trial  73 complete    266.14/a  best   266.95  (74/144)
[AU_bc] trial  74 complete      0.32/a  best   266.95  (75/144)
[AU_bc] trial  75 complete    266.08/a  best   266.95  (76/144)
[AU_bc] trial  76 complete    265.58/a  best   266.95  (77/144)
[AU_bc] trial  77 complete    265.52/a  best   266.95  (78/144)
[AU_bc] trial  78 complete      0.26/a  best   266.95  (79/144)
[AU_bc] trial  79 complete    264.57/a  best   266.95  (80/144)
[AU_bc] trial  80 complete    265.95/a  best   266.95  (81/144)
[AU_bc] trial  81 complete    266.01/a  best   266.95  (82/144)
[AU_bc] trial  82 complete    265.46/a  best   266.95  (83/144)
[AU_bc] trial  83 complete    265.63/a  best   266.95  (84/144)
[AU_bc] trial  84 complete      1.74/a  best   266.95  (85/144)
[AU_bc] trial  85 complete    265.09/a  best   266.95  (86/144)
[AU_bc] trial  86 complete    265.95/a  best   266.95  (87/144)
[AU_bc] trial  87 complete    266.14/a  best   266.95  (88/144)
[AU_bc] trial  88 complete    265.82/a  best   266.95  (89/144)
[AU_bc] trial  89 complete    265.35/a  best   266.95  (90/144)
[AU_bc] trial  90 complete    266.27/a  best   266.95  (91/144)
[AU_bc] trial  91 complete    265.48/a  best   266.95  (92/144)
[AU_bc] trial  92 complete    265.85/a  best   266.95  (93/144)
[AU_bc] trial  93 complete    266.57/a  best   266.95  (94/144)
[AU_bc] trial  94 complete    265.93/a  best   266.95  (95/144)
[AU_bc] trial  95 complete    265.62/a  best   266.95  (96/144)
[SI_bc] trial  72 complete     45.24/a  best    46.17  (73/144)
[SI_bc] trial  73 complete     45.19/a  best    46.17  (74/144)
[SI_bc] trial  74 complete     45.58/a  best    46.17  (75/144)
[SI_bc] trial  75 complete     30.96/a  best    46.17  (76/144)
[SI_bc] trial  76 complete     45.34/a  best    46.17  (77/144)
[SI_bc] trial  77 complete     44.76/a  best    46.17  (78/144)
[SI_bc] trial  78 complete     45.02/a  best    46.17  (79/144)
[SI_bc] trial  79 complete     45.26/a  best    46.17  (80/144)
[SI_bc] trial  80 complete     45.92/a  best    46.17  (81/144)
[SI_bc] trial  81 complete     44.75/a  best    46.17  (82/144)
[SI_bc] trial  82 complete     45.39/a  best    46.17  (83/144)
[SI_bc] trial  83 complete     45.12/a  best    46.17  (84/144)
[SI_bc] trial  84 complete     44.90/a  best    46.17  (85/144)
[SI_bc] trial  85 complete      2.85/a  best    46.17  (86/144)
[SI_bc] trial  86 complete     45.81/a  best    46.17  (87/144)
[SI_bc] trial  87 complete     44.94/a  best    46.17  (88/144)
[SI_bc] trial  88 complete     45.67/a  best    46.17  (89/144)
[SI_bc] trial  89 complete     44.97/a  best    46.17  (90/144)
[SI_bc] trial  90 complete     45.48/a  best    46.17  (91/144)
[SI_bc] trial  91 complete     45.54/a  best    46.17  (92/144)
[SI_bc] trial  92 complete     23.43/a  best    46.17  (93/144)
[SI_bc] trial  93 complete     44.21/a  best    46.17  (94/144)
[SI_bc] trial  94 complete     45.06/a  best    46.17  (95/144)
[SI_bc] trial  95 complete     44.40/a  best    46.17  (96/144)
-- 20 min elapsed; ~0.1 h left, finishing ~03:53: AU_bc 96/144 best 266.9 | SI_bc 96/144 best 46.2
[AU_bc] trial  96 complete    265.78/a  best   266.95  (97/144)
[AU_bc] trial  97 complete    266.27/a  best   266.95  (98/144)
[AU_bc] trial  98 complete    260.77/a  best   266.95  (99/144)
[AU_bc] trial  99 complete    265.90/a  best   266.95  (100/144)
[AU_bc] trial 100 complete      0.11/a  best   266.95  (101/144)
[AU_bc] trial 101 complete    264.64/a  best   266.95  (102/144)
[AU_bc] trial 102 complete    266.41/a  best   266.95  (103/144)
[AU_bc] trial 103 complete    156.85/a  best   266.95  (104/144)
[AU_bc] trial 104 complete    265.94/a  best   266.95  (105/144)
[AU_bc] trial 105 complete    265.78/a  best   266.95  (106/144)
[AU_bc] trial 106 complete    265.39/a  best   266.95  (107/144)
[AU_bc] trial 107 complete    265.89/a  best   266.95  (108/144)
[AU_bc] trial 108 complete    266.14/a  best   266.95  (109/144)
[AU_bc] trial 109 complete    266.34/a  best   266.95  (110/144)
[AU_bc] trial 110 complete    266.58/a  best   266.95  (111/144)
[AU_bc] trial 111 complete    265.51/a  best   266.95  (112/144)
[AU_bc] trial 112 complete    266.16/a  best   266.95  (113/144)
[AU_bc] trial 113 complete    265.74/a  best   266.95  (114/144)
[AU_bc] trial 114 complete      3.75/a  best   266.95  (115/144)
[AU_bc] trial 115 complete    266.25/a  best   266.95  (116/144)
[AU_bc] trial 116 complete    264.95/a  best   266.95  (117/144)
[AU_bc] trial 117 complete    266.25/a  best   266.95  (118/144)
[AU_bc] trial 118 complete    266.36/a  best   266.95  (119/144)
[AU_bc] trial 119 complete    266.05/a  best   266.95  (120/144)
[SI_bc] trial  96 complete     44.23/a  best    46.17  (97/144)
[SI_bc] trial  97 complete     45.65/a  best    46.17  (98/144)
[SI_bc] trial  98 complete     44.41/a  best    46.17  (99/144)
[SI_bc] trial  99 complete     45.60/a  best    46.17  (100/144)
[SI_bc] trial 100 complete     43.76/a  best    46.17  (101/144)
[SI_bc] trial 101 complete     46.13/a  best    46.17  (102/144)
[SI_bc] trial 102 complete     45.31/a  best    46.17  (103/144)
[SI_bc] trial 103 complete     45.76/a  best    46.17  (104/144)
[SI_bc] trial 104 complete      0.69/a  best    46.17  (105/144)
[SI_bc] trial 105 complete     45.78/a  best    46.17  (106/144)
[SI_bc] trial 106 complete     45.49/a  best    46.17  (107/144)
[SI_bc] trial 107 complete     45.56/a  best    46.17  (108/144)
[SI_bc] trial 108 complete     45.27/a  best    46.17  (109/144)
[SI_bc] trial 109 complete     45.84/a  best    46.17  (110/144)
[SI_bc] trial 110 complete     45.03/a  best    46.17  (111/144)
[SI_bc] trial 111 complete     45.18/a  best    46.17  (112/144)
[SI_bc] trial 112 complete     44.96/a  best    46.17  (113/144)
[SI_bc] trial 113 complete     44.98/a  best    46.17  (114/144)
[SI_bc] trial 114 complete     44.70/a  best    46.17  (115/144)
[SI_bc] trial 115 complete     45.52/a  best    46.17  (116/144)
[SI_bc] trial 116 complete     45.16/a  best    46.17  (117/144)
[SI_bc] trial 117 complete     45.30/a  best    46.17  (118/144)
[SI_bc] trial 118 complete     45.76/a  best    46.17  (119/144)
[SI_bc] trial 119 complete     43.80/a  best    46.17  (120/144)
[AU_bc] trial 120 complete    265.95/a  best   266.95  (121/144)
[AU_bc] trial 121 complete    266.13/a  best   266.95  (122/144)
[AU_bc] trial 122 complete    266.67/a  best   266.95  (123/144)
[AU_bc] trial 123 complete    265.83/a  best   266.95  (124/144)
[AU_bc] trial 124 complete    265.75/a  best   266.95  (125/144)
[AU_bc] trial 125 complete    266.51/a  best   266.95  (126/144)
[AU_bc] trial 126 complete    265.91/a  best   266.95  (127/144)
[AU_bc] trial 127 complete    265.79/a  best   266.95  (128/144)
[AU_bc] trial 128 complete    265.86/a  best   266.95  (129/144)
[AU_bc] trial 129 complete    265.13/a  best   266.95  (130/144)
[AU_bc] trial 130 complete    266.22/a  best   266.95  (131/144)
[AU_bc] trial 131 complete    266.02/a  best   266.95  (132/144)
[AU_bc] trial 132 complete    266.07/a  best   266.95  (133/144)
[AU_bc] trial 133 complete    266.07/a  best   266.95  (134/144)
[AU_bc] trial 134 complete    266.26/a  best   266.95  (135/144)
[AU_bc] trial 135 complete    266.97/a  best   266.97  (136/144)
[AU_bc] trial 136 complete    266.28/a  best   266.97  (137/144)
[AU_bc] trial 137 complete    265.75/a  best   266.97  (138/144)
[AU_bc] trial 138 complete    231.69/a  best   266.97  (139/144)
[AU_bc] trial 139 complete    265.69/a  best   266.97  (140/144)
[AU_bc] trial 140 complete    266.05/a  best   266.97  (141/144)
[AU_bc] trial 141 complete    265.64/a  best   266.97  (142/144)
[AU_bc] trial 142 complete    264.98/a  best   266.97  (143/144)
[AU_bc] trial 143 complete    265.55/a  best   266.97  (144/144)
[SI_bc] trial 120 complete     45.31/a  best    46.17  (121/144)
[SI_bc] trial 121 complete     45.55/a  best    46.17  (122/144)
[SI_bc] trial 122 complete     46.03/a  best    46.17  (123/144)
[SI_bc] trial 123 complete     44.74/a  best    46.17  (124/144)
[SI_bc] trial 124 complete     44.76/a  best    46.17  (125/144)
[SI_bc] trial 125 complete     46.05/a  best    46.17  (126/144)
[SI_bc] trial 126 complete     45.16/a  best    46.17  (127/144)
[SI_bc] trial 127 complete     45.87/a  best    46.17  (128/144)
[SI_bc] trial 128 complete     45.30/a  best    46.17  (129/144)
[SI_bc] trial 129 complete     45.23/a  best    46.17  (130/144)
[SI_bc] trial 130 complete     45.88/a  best    46.17  (131/144)
[SI_bc] trial 131 complete     44.77/a  best    46.17  (132/144)
[SI_bc] trial 132 complete     45.91/a  best    46.17  (133/144)
[SI_bc] trial 133 complete     44.47/a  best    46.17  (134/144)
[SI_bc] trial 134 complete     45.11/a  best    46.17  (135/144)
[SI_bc] trial 135 complete     45.31/a  best    46.17  (136/144)
[SI_bc] trial 136 complete     44.88/a  best    46.17  (137/144)
[SI_bc] trial 137 complete     45.28/a  best    46.17  (138/144)
[SI_bc] trial 138 complete     45.18/a  best    46.17  (139/144)
[SI_bc] trial 139 complete     45.68/a  best    46.17  (140/144)
[SI_bc] trial 140 complete     39.19/a  best    46.17  (141/144)
[SI_bc] trial 141 complete     45.58/a  best    46.17  (142/144)
[SI_bc] trial 142 complete     45.30/a  best    46.17  (143/144)
[SI_bc] trial 143 complete     45.05/a  best    46.17  (144/144)
-- done in 26.4 min: AU_bc 144/144 best 267.0 | SI_bc 144/144 best 46.2
== stage 2: refine bc ==
-- done in 1.4 min: AU_bc refine 192/192 | SI_bc refine 192/192
[AU_bc] winner: trial 135 (c99af3b3510cc), 266.33/a vs incumbent 255.93/a (seed-averaged validation; Δ +10.39, p 0.000, 16/16 households better)
[SI_bc] winner: trial 59 (caee7f54780c1), 45.88/a vs incumbent 38.81/a (seed-averaged validation; Δ +7.07, p 0.000, 15/16 households better)
== stage 3: search dqn / bc_dqn ==
[AU_dqn] 0/40 trials finished, 0 re-queued from an interrupted run; 8 households, rungs [3, 8]
[SI_dqn] 0/40 trials finished, 0 re-queued from an interrupted run; 8 households, rungs [3, 8]
[AU_bc_dqn] 0/40 trials finished, 0 re-queued from an interrupted run; 8 households, rungs [3, 8]
[SI_bc_dqn] 0/40 trials finished, 0 re-queued from an interrupted run; 8 households, rungs [3, 8]
[AU_bc_dqn] trial   0 complete    286.12/a  best   286.12  (1/40)
[AU_dqn] trial   0 complete    268.91/a  best   268.91  (1/40)
[SI_bc_dqn] trial   0 complete     49.65/a  best    49.65  (1/40)
[SI_dqn] trial   0 complete     36.46/a  best    36.46  (1/40)
[AU_dqn] trial   1 complete    269.23/a  best   269.23  (2/40)
[SI_dqn] trial   1 complete     34.33/a  best    36.46  (2/40)
[AU_bc_dqn] trial   1 complete    286.29/a  best   286.29  (2/40)
[SI_bc_dqn] trial   1 complete     48.93/a  best    49.65  (2/40)
-- 10 min elapsed; ~1.8 h left, finishing ~05:52: AU_dqn 2/40 best 269.2 | SI_dqn 2/40 best 36.5 | AU_bc_dqn 2/40 best 286.3 | SI_bc_dqn 2/40 best 49.6
[AU_bc_dqn] trial   2 complete    286.33/a  best   286.33  (3/40)
[AU_dqn] trial   2 complete    254.29/a  best   269.23  (3/40)
[SI_dqn] trial   2 complete     31.36/a  best    36.46  (3/40)
[AU_dqn] trial   3 complete    251.85/a  best   269.23  (4/40)
[SI_bc_dqn] trial   2 complete     48.85/a  best    49.65  (3/40)
[SI_dqn] trial   3 complete     33.13/a  best    36.46  (4/40)
[AU_bc_dqn] trial   3 complete    284.96/a  best   286.33  (4/40)
[SI_bc_dqn] trial   3 complete     48.59/a  best    49.65  (4/40)
-- 20 min elapsed; ~1.8 h left, finishing ~06:05: AU_dqn 4/40 best 269.2 | SI_dqn 4/40 best 36.5 | AU_bc_dqn 4/40 best 286.3 | SI_bc_dqn 4/40 best 49.6
[AU_bc_dqn] trial   4 complete    285.20/a  best   286.33  (5/40)
[AU_bc_dqn] trial   5 pruned at 3 hh    282.14/a  best   286.33  (6/40)
[SI_bc_dqn] trial   4 complete     49.07/a  best    49.65  (5/40)
[AU_dqn] trial   4 complete    265.19/a  best   269.23  (5/40)
[AU_dqn] trial   5 complete    269.10/a  best   269.23  (6/40)
[SI_dqn] trial   4 complete     35.30/a  best    36.46  (5/40)
-- 30 min elapsed; ~1.8 h left, finishing ~06:15: AU_dqn 6/40 best 269.2 | SI_dqn 5/40 best 36.5 | AU_bc_dqn 6/40 best 286.3 | SI_bc_dqn 5/40 best 49.6
[AU_dqn] trial   6 pruned at 3 hh    266.80/a  best   269.23  (7/40)
[SI_dqn] trial   5 complete     38.96/a  best    38.96  (6/40)
[SI_bc_dqn] trial   5 complete     38.32/a  best    49.65  (6/40)
[SI_dqn] trial   6 pruned at 3 hh     21.79/a  best    38.96  (7/40)
[AU_bc_dqn] trial   6 complete    286.43/a  best   286.43  (7/40)
[SI_dqn] trial   7 pruned at 3 hh     23.72/a  best    38.96  (8/40)
[AU_bc_dqn] trial   7 complete    286.42/a  best   286.43  (8/40)
[AU_dqn] trial   7 complete    269.39/a  best   269.39  (8/40)
[SI_dqn] trial   9 pruned at 3 hh     22.76/a  best    38.96  (9/40)
[SI_bc_dqn] trial   6 complete     48.79/a  best    49.65  (7/40)
[AU_dqn] trial   8 complete    268.08/a  best   269.39  (9/40)
[SI_dqn] trial   8 complete     37.37/a  best    38.96  (10/40)
[SI_bc_dqn] trial   7 complete     48.95/a  best    49.65  (8/40)
-- 41 min elapsed; ~1.6 h left, finishing ~06:14: AU_dqn 9/40 best 269.4 | SI_dqn 10/40 best 39.0 | AU_bc_dqn 8/40 best 286.4 | SI_bc_dqn 8/40 best 49.6
[AU_bc_dqn] trial   8 complete    286.32/a  best   286.43  (9/40)
[SI_dqn] trial  10 pruned at 3 hh     16.04/a  best    38.96  (11/40)
[SI_bc_dqn] trial   8 pruned at 3 hh     42.54/a  best    49.65  (9/40)
[AU_dqn] trial  10 pruned at 3 hh    260.94/a  best   269.39  (10/40)
[SI_bc_dqn] trial   9 pruned at 3 hh     42.86/a  best    49.65  (10/40)
[AU_bc_dqn] trial   9 complete    286.51/a  best   286.51  (10/40)
[AU_bc_dqn] trial  10 pruned at 3 hh    300.11/a  best   286.51  (11/40)
[AU_dqn] trial   9 complete    269.32/a  best   269.39  (11/40)
[SI_bc_dqn] trial  10 pruned at 3 hh     42.28/a  best    49.65  (11/40)
[SI_bc_dqn] trial  11 pruned at 3 hh     42.11/a  best    49.65  (12/40)
[SI_dqn] trial  12 complete     35.86/a  best    38.96  (12/40)
[AU_bc_dqn] trial  12 pruned at 3 hh    300.04/a  best   286.51  (12/40)
-- 51 min elapsed; ~1.4 h left, finishing ~06:10: AU_dqn 11/40 best 269.4 | SI_dqn 12/40 best 39.0 | AU_bc_dqn 12/40 best 286.5 | SI_bc_dqn 12/40 best 49.6
[AU_dqn] trial  11 complete    270.49/a  best   270.49  (12/40)
[AU_bc_dqn] trial  11 complete    286.49/a  best   286.51  (13/40)
[AU_bc_dqn] trial  13 pruned at 3 hh    299.96/a  best   286.51  (14/40)
[SI_dqn] trial  11 complete     41.30/a  best    41.30  (13/40)
[SI_bc_dqn] trial  12 complete     50.12/a  best    50.12  (13/40)
[AU_dqn] trial  12 complete    267.66/a  best   270.49  (13/40)
[AU_dqn] trial  13 pruned at 3 hh    278.23/a  best   270.49  (14/40)
[AU_bc_dqn] trial  15 pruned at 3 hh    300.19/a  best   286.51  (15/40)
[SI_bc_dqn] trial  13 complete     49.15/a  best    50.12  (14/40)
[SI_bc_dqn] trial  14 pruned at 3 hh     42.72/a  best    50.12  (15/40)
[SI_dqn] trial  13 complete     36.86/a  best    41.30  (14/40)
[AU_bc_dqn] trial  14 complete    286.50/a  best   286.51  (16/40)
-- 61 min elapsed; ~1.3 h left, finishing ~06:13: AU_dqn 14/40 best 270.5 | SI_dqn 14/40 best 41.3 | AU_bc_dqn 16/40 best 286.5 | SI_bc_dqn 15/40 best 50.1
[SI_bc_dqn] trial  15 pruned at 3 hh     42.91/a  best    50.12  (16/40)
[SI_bc_dqn] trial  16 pruned at 3 hh     42.25/a  best    50.12  (17/40)
[AU_dqn] trial  14 complete    271.30/a  best   271.30  (15/40)
[AU_bc_dqn] trial  17 pruned at 3 hh    299.96/a  best   286.51  (17/40)
[SI_bc_dqn] trial  17 pruned at 3 hh     42.25/a  best    50.12  (18/40)
[SI_dqn] trial  14 complete     39.75/a  best    41.30  (15/40)
[AU_dqn] trial  15 complete    271.96/a  best   271.96  (16/40)
[SI_dqn] trial  15 pruned at 3 hh     25.28/a  best    41.30  (16/40)
[SI_bc_dqn] trial  18 pruned at 3 hh     42.71/a  best    50.12  (19/40)
[AU_bc_dqn] trial  16 complete    286.93/a  best   286.93  (18/40)
[SI_bc_dqn] trial  19 pruned at 3 hh     23.88/a  best    50.12  (20/40)
[SI_bc_dqn] trial  20 pruned at 3 hh     38.45/a  best    50.12  (21/40)
-- 71 min elapsed; ~1.1 h left, finishing ~06:13: AU_dqn 16/40 best 272.0 | SI_dqn 16/40 best 41.3 | AU_bc_dqn 18/40 best 286.9 | SI_bc_dqn 21/40 best 50.1
[SI_bc_dqn] trial  21 pruned at 3 hh     41.85/a  best    50.12  (22/40)
[AU_dqn] trial  17 complete    265.50/a  best   271.96  (17/40)
[AU_bc_dqn] trial  18 complete    286.35/a  best   286.93  (19/40)
[SI_bc_dqn] trial  22 pruned at 3 hh     39.52/a  best    50.12  (23/40)
[SI_bc_dqn] trial  23 pruned at 3 hh     42.23/a  best    50.12  (24/40)
[SI_dqn] trial  16 complete     39.85/a  best    41.30  (17/40)
[AU_bc_dqn] trial  19 complete    286.77/a  best   286.93  (20/40)
[SI_bc_dqn] trial  24 pruned at 3 hh     42.67/a  best    50.12  (25/40)
[AU_dqn] trial  18 pruned at 3 hh    280.96/a  best   271.96  (18/40)
[AU_bc_dqn] trial  20 pruned at 3 hh    300.20/a  best   286.93  (21/40)
[SI_bc_dqn] trial  25 pruned at 3 hh     41.34/a  best    50.12  (26/40)
[AU_dqn] trial  16 complete    269.17/a  best   271.96  (19/40)
-- 81 min elapsed; ~1.0 h left, finishing ~06:16: AU_dqn 19/40 best 272.0 | SI_dqn 17/40 best 41.3 | AU_bc_dqn 21/40 best 286.9 | SI_bc_dqn 26/40 best 50.1
[SI_dqn] trial  17 complete     40.68/a  best    41.30  (18/40)
[SI_dqn] trial  18 pruned at 3 hh     24.05/a  best    41.30  (19/40)
[SI_bc_dqn] trial  26 pruned at 3 hh     42.49/a  best    50.12  (27/40)
[AU_dqn] trial  20 pruned at 3 hh    280.29/a  best   271.96  (20/40)
[SI_bc_dqn] trial  28 pruned at 3 hh     26.68/a  best    50.12  (28/40)
[AU_dqn] trial  19 complete    271.70/a  best   271.96  (21/40)
[AU_bc_dqn] trial  21 complete    286.18/a  best   286.93  (22/40)
[SI_bc_dqn] trial  27 complete     48.93/a  best    50.12  (29/40)
[AU_bc_dqn] trial  22 complete    286.45/a  best   286.93  (23/40)
-- 91 min elapsed; ~0.9 h left, finishing ~06:19: AU_dqn 21/40 best 272.0 | SI_dqn 19/40 best 41.3 | AU_bc_dqn 23/40 best 286.9 | SI_bc_dqn 29/40 best 50.1
[AU_dqn] trial  22 pruned at 3 hh    280.26/a  best   271.96  (22/40)
[SI_bc_dqn] trial  29 pruned at 3 hh     42.87/a  best    50.12  (30/40)
[SI_dqn] trial  19 complete     40.12/a  best    41.30  (20/40)
[SI_bc_dqn] trial  30 pruned at 3 hh     43.05/a  best    50.12  (31/40)
[AU_dqn] trial  21 complete    274.76/a  best   274.76  (23/40)
[SI_bc_dqn] trial  31 pruned at 3 hh     42.22/a  best    50.12  (32/40)
[AU_dqn] trial  23 pruned at 3 hh    277.13/a  best   274.76  (24/40)
[SI_dqn] trial  20 complete     39.45/a  best    41.30  (21/40)
[AU_bc_dqn] trial  23 complete    286.28/a  best   286.93  (24/40)
[SI_bc_dqn] trial  32 pruned at 3 hh     32.59/a  best    50.12  (33/40)
[SI_bc_dqn] trial  33 pruned at 3 hh     42.48/a  best    50.12  (34/40)
[SI_bc_dqn] trial  34 pruned at 3 hh     41.90/a  best    50.12  (35/40)
-- 101 min elapsed; ~0.7 h left, finishing ~06:22: AU_dqn 24/40 best 274.8 | SI_dqn 21/40 best 41.3 | AU_bc_dqn 24/40 best 286.9 | SI_bc_dqn 35/40 best 50.1
[AU_bc_dqn] trial  24 complete    287.22/a  best   287.22  (25/40)
[AU_bc_dqn] trial  25 pruned at 3 hh    300.33/a  best   287.22  (26/40)
[SI_bc_dqn] trial  35 pruned at 3 hh     42.88/a  best    50.12  (36/40)
[AU_dqn] trial  24 complete    271.76/a  best   274.76  (25/40)
[SI_dqn] trial  22 pruned at 3 hh     28.94/a  best    41.30  (22/40)
[SI_bc_dqn] trial  36 pruned at 3 hh     42.35/a  best    50.12  (37/40)
[AU_bc_dqn] trial  26 pruned at 3 hh    300.29/a  best   287.22  (27/40)
[AU_dqn] trial  25 complete    271.19/a  best   274.76  (26/40)
[SI_dqn] trial  21 complete     39.01/a  best    41.30  (23/40)
[SI_bc_dqn] trial  37 pruned at 3 hh     28.65/a  best    50.12  (38/40)
[SI_bc_dqn] trial  38 pruned at 3 hh     42.92/a  best    50.12  (39/40)
[SI_dqn] trial  23 pruned at 3 hh     30.50/a  best    41.30  (24/40)
[AU_bc_dqn] trial  27 complete    286.71/a  best   287.22  (28/40)
-- 111 min elapsed; ~0.6 h left, finishing ~06:22: AU_dqn 26/40 best 274.8 | SI_dqn 24/40 best 41.3 | AU_bc_dqn 28/40 best 287.2 | SI_bc_dqn 39/40 best 50.1
[AU_dqn] trial  26 complete    274.55/a  best   274.76  (27/40)
[AU_bc_dqn] trial  28 complete    287.39/a  best   287.39  (29/40)
[SI_bc_dqn] trial  39 complete     49.93/a  best    50.12  (40/40)
[AU_dqn] trial  27 complete    272.04/a  best   274.76  (28/40)
[SI_dqn] trial  24 complete     39.53/a  best    41.30  (25/40)
[AU_bc_dqn] trial  30 pruned at 3 hh    299.94/a  best   287.39  (30/40)
[SI_dqn] trial  25 complete     43.54/a  best    43.54  (26/40)
[AU_bc_dqn] trial  29 complete    286.67/a  best   287.39  (31/40)
[AU_dqn] trial  28 complete    271.26/a  best   274.76  (29/40)
[AU_bc_dqn] trial  31 pruned at 3 hh    299.94/a  best   287.39  (32/40)
-- 121 min elapsed; ~0.5 h left, finishing ~06:26: AU_dqn 29/40 best 274.8 | SI_dqn 26/40 best 43.5 | AU_bc_dqn 32/40 best 287.4 | SI_bc_dqn 40/40 best 50.1
[SI_dqn] trial  26 pruned at 3 hh     26.19/a  best    43.54  (27/40)
[AU_bc_dqn] trial  32 pruned at 3 hh    300.07/a  best   287.39  (33/40)
[AU_dqn] trial  29 complete    276.35/a  best   276.35  (30/40)
[AU_bc_dqn] trial  33 pruned at 3 hh    300.19/a  best   287.39  (34/40)
[SI_dqn] trial  27 complete     42.75/a  best    43.54  (28/40)
[SI_dqn] trial  28 pruned at 3 hh     30.46/a  best    43.54  (29/40)
[AU_bc_dqn] trial  35 pruned at 3 hh    300.13/a  best   287.39  (35/40)
[SI_dqn] trial  29 pruned at 3 hh     30.10/a  best    43.54  (30/40)
[AU_dqn] trial  30 complete    272.76/a  best   276.35  (31/40)
[AU_dqn] trial  31 pruned at 3 hh    282.16/a  best   276.35  (32/40)
[AU_bc_dqn] trial  34 complete    287.16/a  best   287.39  (36/40)
[AU_dqn] trial  32 pruned at 3 hh    276.92/a  best   276.35  (33/40)
-- 131 min elapsed; ~0.3 h left, finishing ~06:23: AU_dqn 33/40 best 276.3 | SI_dqn 30/40 best 43.5 | AU_bc_dqn 36/40 best 287.4 | SI_bc_dqn 40/40 best 50.1
[SI_dqn] trial  30 complete     39.89/a  best    43.54  (31/40)
[AU_bc_dqn] trial  37 pruned at 3 hh    299.72/a  best   287.39  (37/40)
[AU_dqn] trial  33 pruned at 3 hh    282.10/a  best   276.35  (34/40)
[AU_dqn] trial  34 pruned at 3 hh    282.99/a  best   276.35  (35/40)
[SI_dqn] trial  31 complete     43.28/a  best    43.54  (32/40)
[AU_bc_dqn] trial  36 complete    286.51/a  best   287.39  (38/40)
[AU_bc_dqn] trial  38 pruned at 3 hh    299.85/a  best   287.39  (39/40)
[AU_bc_dqn] trial  39 pruned at 3 hh    300.20/a  best   287.39  (40/40)
[SI_dqn] trial  32 complete     41.41/a  best    43.54  (33/40)
[AU_dqn] trial  35 complete    274.20/a  best   276.35  (36/40)
[AU_dqn] trial  36 complete    270.75/a  best   276.35  (37/40)
[SI_dqn] trial  33 complete     41.69/a  best    43.54  (34/40)
-- 142 min elapsed; ~0.1 h left, finishing ~06:25: AU_dqn 37/40 best 276.3 | SI_dqn 34/40 best 43.5 | AU_bc_dqn 40/40 best 287.4 | SI_bc_dqn 40/40 best 50.1
[AU_dqn] trial  38 pruned at 3 hh    280.11/a  best   276.35  (38/40)
[SI_dqn] trial  34 complete     46.79/a  best    46.79  (35/40)
[SI_dqn] trial  35 complete     42.32/a  best    46.79  (36/40)
[AU_dqn] trial  37 complete    274.31/a  best   276.35  (39/40)
[AU_dqn] trial  39 complete    273.06/a  best   276.35  (40/40)
[SI_dqn] trial  37 complete     42.57/a  best    46.79  (37/40)
[SI_dqn] trial  36 complete     42.75/a  best    46.79  (38/40)
[SI_dqn] trial  38 pruned at 3 hh     32.09/a  best    46.79  (39/40)
-- 153 min elapsed; ~0.0 h left, finishing ~06:29: AU_dqn 40/40 best 276.3 | SI_dqn 39/40 best 46.8 | AU_bc_dqn 40/40 best 287.4 | SI_bc_dqn 40/40 best 50.1
[SI_dqn] trial  39 complete     44.68/a  best    46.79  (40/40)
-- done in 156.1 min: AU_dqn 40/40 best 276.3 | SI_dqn 40/40 best 46.8 | AU_bc_dqn 40/40 best 287.4 | SI_bc_dqn 40/40 best 50.1
== stage 4: refine dqn / bc_dqn ==
-- 10 min elapsed; ~0.5 h left, finishing ~07:12: AU_dqn refine 47/96 | SI_dqn refine 47/96 | AU_bc_dqn refine 46/96 | SI_bc_dqn refine 46/96
-- 20 min elapsed; ~0.3 h left, finishing ~07:10: AU_dqn refine 64/96 | SI_dqn refine 64/96 | AU_bc_dqn refine 64/96 | SI_bc_dqn refine 64/96
-- 30 min elapsed; ~0.2 h left, finishing ~07:13: AU_dqn refine 79/96 | SI_dqn refine 78/96 | AU_bc_dqn refine 79/96 | SI_bc_dqn refine 78/96
-- 41 min elapsed; ~0.0 h left, finishing ~07:12: AU_dqn refine 96/96 | SI_dqn refine 96/96 | AU_bc_dqn refine 95/96 | SI_bc_dqn refine 96/96
-- done in 40.7 min: AU_dqn refine 96/96 | SI_dqn refine 96/96 | AU_bc_dqn refine 96/96 | SI_bc_dqn refine 96/96
[AU_dqn] winner: trial 29 (cabcb861c0ec3), 274.25/a vs incumbent 268.73/a (seed-averaged validation; Δ +5.52, p 0.008, 8/8 households better)
[SI_dqn] winner: trial 34 (ceb4ac863dee9), 46.08/a vs incumbent 36.83/a (seed-averaged validation; Δ +9.26, p 0.008, 8/8 households better)
[AU_bc_dqn] winner: trial 28 (cd4333a7fd3d6), 286.56/a vs incumbent 285.38/a (seed-averaged validation; Δ +1.18, p 0.008, 8/8 households better)
[SI_bc_dqn] winner: trial 13 (cfd8abfcbf212), 49.19/a vs incumbent 49.05/a (seed-averaged validation; Δ +0.14, p 0.844, 4/8 households better)
== stage 5: confirm on the study households (test year) ==
-- 10 min elapsed; ~1.4 h left, finishing ~08:49: AU_bc confirm 162/180 | SI_bc confirm 156/180 | AU_dqn confirm 25/180 | SI_dqn confirm 25/180 | AU_bc_dqn confirm 25/180 | SI_bc_dqn confirm 24/180
-- 20 min elapsed; ~1.2 h left, finishing ~08:47: AU_bc confirm 180/180 | SI_bc confirm 180/180 | AU_dqn confirm 50/180 | SI_dqn confirm 51/180 | AU_bc_dqn confirm 51/180 | SI_bc_dqn confirm 49/180
-- 30 min elapsed; ~1.1 h left, finishing ~08:48: AU_bc confirm 180/180 | SI_bc confirm 180/180 | AU_dqn confirm 70/180 | SI_dqn confirm 69/180 | AU_bc_dqn confirm 70/180 | SI_bc_dqn confirm 69/180
-- 40 min elapsed; ~1.0 h left, finishing ~08:50: AU_bc confirm 180/180 | SI_bc confirm 180/180 | AU_dqn confirm 86/180 | SI_dqn confirm 84/180 | AU_bc_dqn confirm 85/180 | SI_bc_dqn confirm 83/180
-- 50 min elapsed; ~0.8 h left, finishing ~08:52: AU_bc confirm 180/180 | SI_bc confirm 180/180 | AU_dqn confirm 101/180 | SI_dqn confirm 99/180 | AU_bc_dqn confirm 100/180 | SI_bc_dqn confirm 99/180
-- 60 min elapsed; ~0.7 h left, finishing ~08:54: AU_bc confirm 180/180 | SI_bc confirm 180/180 | AU_dqn confirm 116/180 | SI_dqn confirm 114/180 | AU_bc_dqn confirm 114/180 | SI_bc_dqn confirm 113/180
-- 71 min elapsed; ~0.5 h left, finishing ~08:55: AU_bc confirm 180/180 | SI_bc confirm 180/180 | AU_dqn confirm 130/180 | SI_dqn confirm 129/180 | AU_bc_dqn confirm 130/180 | SI_bc_dqn confirm 129/180
-- 81 min elapsed; ~0.4 h left, finishing ~08:56: AU_bc confirm 180/180 | SI_bc confirm 180/180 | AU_dqn confirm 145/180 | SI_dqn confirm 146/180 | AU_bc_dqn confirm 144/180 | SI_bc_dqn confirm 144/180
-- 91 min elapsed; ~0.2 h left, finishing ~08:56: AU_bc confirm 180/180 | SI_bc confirm 180/180 | AU_dqn confirm 161/180 | SI_dqn confirm 161/180 | AU_bc_dqn confirm 160/180 | SI_bc_dqn confirm 159/180
-- 101 min elapsed; ~0.1 h left, finishing ~08:57: AU_bc confirm 180/180 | SI_bc confirm 180/180 | AU_dqn confirm 176/180 | SI_dqn confirm 175/180 | AU_bc_dqn confirm 174/180 | SI_bc_dqn confirm 174/180
-- done in 105.0 min: AU_bc confirm 180/180 | SI_bc confirm 180/180 | AU_dqn confirm 180/180 | SI_dqn confirm 180/180 | AU_bc_dqn confirm 180/180 | SI_bc_dqn confirm 180/180
driver: not running
    study  households  complete  pruned  failed  running  waiting  incumbent_val  best_val    winner  winner_delta_val  confirmed_rows
    AU_bc          16       144       0       0        0        0         255.37    266.97 trial 135             10.39             180
AU_bc_dqn           8        23      17       0        0        0         286.12    287.39  trial 28              1.18             180
   AU_dqn           8        28      12       0        0        0         268.91    276.35  trial 29              5.52             180
    SI_bc          16       144       0       0        0        0          39.08     46.17  trial 59              7.07             180
SI_bc_dqn           8        12      28       0        0        0          49.65     50.12  trial 13              0.14             180
   SI_dqn           8        28      12       0        0        0          36.46     46.79  trial 34              9.26             180

AU_bc: winner trial 135 -- validation 266.33/a vs incumbent 255.93/a, Δ +10.39 (p 0.000, 16/16 households)

AU_bc_dqn: winner trial 28 -- validation 286.56/a vs incumbent 285.38/a, Δ +1.18 (p 0.008, 8/8 households)

AU_dqn: winner trial 29 -- validation 274.25/a vs incumbent 268.73/a, Δ +5.52 (p 0.008, 8/8 households)

SI_bc: winner trial 59 -- validation 45.88/a vs incumbent 38.81/a, Δ +7.07 (p 0.000, 15/16 households)

SI_bc_dqn: winner trial 13 -- validation 49.19/a vs incumbent 49.05/a, Δ +0.14 (p 0.844, 4/8 households)

SI_dqn: winner trial 34 -- validation 46.08/a vs incumbent 36.83/a, Δ +9.26 (p 0.008, 8/8 households)

TEST YEAR, 30 study households, winner vs the panel's settings (gain = lower bill + wear per year, seed-averaged):
    study tariff method  n  seeds   gain     lo     hi     p  n_better  efc_current  efc_winner  p_holm
    AU_bc     AU     bc 30      3 29.432 14.831 46.613 0.000        25      190.858     191.437   0.000
AU_bc_dqn     AU bc_dqn 30      3 22.438 12.836 33.189 0.000        26      193.040     189.203   0.000
   AU_dqn     AU    dqn 30      3 10.688  6.994 14.330 0.000        26      180.700     171.390   0.000
    SI_bc     SI     bc 30      3  3.390  0.701  6.221 0.045        19      126.999      89.835   0.090
SI_bc_dqn     SI bc_dqn 30      3  6.967  1.945 12.535 0.105        18      115.486      95.423   0.105
   SI_dqn     SI    dqn 30      3 17.262 13.143 21.512 0.000        28       82.862     131.338   0.000

winners as TUNED entries (only fields that differ from the TrainConfig / BCOptions defaults; paste by hand, then re-run the panel):
    ('AU', 'bc'): {'lr': 0.003562, 'hidden': 64, 'clone_batch': 128, 'clone_weight_decay': 0.0001, 'clone_class_power': 0.135694, 'clone_label_smoothing': 0.05, 'clone_patience': 5},
    ('AU', 'bc_dqn'): {'gamma': 0.993265, 'bc_reg': 2.223648, 'hidden': 64, 'clone_lr': 0.003562, 'clone_batch': 128, 'clone_weight_decay': 0.0001, 'clone_class_power': 0.135694, 'clone_label_smoothing': 0.05, 'clone_patience': 5, 'lr': 0.001502, 'n_step': 4, 'batch': 256, 'target_sync': 10000, 'eps_decay_frac': 0.294083, 'reward_scale': 65.76495, 'bc_reg_decay_frac': 0.990467, 'bc_guide_prob': 0.161937},
    ('AU', 'dqn'): {'gamma': 0.994214, 'n_step': 16, 'lr': 0.000136, 'batch': 256, 'hidden': 64, 'buffer': 400000, 'eps_end': 0.086204, 'eps_decay_frac': 0.285571, 'reward_scale': 20.080039, 'episode_days': 14},
    ('SI', 'bc'): {'lr': 0.000307, 'hidden': 64, 'clone_batch': 1024, 'clone_weight_decay': 1e-06, 'clone_class_power': 0.090696, 'clone_label_smoothing': 0.1, 'clone_patience': 20},
    ('SI', 'bc_dqn'): {'gamma': 0.995026, 'bc_reg': 0.480292, 'hidden': 64, 'clone_lr': 0.000307, 'clone_batch': 1024, 'clone_weight_decay': 1e-06, 'clone_class_power': 0.090696, 'clone_label_smoothing': 0.1, 'clone_patience': 20, 'lr': 0.000917, 'eps_decay_frac': 0.302214, 'reward_scale': 10.638987, 'bc_reg_decay_frac': 0.526761, 'bc_guide_prob': 0.255175},
    ('SI', 'dqn'): {'gamma': 0.998689, 'n_step': 4, 'lr': 0.000118, 'hidden': 256, 'target_sync': 5000, 'update_every': 4, 'eps_end': 0.093137, 'eps_decay_frac': 0.298193, 'reward_scale': 79.08254, 'episode_days': 14},
ALL DONE (all, 329.6 min)
